[run] C:\Users\tsune\current_measurement\venv\Scripts\python.exe C:\Users\tsune\logbot\tools\logbot-usb\logbot_usb.py cycle --wait 1.0
COM11: VBUS OFF, 1.0ç§’å¾…æ©Ÿ...
COM11: VBUS ON (å¾©å¸°)
[phase0] arduino-cli ‚Å nrf_power_test_all ¨ COM64 ‘‚«‚İ
[fallback] compile_and_upload_v5 ¸”s ¨ logbot-ctl reset --double Œo—R‚Å retry
[main] EXCEPTION: “d—¬‘ª’è—p firmware ‘‚«‚İ¸”s: marker=Target is not in DFU mode, stderr_tail=[]
[run] C:\Users\tsune\current_measurement\venv\Scripts\python.exe C:\Users\tsune\logbot\tools\logbot-usb\logbot_usb.py on
COM11: VBUS ON (ãƒªãƒ¬ãƒ¼é–‰)
[run] C:\Users\tsune\current_measurement\venv\Scripts\python.exe C:\Users\tsune\logbot\tools\logbot-usb\logbot_usb.py cycle --wait 1.0
COM11: VBUS OFF, 1.0ç§’å¾…æ©Ÿ...
COM11: VBUS ON (å¾©å¸°)
[verify] starting: C:\Users\tsune\current_measurement\venv\Scripts\python.exe C:\Users\tsune\current_measurement\screening\screening_verify.py --pair-id 10 --v5-port COM64 --if-port COM63 --duration-sec 90.0 --out-prefix screening_pair10_20260725-191523
[verify] arduino-cli ‚Å nrf_wifi_connection_test ¨ COM64 ‘‚«‚İ
[serial] nRF52840 WiFiÚ‘±Šm”FƒeƒXƒgƒvƒƒOƒ‰ƒ€
[serial] 5•bŠÔŠu‚Å©“®ƒXƒLƒƒƒ“‚ğÀs‚µ‚Ü‚·
[serial] ========================================
[serial] WiFiÚ‘±Šm”FƒeƒXƒg
[serial] ========================================
[serial] ESP32 “dŒ¹ON...
[serial]   <- READY óM (415ms)
[serial] WiFiƒXƒLƒƒƒ“ŠJn (10•b)...
[serial]   <- OK SCAN 10000
[serial]   <- BEGIN_SCAN 10000 300
[serial]   <- DEV 00:1D:73:C9:61:B0 RSSI -82 TYPE P SSID c73f88_n
[serial]   <- DEV 00:24:A5:65:CD:C0 RSSI -52 TYPE B SSID matsushita_lab
[serial]   <- DEV 04:C4:61:BB:9E:71 RSSI -86 TYPE B SSID DaikinAP77240
[serial]   <- DEV 04:D4:C4:C4:72:78 RSSI -83 TYPE B SSID research_ap
[serial]   <- DEV 1C:7C:98:C0:2E:CA RSSI -83 TYPE B SSID aterm-0e0553-5p
[serial]   <- DEV 26:7C:98:C0:2E:CA RSSI -81 TYPE B SSID <hidden>
[serial]   <- DEV 2C:1A:05:D5:75:A3 RSSI -82 TYPE B SSID <hidden>
[serial]   <- DEV 2C:1A:05:D5:75:A4 RSSI -81 TYPE B SSID odins-visitor-1x
[serial]   <- DEV 2C:1A:05:D5:75:A5 RSSI -84 TYPE B SSID Wi2_OpenRoaming
[serial]   <- DEV 2C:1A:05:D5:9C:60 RSSI -48 TYPE B SSID Wi2eap
[serial]   <- DEV 2C:1A:05:D5:9C:61 RSSI -49 TYPE B SSID eduroam
[serial]   <- DEV 2C:1A:05:D5:9C:62 RSSI -49 TYPE B SSID odins-1x
[serial]   <- DEV 2C:1A:05:D5:9C:63 RSSI -48 TYPE B SSID <hidden>
[serial]   <- DEV 2C:1A:05:D5:9C:64 RSSI -48 TYPE B SSID odins-visitor-1x
[serial]   <- DEV 2C:1A:05:D5:9C:65 RSSI -48 TYPE B SSID Wi2_OpenRoaming
[serial]   <- DEV 2E:A4:2A:71:A5:F6 RSSI -60 TYPE P SSID <broadcast>
[serial]   <- DEV 3A:77:07:6A:CD:27 RSSI -77 TYPE B SSID eufy Clean X10 Pro Omni-CD27
[serial]   <- DEV 60:84:BD:F1:C5:28 RSSI -76 TYPE B SSID Buffalo-G-C528
[serial]   <- DEV 60:84:BD:F2:D3:40 RSSI -60 TYPE B SSID ap-2_bigdata-lab
[serial]   <- DEV 60:84:BD:F3:23:20 RSSI -60 TYPE B SSID ap-3_bigdata-lab
[serial]   <- DEV 60:84:BD:F3:69:30 RSSI -52 TYPE B SSID ap-1_bigdata-lab
[serial]   <- DEV 6C:8D:77:7F:F5:60 RSSI -76 TYPE B SSID Wi2eap
[serial]   <- DEV 6C:8D:77:7F:F5:61 RSSI -79 TYPE B SSID eduroam
[serial]   <- DEV 6C:8D:77:7F:F5:62 RSSI -77 TYPE B SSID odins-1x
[serial]   <- DEV 6C:8D:77:7F:F5:63 RSSI -79 TYPE B SSID <hidden>
[serial]   <- DEV 6C:8D:77:7F:F5:64 RSSI -79 TYPE B SSID odins-visitor-1x
[serial]   <- DEV 6C:8D:77:7F:F5:65 RSSI -80 TYPE B SSID Wi2_OpenRoaming
[serial]   <- DEV 6C:E4:DA:15:56:66 RSSI -73 TYPE B SSID aterm-7ab32d-g
[serial]   <- DEV 80:91:33:12:D8:08 RSSI -59 TYPE B SSID DaikinAP53338
[serial]   <- DEV 80:91:33:13:1D:D3 RSSI -57 TYPE B SSID DaikinAP24806
[serial]   <- DEV 80:91:33:13:8E:70 RSSI -50 TYPE B SSID DaikinAP40122
[serial]   <- DEV 84:78:48:E4:53:E5 RSSI -80 TYPE B SSID <hidden>
[serial]   <- DEV 84:F1:47:17:04:A4 RSSI -84 TYPE B SSID odins-visitor-1x
[serial]   <- DEV 84:F1:47:33:74:60 RSSI -81 TYPE B SSID Wi2eap
[serial]   <- DEV 84:F1:47:33:74:61 RSSI -82 TYPE B SSID eduroam
[serial]   <- DEV 84:F1:47:33:74:62 RSSI -84 TYPE B SSID odins-1x
[serial]   <- DEV 84:F1:47:33:74:63 RSSI -81 TYPE B SSID <hidden>
[serial]   <- DEV 84:F1:47:33:74:65 RSSI -81 TYPE B SSID Wi2_OpenRoaming
[serial]   <- DEV 88:57:EE:CA:CA:A0 RSSI -85 TYPE B SSID MATAP
[serial]   <- DEV 88:57:EE:CA:CA:A1 RSSI -88 TYPE B SSID MAT
[serial]   <- DEV 8A:78:48:E4:53:E5 RSSI -78 TYPE B SSID Higashi-AX
[serial]   <- DEV 8E:78:48:E4:53:E5 RSSI -78 TYPE B SSID mc-lab-wireless
[serial]   <- DEV 9A:A6:7E:74:8A:D5 RSSI -85 TYPE B SSID mlab-wireless6
[serial]   <- DEV AC:44:F2:54:D7:58 RSSI -72 TYPE B SSID waka-lab-2.4G
[serial]   <- DEV AC:44:F2:54:D7:59 RSSI -75 TYPE B SSID waka-lab-guest
[serial]   <- DEV B8:FB:B3:80:84:D6 RSSI -71 TYPE B SSID SaruRoom
[serial]   <- DEV BC:C3:42:0E:54:30 RSSI -84 TYPE P SSID 001601C6DF45_G
[serial]   <- DEV BC:C3:42:20:D8:08 RSSI -69 TYPE P SSID Higashi-Lab-AM
[serial]   <- DEV C0:25:A2:F3:7B:5E RSSI -80 TYPE B SSID aterm-171a0c-g
[serial]   <- DEV C4:3C:EA:8F:D8:81 RSSI -55 TYPE B SSID <hidden>
[serial]   <- DEV C6:3C:EA:8F:D8:83 RSSI -58 TYPE B SSID ap-4_2G_bigdata-lab
[serial]   <- DEV C6:3C:EA:8F:D8:84 RSSI -55 TYPE B SSID ap-4_2G_bigdata-lab-WPA3
[serial]   <- DEV DA:FB:B3:80:84:D6 RSSI -72 TYPE B SSID <hidden>
[serial]   <- DEV EC:F0:0E:63:8A:59 RSSI -79 TYPE P SSID <broadcast>
[serial]   <- DEV F4:D1:08:B1:86:51 RSSI -82 TYPE B SSID DIRECT-Cynap-Pure-01097504-QsXw
[serial]   <- DEV F8:16:0C:3E:C4:E1 RSSI -80 TYPE B SSID eufy Clean-B-C4E1
[serial]   <- DEV F8:94:97:0B:48:E1 RSSI -89 TYPE B SSID <hidden>
[serial]   <- DEV F8:94:97:0B:48:E2 RSSI -85 TYPE B SSID Buffalo-2G-48E0-WPA3
[serial]   <- DEV FE:19:28:76:A4:B8 RSSI -81 TYPE B SSID Pro 2 D15_2876A4B8
[serial]   <- SUMMARY DEVICES 59 CLOSE 18 FAR 41
[serial]   <- TARGET F4:BE:EC:1E:9D:AA NOTFOUND
[serial]   <- TARGET FA:13:E8:24:36:16 NOTFOUND
[serial]   <- END_SCAN
[serial] ----------------------------------------
[serial] 59‘ä‚ÌƒfƒoƒCƒX‚ğŒŸo
[serial] -> ƒeƒXƒgOK
[serial] ========================================
[serial] ========================================
[serial] WiFiÚ‘±Šm”FƒeƒXƒg
[serial] ========================================
[serial] ESP32 “dŒ¹ON...
[serial]   <- READY óM (411ms)
[serial] WiFiƒXƒLƒƒƒ“ŠJn (10•b)...
[serial]   <- OK SCAN 10000
[serial]   <- BEGIN_SCAN 10000 300
{"pair_id": 10, "v5_port": "COM64", "upload": {"cmd": "arduino-cli compile --fqbn adafruit:nrf52:feather52840 -u -p COM72 C:\\Users\\tsune\\logbot\\LogbotArduinoCode\\logbot-v5\\v5_umineko_wifi_2026\\nrf_wifi_connection_test", "v5_port_arg": "COM64", "trigger_1200_baud": false, "dfu_port_detected": "COM72", "upload_port_used": "COM72", "returncode": 0, "success": true, "failure_marker": null, "stdout_tail": ["Sketch uses 54992 bytes (6%) of program storage space. Maximum is 815104 bytes.", "Global variables use 8220 bytes (3%) of dynamic memory, leaving 229348 bytes for local variables. Maximum is 237568 bytes.", "Upgrading target on COM72 with DFU package C:\\Users\\tsune\\AppData\\Local\\arduino\\sketches\\EA89A51AC28C3851A7CADCDE3FE70ED5\\nrf_wifi_connection_test.ino.zip. Flow control is disabled, Single bank, Touch disabled", "########################################", "########################################", "############################", "Activating new firmware", "Device programmed."], "stderr_tail": []}, "duration_sec": 90.0, "min_testok": 3, "ok_count": 1, "last_error": "serial read error: ClearCommError failed (PermissionError(13, 'ƒfƒoƒCƒX‚ªƒRƒ}ƒ“ƒh‚ğ”F¯‚Å‚«‚Ü‚¹‚ñB', None, 22))", "log_line_count": 85, "pass": false, "verify_path": "C:\\Users\\tsune\\current_measurement\\screening\\data\\screening_pair10_20260725-191523_verify.json", "log_tail": [{"ts": "2026-07-25T19:17:21.937", "line": "  <- TARGET F4:BE:EC:1E:9D:AA NOTFOUND"}, {"ts": "2026-07-25T19:17:21.977", "line": "  <- TARGET FA:13:E8:24:36:16 NOTFOUND"}, {"ts": "2026-07-25T19:17:21.977", "line": "  <- END_SCAN"}, {"ts": "2026-07-25T19:17:21.977", "line": "----------------------------------------"}, {"ts": "2026-07-25T19:17:21.977", "line": "59‘ä‚ÌƒfƒoƒCƒX‚ğŒŸo"}, {"ts": "2026-07-25T19:17:21.977", "line": "-> ƒeƒXƒgOK"}, {"ts": "2026-07-25T19:17:21.977", "line": "========================================"}, {"ts": "2026-07-25T19:17:26.978", "line": "========================================"}, {"ts": "2026-07-25T19:17:26.978", "line": "WiFiÚ‘±Šm”FƒeƒXƒg"}, {"ts": "2026-07-25T19:17:26.978", "line": "========================================"}, {"ts": "2026-07-25T19:17:26.978", "line": "ESP32 “dŒ¹ON..."}, {"ts": "2026-07-25T19:17:27.388", "line": "  <- READY óM (411ms)"}, {"ts": "2026-07-25T19:17:27.942", "line": "WiFiƒXƒLƒƒƒ“ŠJn (10•b)..."}, {"ts": "2026-07-25T19:17:27.942", "line": "  <- OK SCAN 10000"}, {"ts": "2026-07-25T19:17:27.942", "line": "  <- BEGIN_SCAN 10000 300"}]}

[done] meta saved: C:\Users\tsune\current_measurement\screening\data\screening_pair10_20260725-191523_meta.json
[done] CSV –¢¶¬ or ‹ó (C:\Users\tsune\current_measurement\screening\data\screening_pair10_20260725-191523.csv)
