[run] C:\Users\tsune\current_measurement\venv\Scripts\python.exe C:\Users\tsune\logbot\tools\logbot-usb\logbot_usb.py cycle --wait 1.0
COM11: VBUS OFF, 1.0ç§’å¾…æ©Ÿ...
COM11: VBUS ON (å¾©å¸°)
[phase0] arduino-cli ‚Å nrf_power_test_all ¨ COM41 ‘‚«‚İ
[run] C:\Users\tsune\current_measurement\venv\Scripts\python.exe C:\Users\tsune\logbot\tools\logbot-ctl\logbot_ctl.py info COM40
[run] C:\Users\tsune\current_measurement\venv\Scripts\python.exe C:\Users\tsune\logbot\tools\logbot-ctl\logbot_ctl.py tm COM40
COM40: RTC synced to PC time
[run] (background) C:\Users\tsune\current_measurement\venv\Scripts\python.exe C:\Users\tsune\current_measurement\current_monitor.py --headless --port COM10 --baud 9600 --csv C:\Users\tsune\current_measurement\screening\data\screening_pair05_20260718-180114.csv
[current_monitor headless] port=COM10 baud=9600 csv=C:\Users\tsune\current_measurement\screening\data\screening_pair05_20260718-180114.csv
[run] C:\Users\tsune\current_measurement\venv\Scripts\python.exe C:\Users\tsune\logbot\tools\logbot-ctl\logbot_ctl.py reset COM40
COM40: CPU RESET pulsed (100ms)
[run] C:\Users\tsune\current_measurement\venv\Scripts\python.exe C:\Users\tsune\logbot\tools\logbot-usb\logbot_usb.py off
COM11: VBUS OFF (ãƒªãƒ¬ãƒ¼é–‹)
[wait sequence] c‚è 120s / 150s
[wait sequence] c‚è 90s / 150s
[wait sequence] c‚è 60s / 150s
[wait sequence] c‚è 30s / 150s
[run] C:\Users\tsune\current_measurement\venv\Scripts\python.exe C:\Users\tsune\logbot\tools\logbot-usb\logbot_usb.py on
COM11: VBUS ON (ãƒªãƒ¬ãƒ¼é–‰)
[run] C:\Users\tsune\current_measurement\venv\Scripts\python.exe C:\Users\tsune\logbot\tools\logbot-usb\logbot_usb.py cycle --wait 1.0
COM11: VBUS OFF, 1.0ç§’å¾…æ©Ÿ...
COM11: VBUS ON (å¾©å¸°)
[verify] starting: C:\Users\tsune\current_measurement\venv\Scripts\python.exe C:\Users\tsune\current_measurement\screening\screening_verify.py --pair-id 5 --v5-port COM41 --duration-sec 90.0 --out-prefix screening_pair05_20260718-180114
[verify] arduino-cli ‚Å nrf_wifi_connection_test ¨ COM41 ‘‚«‚İ
[serial] nRF52840 WiFiÚ‘±Šm”FƒeƒXƒgƒvƒƒOƒ‰ƒ€
[serial] 5•bŠÔŠu‚Å©“®ƒXƒLƒƒƒ“‚ğÀs‚µ‚Ü‚·
[serial] ========================================
[serial] WiFiÚ‘±Šm”FƒeƒXƒg
[serial] ========================================
[serial] ESP32 “dŒ¹ON...
[serial]   <- READY óM (411ms)
[serial] WiFiƒXƒLƒƒƒ“ŠJn (10•b)...
[serial]   <- OK SCAN 10000
[serial]   <- BEGIN_SCAN 10000 300
[serial]   <- DEV 00:1D:73:C9:61:B0 RSSI -84 TYPE P SSID c73f88_n
[serial]   <- DEV 00:24:A5:65:CD:C0 RSSI -60 TYPE B SSID matsushita_lab
[serial]   <- DEV 04:D4:C4:C4:72:78 RSSI -89 TYPE B SSID research_ap
[serial]   <- DEV 08:BF:B8:8D:79:70 RSSI -80 TYPE B SSID icn-wireless00
[serial]   <- DEV 18:EC:E7:25:6D:04 RSSI -90 TYPE B SSID Extender-G-6D04
[serial]   <- DEV 1C:7C:98:C0:2E:CA RSSI -85 TYPE B SSID aterm-0e0553-5p
[serial]   <- DEV 22:7C:98:C0:2E:CA RSSI -92 TYPE B SSID aterm-0e0553-5s
[serial]   <- DEV 24:0A:64:E0:C7:92 RSSI -91 TYPE P SSID InnovationCafe
[serial]   <- DEV 2C:1A:05:D5:9C:60 RSSI -54 TYPE B SSID Wi2eap
[serial]   <- DEV 2C:1A:05:D5:9C:61 RSSI -54 TYPE B SSID eduroam
[serial]   <- DEV 2C:1A:05:D5:9C:62 RSSI -53 TYPE B SSID odins-1x
[serial]   <- DEV 2C:1A:05:D5:9C:63 RSSI -54 TYPE B SSID <hidden>
[serial]   <- DEV 2C:1A:05:D5:9C:64 RSSI -53 TYPE B SSID odins-visitor-1x
[serial]   <- DEV 2C:1A:05:D5:9C:65 RSSI -53 TYPE B SSID Wi2_OpenRoaming
[serial]   <- DEV 34:B8:83:64:BD:A0 RSSI -83 TYPE B SSID Wi2eap
[serial]   <- DEV 34:B8:83:64:BD:A1 RSSI -84 TYPE B SSID eduroam
[serial]   <- DEV 34:B8:83:64:BD:A2 RSSI -84 TYPE B SSID odins-1x
[serial]   <- DEV 34:B8:83:64:BD:A3 RSSI -84 TYPE B SSID <hidden>
[serial]   <- DEV 34:B8:83:64:BD:A4 RSSI -84 TYPE B SSID odins-visitor-1x
[serial]   <- DEV 34:B8:83:64:BD:A5 RSSI -83 TYPE B SSID Wi2_OpenRoaming
[serial]   <- DEV 50:C4:DD:AD:45:A8 RSSI -94 TYPE B SSID Buffalo-G-45A8
[serial]   <- DEV 54:07:7D:78:14:02 RSSI -84 TYPE B SSID melab-2g
[serial]   <- DEV 54:07:7D:78:2F:02 RSSI -84 TYPE B SSID melab-2g
[serial]   <- DEV 54:07:7D:78:50:41 RSSI -81 TYPE B SSID melab-2g
[serial]   <- DEV 54:9B:49:3C:14:12 RSSI -88 TYPE B SSID aterm-7e5222-5p
[serial]   <- DEV 5A:9B:49:3C:14:12 RSSI -89 TYPE B SSID aterm-7e5222-5s
[serial]   <- DEV 60:84:BD:F1:C5:28 RSSI -82 TYPE B SSID Buffalo-G-C528
[serial]   <- DEV 60:84:BD:F2:D3:40 RSSI -59 TYPE B SSID ap-2_bigdata-lab
[serial]   <- DEV 60:84:BD:F3:23:20 RSSI -62 TYPE B SSID ap-3_bigdata-lab
[serial]   <- DEV 60:84:BD:F3:69:30 RSSI -58 TYPE B SSID ap-1_bigdata-lab
[serial]   <- DEV 60:CF:84:48:3D:70 RSSI -67 TYPE B SSID <hidden>
[serial]   <- DEV 64:A5:C3:68:66:8C RSSI -92 TYPE B SSID ISTC524HS
[serial]   <- DEV 68:E1:DC:80:6B:68 RSSI -90 TYPE B SSID <hidden>
[serial]   <- DEV 6C:8D:77:7F:F5:60 RSSI -84 TYPE B SSID Wi2eap
[serial]   <- DEV 6C:8D:77:7F:F5:61 RSSI -83 TYPE B SSID eduroam
[serial]   <- DEV 6C:8D:77:7F:F5:62 RSSI -84 TYPE B SSID odins-1x
[serial]   <- DEV 6C:8D:77:7F:F5:63 RSSI -84 TYPE B SSID <hidden>
[serial]   <- DEV 6C:8D:77:7F:F5:64 RSSI -83 TYPE B SSID odins-visitor-1x
[serial]   <- DEV 6C:8D:77:7F:F5:65 RSSI -84 TYPE B SSID Wi2_OpenRoaming
[serial]   <- DEV 6C:E4:DA:15:56:66 RSSI -83 TYPE B SSID aterm-7ab32d-g
[serial]   <- DEV 6C:E4:DA:4F:03:4E RSSI -85 TYPE B SSID aterm-39740f-g
[serial]   <- DEV 80:91:33:12:D8:08 RSSI -51 TYPE B SSID DaikinAP53338
[serial]   <- DEV 80:91:33:13:1D:D3 RSSI -60 TYPE B SSID DaikinAP24806
[serial]   <- DEV 80:91:33:13:8E:70 RSSI -52 TYPE B SSID DaikinAP40122
[serial]   <- DEV 84:78:48:E4:53:E5 RSSI -82 TYPE B SSID <hidden>
[serial]   <- DEV 84:78:48:E4:55:19 RSSI -87 TYPE B SSID Higashi-AX
[serial]   <- DEV 84:F1:47:33:74:60 RSSI -85 TYPE B SSID Wi2eap
[serial]   <- DEV 84:F1:47:33:74:61 RSSI -85 TYPE B SSID eduroam
[serial]   <- DEV 84:F1:47:33:74:62 RSSI -85 TYPE B SSID odins-1x
[serial]   <- DEV 84:F1:47:33:74:63 RSSI -86 TYPE B SSID <hidden>
[serial]   <- DEV 84:F1:47:33:74:64 RSSI -85 TYPE B SSID odins-visitor-1x
[serial]   <- DEV 84:F1:47:33:74:65 RSSI -84 TYPE B SSID Wi2_OpenRoaming
[serial]   <- DEV 8A:78:48:E4:53:E5 RSSI -82 TYPE B SSID Higashi-AX
[serial]   <- DEV 8A:78:48:E4:55:19 RSSI -86 TYPE B SSID mc-lab-wireless
[serial]   <- DEV 8E:78:48:E4:53:E5 RSSI -82 TYPE B SSID mc-lab-wireless
[serial]   <- DEV 8E:78:48:E4:55:19 RSSI -88 TYPE B SSID <hidden>
[serial]   <- DEV 9A:A6:7E:74:8A:D5 RSSI -87 TYPE B SSID mlab-wireless6
[serial]   <- DEV 9A:CF:84:48:3D:71 RSSI -67 TYPE B SSID MAELANLAB
[serial]   <- DEV 9C:97:1B:3C:53:D4 RSSI -50 TYPE P SSID <broadcast>
[serial]   <- DEV 9E:A6:7E:74:8A:D5 RSSI -84 TYPE B SSID <hidden>
[serial]   <- DEV AC:44:F2:54:D7:58 RSSI -84 TYPE B SSID waka-lab-2.4G
[serial]   <- DEV AC:44:F2:54:D7:59 RSSI -84 TYPE B SSID waka-lab-guest
[serial]   <- DEV AC:44:F2:73:1F:0A RSSI -82 TYPE B SSID devap
[serial]   <- DEV BC:C3:42:20:D8:08 RSSI -75 TYPE P SSID Higashi-Lab-AM
[serial]   <- DEV C4:3C:EA:8F:D8:81 RSSI -59 TYPE B SSID <hidden>
[serial]   <- DEV C6:3C:EA:8F:D8:83 RSSI -61 TYPE B SSID ap-4_2G_bigdata-lab
[serial]   <- DEV C6:3C:EA:8F:D8:84 RSSI -61 TYPE B SSID ap-4_2G_bigdata-lab-WPA3
[serial]   <- DEV EC:F0:0E:63:8A:59 RSSI -92 TYPE P SSID ASMOUNTAINS_MAE_ACNA
[serial]   <- DEV F4:D1:08:B1:86:51 RSSI -83 TYPE B SSID DIRECT-Cynap-Pure-01097504-QsXw
[serial]   <- DEV F8:16:0C:3E:C4:E1 RSSI -88 TYPE B SSID eufy Clean-B-C4E1
[serial]   <- DEV F8:94:97:0B:48:E1 RSSI -91 TYPE B SSID <hidden>
[serial]   <- DEV F8:94:97:0B:48:E2 RSSI -90 TYPE B SSID Buffalo-2G-48E0-WPA3
[serial]   <- DEV FE:00:4E:19:5E:C5 RSSI -65 TYPE P SSID <broadcast>
[serial]   <- SUMMARY DEVICES 73 CLOSE 20 FAR 53
[serial]   <- TARGET F4:BE:EC:1E:9D:AA NOTFOUND
[serial]   <- TARGET FA:13:E8:24:36:16 NOTFOUND
[serial]   <- END_SCAN
[serial] ----------------------------------------
[serial] 73‘ä‚ÌƒfƒoƒCƒX‚ğŒŸo
[serial] -> ƒeƒXƒgOK
[serial] ========================================
[serial] ========================================
[serial] WiFiÚ‘±Šm”FƒeƒXƒg
[serial] ========================================
[serial] ESP32 “dŒ¹ON...
[serial]   <- READY óM (411ms)
[serial] WiFiƒXƒLƒƒƒ“ŠJn (10•b)...
[serial]   <- OK SCAN 10000
[serial]   <- BEGIN_SCAN 10000 300
[serial]   <- DEV 00:1D:73:C9:61:B0 RSSI -84 TYPE P SSID c73f88_n
[serial]   <- DEV 00:24:A5:65:CD:C0 RSSI -59 TYPE B SSID matsushita_lab
[serial]   <- DEV 04:D4:C4:C4:72:78 RSSI -84 TYPE B SSID research_ap
[serial]   <- DEV 18:EC:E7:25:6D:04 RSSI -88 TYPE B SSID Extender-G-6D04
[serial]   <- DEV 1C:7C:98:C0:2E:CA RSSI -85 TYPE B SSID aterm-0e0553-5p
[serial]   <- DEV 22:7C:98:C0:2E:CA RSSI -89 TYPE B SSID aterm-0e0553-5s
[serial]   <- DEV 2C:1A:05:D5:9C:60 RSSI -53 TYPE B SSID Wi2eap
[serial]   <- DEV 2C:1A:05:D5:9C:61 RSSI -53 TYPE B SSID eduroam
[serial]   <- DEV 2C:1A:05:D5:9C:62 RSSI -54 TYPE B SSID odins-1x
[serial]   <- DEV 2C:1A:05:D5:9C:63 RSSI -53 TYPE B SSID <hidden>
[serial]   <- DEV 2C:1A:05:D5:9C:64 RSSI -55 TYPE B SSID odins-visitor-1x
[serial]   <- DEV 2C:1A:05:D5:9C:65 RSSI -53 TYPE B SSID Wi2_OpenRoaming
[serial]   <- DEV 34:B8:83:64:BD:A0 RSSI -84 TYPE B SSID Wi2eap
[serial]   <- DEV 34:B8:83:64:BD:A1 RSSI -84 TYPE B SSID eduroam
[serial]   <- DEV 34:B8:83:64:BD:A2 RSSI -84 TYPE B SSID odins-1x
[serial]   <- DEV 34:B8:83:64:BD:A3 RSSI -85 TYPE B SSID <hidden>
[serial]   <- DEV 34:B8:83:64:BD:A4 RSSI -83 TYPE B SSID odins-visitor-1x
[serial]   <- DEV 34:B8:83:64:BD:A5 RSSI -83 TYPE B SSID Wi2_OpenRoaming
[serial]   <- DEV 3A:09:B1:5B:1C:2A RSSI -90 TYPE P SSID <broadcast>
[serial]   <- DEV 54:07:7D:78:14:02 RSSI -86 TYPE B SSID melab-2g
[serial]   <- DEV 54:07:7D:78:50:41 RSSI -83 TYPE B SSID melab-2g
[serial]   <- DEV 5A:9B:49:3C:14:12 RSSI -90 TYPE B SSID aterm-7e5222-5s
[serial]   <- DEV 60:84:BD:F1:C5:28 RSSI -81 TYPE B SSID Buffalo-G-C528
[serial]   <- DEV 60:84:BD:F2:D3:40 RSSI -60 TYPE B SSID ap-2_bigdata-lab
[serial]   <- DEV 60:84:BD:F3:23:20 RSSI -61 TYPE B SSID ap-3_bigdata-lab
[serial]   <- DEV 60:84:BD:F3:69:30 RSSI -57 TYPE B SSID ap-1_bigdata-lab
[serial]   <- DEV 64:A5:C3:68:66:8C RSSI -94 TYPE B SSID ISTC524HS
[serial]   <- DEV 6C:8D:77:7F:E1:20 RSSI -86 TYPE B SSID Wi2eap
[serial]   <- DEV 6C:8D:77:7F:E1:21 RSSI -88 TYPE B SSID eduroam
[serial]   <- DEV 6C:8D:77:7F:E1:22 RSSI -86 TYPE B SSID odins-1x
[serial]   <- DEV 6C:8D:77:7F:F5:60 RSSI -85 TYPE B SSID Wi2eap
[serial]   <- DEV 6C:8D:77:7F:F5:61 RSSI -84 TYPE B SSID eduroam
[serial]   <- DEV 6C:8D:77:7F:F5:62 RSSI -82 TYPE B SSID odins-1x
[serial]   <- DEV 6C:8D:77:7F:F5:63 RSSI -85 TYPE B SSID <hidden>
[serial]   <- DEV 6C:8D:77:7F:F5:64 RSSI -84 TYPE B SSID odins-visitor-1x
[serial]   <- DEV 6C:8D:77:7F:F5:65 RSSI -84 TYPE B SSID Wi2_OpenRoaming
[serial]   <- DEV 6C:E4:DA:15:56:66 RSSI -84 TYPE B SSID aterm-7ab32d-g
[serial]   <- DEV 6C:E4:DA:4F:03:4E RSSI -86 TYPE B SSID aterm-39740f-g
[serial]   <- DEV 80:91:33:12:D8:08 RSSI -50 TYPE B SSID DaikinAP53338
[serial]   <- DEV 80:91:33:13:1D:D3 RSSI -63 TYPE B SSID DaikinAP24806
[serial]   <- DEV 80:91:33:13:8E:70 RSSI -56 TYPE B SSID DaikinAP40122
[serial]   <- DEV 84:78:48:E4:53:E5 RSSI -81 TYPE B SSID <hidden>
[serial]   <- DEV 84:78:48:E4:55:19 RSSI -88 TYPE B SSID Higashi-AX
[serial]   <- DEV 84:F1:47:17:04:A0 RSSI -86 TYPE B SSID Wi2eap
[serial]   <- DEV 84:F1:47:17:04:A1 RSSI -86 TYPE B SSID eduroam
[serial]   <- DEV 84:F1:47:17:04:A2 RSSI -88 TYPE B SSID odins-1x
[serial]   <- DEV 84:F1:47:17:04:A4 RSSI -90 TYPE B SSID odins-visitor-1x
[serial]   <- DEV 84:F1:47:17:04:A5 RSSI -87 TYPE B SSID Wi2_OpenRoaming
[serial]   <- DEV 84:F1:47:19:0C:44 RSSI -91 TYPE B SSID odins-visitor-1x
[serial]   <- DEV 84:F1:47:33:74:61 RSSI -84 TYPE B SSID eduroam
[serial]   <- DEV 84:F1:47:33:74:62 RSSI -83 TYPE B SSID odins-1x
[serial]   <- DEV 84:F1:47:33:74:63 RSSI -81 TYPE B SSID <hidden>
[serial]   <- DEV 84:F1:47:33:74:64 RSSI -84 TYPE B SSID odins-visitor-1x
[serial]   <- DEV 84:F1:47:33:74:65 RSSI -83 TYPE B SSID Wi2_OpenRoaming
[serial]   <- DEV 8A:78:48:E4:53:E5 RSSI -83 TYPE B SSID Higashi-AX
[serial]   <- DEV 8E:78:48:E4:53:E5 RSSI -81 TYPE B SSID mc-lab-wireless
[serial]   <- DEV 8E:78:48:E4:55:19 RSSI -86 TYPE B SSID <hidden>
[serial]   <- DEV 9A:A6:7E:74:8A:D5 RSSI -85 TYPE B SSID mlab-wireless6
[serial]   <- DEV 9A:CF:84:48:3D:71 RSSI -67 TYPE B SSID MAELANLAB
[serial]   <- DEV 9A:CF:84:48:3D:72 RSSI -67 TYPE B SSID MAELANLAB_IoT
[serial]   <- DEV 9E:A6:7E:74:8A:D5 RSSI -85 TYPE B SSID <hidden>
[serial]   <- DEV AC:44:F2:54:D7:58 RSSI -82 TYPE B SSID waka-lab-2.4G
[serial]   <- DEV AC:44:F2:54:D7:59 RSSI -85 TYPE B SSID waka-lab-guest
[serial]   <- DEV BC:C3:42:20:D8:08 RSSI -80 TYPE P SSID Higashi-Lab-AM
[serial]   <- DEV C4:3C:EA:8F:D8:81 RSSI -62 TYPE B SSID <hidden>
[serial]   <- DEV C6:3C:EA:8F:D8:83 RSSI -63 TYPE B SSID ap-4_2G_bigdata-lab
[serial]   <- DEV C6:3C:EA:8F:D8:84 RSSI -63 TYPE B SSID ap-4_2G_bigdata-lab-WPA3
[serial]   <- DEV EC:F0:0E:63:8A:59 RSSI -90 TYPE P SSID ASMOUNTAINS_MAE_ACNA
[serial]   <- DEV F4:D1:08:B1:86:51 RSSI -82 TYPE B SSID DIRECT-Cynap-Pure-01097504-QsXw
[serial]   <- DEV F8:16:0C:3E:C4:E1 RSSI -81 TYPE B SSID eufy Clean-B-C4E1
[serial]   <- DEV F8:94:97:0B:48:E2 RSSI -90 TYPE B SSID Buffalo-2G-48E0-WPA3
[serial]   <- DEV FC:EE:11:04:15:ED RSSI -48 TYPE P SSID matsushita_lab
[serial]   <- SUMMARY DEVICES 72 CLOSE 19 FAR 53
[serial]   <- TARGET F4:BE:EC:1E:9D:AA NOTFOUND
[serial]   <- TARGET FA:13:E8:24:36:16 NOTFOUND
[serial]   <- END_SCAN
[serial] ----------------------------------------
[serial] 72‘ä‚ÌƒfƒoƒCƒX‚ğŒŸo
[serial] -> ƒeƒXƒgOK
[serial] ========================================
[serial] ========================================
[serial] WiFiÚ‘±Šm”FƒeƒXƒg
[serial] ========================================
[serial] ESP32 “dŒ¹ON...
[serial]   <- READY óM (423ms)
[serial] WiFiƒXƒLƒƒƒ“ŠJn (10•b)...
[serial]   <- OK SCAN 10000
[serial]   <- BEGIN_SCAN 10000 300
[serial]   <- DEV 00:1D:73:C9:61:B0 RSSI -86 TYPE P SSID c73f88_n
[serial]   <- DEV 00:24:A5:65:CD:C0 RSSI -59 TYPE B SSID matsushita_lab
[serial]   <- DEV 04:D4:C4:C4:72:78 RSSI -87 TYPE B SSID research_ap
[serial]   <- DEV 18:EC:E7:25:6D:04 RSSI -89 TYPE B SSID Extender-G-6D04
[serial]   <- DEV 22:7C:98:C0:2E:CA RSSI -90 TYPE B SSID aterm-0e0553-5s
[serial]   <- DEV 26:7C:98:C0:2E:CA RSSI -93 TYPE B SSID <hidden>
[serial]   <- DEV 2C:1A:05:D5:9C:60 RSSI -56 TYPE B SSID Wi2eap
[serial]   <- DEV 2C:1A:05:D5:9C:61 RSSI -54 TYPE B SSID eduroam
[serial]   <- DEV 2C:1A:05:D5:9C:62 RSSI -54 TYPE B SSID odins-1x
[serial]   <- DEV 2C:1A:05:D5:9C:63 RSSI -55 TYPE B SSID <hidden>
[serial]   <- DEV 2C:1A:05:D5:9C:64 RSSI -54 TYPE B SSID odins-visitor-1x
[serial]   <- DEV 2C:1A:05:D5:9C:65 RSSI -53 TYPE B SSID Wi2_OpenRoaming
[serial]   <- DEV 34:B8:83:64:BD:A0 RSSI -83 TYPE B SSID Wi2eap
[serial]   <- DEV 34:B8:83:64:BD:A1 RSSI -84 TYPE B SSID eduroam
[serial]   <- DEV 34:B8:83:64:BD:A2 RSSI -87 TYPE B SSID odins-1x
[serial]   <- DEV 34:B8:83:64:BD:A3 RSSI -83 TYPE B SSID <hidden>
[serial]   <- DEV 34:B8:83:64:BD:A4 RSSI -83 TYPE B SSID odins-visitor-1x
[serial]   <- DEV 34:B8:83:64:BD:A5 RSSI -83 TYPE B SSID Wi2_OpenRoaming
[serial]   <- DEV 3E:77:5A:C5:43:88 RSSI -82 TYPE P SSID <broadcast>
[serial]   <- DEV 54:07:7D:78:14:02 RSSI -87 TYPE B SSID melab-2g
[serial]   <- DEV 54:07:7D:78:50:41 RSSI -82 TYPE B SSID melab-2g
[serial]   <- DEV 60:84:BD:F1:C5:28 RSSI -82 TYPE B SSID Buffalo-G-C528
[serial]   <- DEV 60:84:BD:F2:D3:40 RSSI -60 TYPE B SSID ap-2_bigdata-lab
[serial]   <- DEV 60:84:BD:F3:23:20 RSSI -61 TYPE B SSID ap-3_bigdata-lab
[serial]   <- DEV 60:84:BD:F3:69:30 RSSI -58 TYPE B SSID ap-1_bigdata-lab
[serial]   <- DEV 60:CF:84:48:3D:70 RSSI -67 TYPE B SSID <hidden>
[serial]   <- DEV 64:A5:C3:68:66:8C RSSI -92 TYPE B SSID ISTC524HS
[serial]   <- DEV 68:E1:DC:34:02:31 RSSI -93 TYPE B SSID <hidden>
[serial]   <- DEV 6C:8D:77:7F:E1:20 RSSI -86 TYPE B SSID Wi2eap
[serial]   <- DEV 6C:8D:77:7F:F5:60 RSSI -83 TYPE B SSID Wi2eap
[serial]   <- DEV 6C:8D:77:7F:F5:61 RSSI -84 TYPE B SSID eduroam
[serial]   <- DEV 6C:8D:77:7F:F5:62 RSSI -84 TYPE B SSID odins-1x
[serial]   <- DEV 6C:8D:77:7F:F5:63 RSSI -85 TYPE B SSID <hidden>
[serial]   <- DEV 6C:8D:77:7F:F5:64 RSSI -85 TYPE B SSID odins-visitor-1x
[serial]   <- DEV 6C:8D:77:7F:F5:65 RSSI -85 TYPE B SSID Wi2_OpenRoaming
[serial]   <- DEV 6C:E4:DA:15:56:66 RSSI -80 TYPE B SSID aterm-7ab32d-g
[serial]   <- DEV 6C:E4:DA:4F:03:4E RSSI -87 TYPE B SSID aterm-39740f-g
[serial]   <- DEV 80:91:33:12:D8:08 RSSI -50 TYPE B SSID DaikinAP53338
[serial]   <- DEV 80:91:33:13:1D:D3 RSSI -59 TYPE B SSID DaikinAP24806
[serial]   <- DEV 80:91:33:13:8E:70 RSSI -56 TYPE B SSID DaikinAP40122
[serial]   <- DEV 84:78:48:E4:53:E5 RSSI -80 TYPE B SSID <hidden>
[serial]   <- DEV 84:78:48:E4:55:19 RSSI -89 TYPE B SSID Higashi-AX
[serial]   <- DEV 84:F1:47:17:04:A1 RSSI -87 TYPE B SSID eduroam
[serial]   <- DEV 84:F1:47:17:04:A2 RSSI -87 TYPE B SSID odins-1x
[serial]   <- DEV 84:F1:47:17:04:A4 RSSI -86 TYPE B SSID odins-visitor-1x
[serial]   <- DEV 84:F1:47:33:74:60 RSSI -85 TYPE B SSID Wi2eap
[serial]   <- DEV 84:F1:47:33:74:61 RSSI -85 TYPE B SSID eduroam
[serial]   <- DEV 84:F1:47:33:74:62 RSSI -84 TYPE B SSID odins-1x
[serial]   <- DEV 84:F1:47:33:74:63 RSSI -84 TYPE B SSID <hidden>
[serial]   <- DEV 84:F1:47:33:74:64 RSSI -85 TYPE B SSID odins-visitor-1x
[serial]   <- DEV 84:F1:47:33:74:65 RSSI -84 TYPE B SSID Wi2_OpenRoaming
[serial]   <- DEV 8A:78:48:E4:53:E5 RSSI -79 TYPE B SSID Higashi-AX
[serial]   <- DEV 8A:78:48:E4:55:19 RSSI -84 TYPE B SSID mc-lab-wireless
[serial]   <- DEV 8E:78:48:E4:53:E5 RSSI -79 TYPE B SSID mc-lab-wireless
[serial]   <- DEV 8E:78:48:E4:55:19 RSSI -82 TYPE B SSID <hidden>
[serial]   <- DEV 9A:A6:7E:74:8A:D5 RSSI -84 TYPE B SSID mlab-wireless6
[serial]   <- DEV 9A:CF:84:48:3D:71 RSSI -67 TYPE B SSID MAELANLAB
[serial]   <- DEV 9A:CF:84:48:3D:72 RSSI -67 TYPE B SSID MAELANLAB_IoT
[serial]   <- DEV 9E:A6:7E:74:8A:D5 RSSI -87 TYPE B SSID <hidden>
[serial]   <- DEV AC:44:F2:54:D7:58 RSSI -85 TYPE B SSID waka-lab-2.4G
[serial]   <- DEV AC:44:F2:54:D7:59 RSSI -85 TYPE B SSID waka-lab-guest
[serial]   <- DEV BC:C3:42:0E:54:30 RSSI -86 TYPE P SSID 001601C6DF45_G
[serial]   <- DEV BC:C3:42:20:D8:08 RSSI -82 TYPE P SSID Higashi-Lab-AM
[serial]   <- DEV C0:25:A2:F3:7B:5E RSSI -86 TYPE B SSID aterm-171a0c-g
[serial]   <- DEV C4:3C:EA:8F:D8:81 RSSI -64 TYPE B SSID <hidden>
[serial]   <- DEV C4:BD:E5:2C:82:65 RSSI -94 TYPE P SSID <broadcast>
[serial]   <- DEV C6:3C:EA:8F:D8:83 RSSI -65 TYPE B SSID ap-4_2G_bigdata-lab
[serial]   <- DEV C6:3C:EA:8F:D8:84 RSSI -64 TYPE B SSID ap-4_2G_bigdata-lab-WPA3
[serial]   <- DEV C8:A3:E8:07:9F:49 RSSI -90 TYPE P SSID odins-1x
[serial]   <- DEV EC:F0:0E:63:8A:59 RSSI -86 TYPE P SSID <broadcast>
[serial]   <- DEV F4:D1:08:B1:86:51 RSSI -84 TYPE B SSID DIRECT-Cynap-Pure-01097504-QsXw
[serial]   <- DEV F8:16:0C:3E:C4:E1 RSSI -85 TYPE B SSID eufy Clean-B-C4E1
[serial]   <- DEV F8:94:97:0B:48:E2 RSSI -91 TYPE B SSID Buffalo-2G-48E0-WPA3
[serial]   <- DEV FC:19:28:76:A4:B8 RSSI -84 TYPE P SSID <broadcast>
[serial]   <- SUMMARY DEVICES 74 CLOSE 19 FAR 55
[serial]   <- TARGET F4:BE:EC:1E:9D:AA NOTFOUND
[serial]   <- TARGET FA:13:E8:24:36:16 NOTFOUND
[serial]   <- END_SCAN
[serial] ----------------------------------------
[serial] 74‘ä‚ÌƒfƒoƒCƒX‚ğŒŸo
[serial] -> ƒeƒXƒgOK
{"pair_id": 5, "v5_port": "COM41", "upload": {"cmd": "arduino-cli compile --fqbn adafruit:nrf52:feather52840 -u -p COM42 C:\\Users\\tsune\\logbot\\LogbotArduinoCode\\logbot-v5\\v5_umineko_wifi_2026\\nrf_wifi_connection_test", "v5_port_arg": "COM41", "trigger_1200_baud": true, "dfu_port_detected": "COM42", "upload_port_used": "COM42", "returncode": 0, "success": true, "failure_marker": null, "stdout_tail": ["Sketch uses 54992 bytes (6%) of program storage space. Maximum is 815104 bytes.", "Global variables use 8220 bytes (3%) of dynamic memory, leaving 229348 bytes for local variables. Maximum is 237568 bytes.", "Upgrading target on COM42 with DFU package C:\\Users\\tsune\\AppData\\Local\\arduino\\sketches\\EA89A51AC28C3851A7CADCDE3FE70ED5\\nrf_wifi_connection_test.ino.zip. Flow control is disabled, Single bank, Touch disabled", "########################################", "########################################", "############################", "Activating new firmware", "Device programmed."], "stderr_tail": []}, "duration_sec": 90.0, "min_testok": 3, "ok_count": 3, "last_error": "", "log_line_count": 268, "pass": true, "verify_path": "C:\\Users\\tsune\\current_measurement\\screening\\data\\screening_pair05_20260718-180114_verify.json", "log_tail": [{"ts": "2026-07-18T18:06:02.503", "line": "  <- DEV C6:3C:EA:8F:D8:83 RSSI -65 TYPE B SSID ap-4_2G_bigdata-lab"}, {"ts": "2026-07-18T18:06:02.603", "line": "  <- DEV C6:3C:EA:8F:D8:84 RSSI -64 TYPE B SSID ap-4_2G_bigdata-lab-WPA3"}, {"ts": "2026-07-18T18:06:02.617", "line": "  <- DEV C8:A3:E8:07:9F:49 RSSI -90 TYPE P SSID odins-1x"}, {"ts": "2026-07-18T18:06:02.697", "line": "  <- DEV EC:F0:0E:63:8A:59 RSSI -86 TYPE P SSID <broadcast>"}, {"ts": "2026-07-18T18:06:02.700", "line": "  <- DEV F4:D1:08:B1:86:51 RSSI -84 TYPE B SSID DIRECT-Cynap-Pure-01097504-QsXw"}, {"ts": "2026-07-18T18:06:02.818", "line": "  <- DEV F8:16:0C:3E:C4:E1 RSSI -85 TYPE B SSID eufy Clean-B-C4E1"}, {"ts": "2026-07-18T18:06:02.915", "line": "  <- DEV F8:94:97:0B:48:E2 RSSI -91 TYPE B SSID Buffalo-2G-48E0-WPA3"}, {"ts": "2026-07-18T18:06:02.919", "line": "  <- DEV FC:19:28:76:A4:B8 RSSI -84 TYPE P SSID <broadcast>"}, {"ts": "2026-07-18T18:06:02.980", "line": "  <- SUMMARY DEVICES 74 CLOSE 19 FAR 55"}, {"ts": "2026-07-18T18:06:02.989", "line": "  <- TARGET F4:BE:EC:1E:9D:AA NOTFOUND"}, {"ts": "2026-07-18T18:06:02.989", "line": "  <- TARGET FA:13:E8:24:36:16 NOTFOUND"}, {"ts": "2026-07-18T18:06:02.995", "line": "  <- END_SCAN"}, {"ts": "2026-07-18T18:06:02.995", "line": "----------------------------------------"}, {"ts": "2026-07-18T18:06:02.995", "line": "74‘ä‚ÌƒfƒoƒCƒX‚ğŒŸo"}, {"ts": "2026-07-18T18:06:02.999", "line": "-> ƒeƒXƒgOK"}]}

[done] meta saved: C:\Users\tsune\current_measurement\screening\data\screening_pair05_20260718-180114_meta.json
[done] features saved: C:\Users\tsune\current_measurement\screening\data\screening_pair05_20260718-180114_features.json
{"pair_id": 5, "csv": "C:\\Users\\tsune\\current_measurement\\screening\\data\\screening_pair05_20260718-180114.csv", "baseline_median_mA": 0.2, "wifi_on_mean_mA": 135.8120965001699, "global_max_mA": 266.1, "dropout_ratio": 0.015269034194375863, "outlier": false, "reasons": [], "verify_pass": true, "verify_ok_count": 3, "verify_last_error": ""}
