[run] C:\Users\tsune\current_measurement\venv\Scripts\python.exe C:\Users\tsune\logbot\tools\logbot-usb\logbot_usb.py cycle --wait 1.0
COM11: VBUS OFF, 1.0ç§’å¾…æ©Ÿ...
COM11: VBUS ON (å¾©å¸°)
[phase0] arduino-cli ‚Å nrf_power_test_all ¨ COM38 ‘‚«‚İ
[run] C:\Users\tsune\current_measurement\venv\Scripts\python.exe C:\Users\tsune\logbot\tools\logbot-ctl\logbot_ctl.py info COM37
[run] C:\Users\tsune\current_measurement\venv\Scripts\python.exe C:\Users\tsune\logbot\tools\logbot-ctl\logbot_ctl.py tm COM37
COM37: RTC synced to PC time
[run] (background) C:\Users\tsune\current_measurement\venv\Scripts\python.exe C:\Users\tsune\current_measurement\current_monitor.py --headless --port COM10 --baud 9600 --csv C:\Users\tsune\current_measurement\screening\data\screening_pair06_20260718-175404.csv
[current_monitor headless] port=COM10 baud=9600 csv=C:\Users\tsune\current_measurement\screening\data\screening_pair06_20260718-175404.csv
[run] C:\Users\tsune\current_measurement\venv\Scripts\python.exe C:\Users\tsune\logbot\tools\logbot-ctl\logbot_ctl.py reset COM37
COM37: CPU RESET pulsed (100ms)
[run] C:\Users\tsune\current_measurement\venv\Scripts\python.exe C:\Users\tsune\logbot\tools\logbot-usb\logbot_usb.py off
COM11: VBUS OFF (ãƒªãƒ¬ãƒ¼é–‹)
[wait sequence] c‚è 120s / 150s
[wait sequence] c‚è 90s / 150s
[wait sequence] c‚è 60s / 150s
[wait sequence] c‚è 30s / 150s
[run] C:\Users\tsune\current_measurement\venv\Scripts\python.exe C:\Users\tsune\logbot\tools\logbot-usb\logbot_usb.py on
COM11: VBUS ON (ãƒªãƒ¬ãƒ¼é–‰)
[run] C:\Users\tsune\current_measurement\venv\Scripts\python.exe C:\Users\tsune\logbot\tools\logbot-usb\logbot_usb.py cycle --wait 1.0
COM11: VBUS OFF, 1.0ç§’å¾…æ©Ÿ...
COM11: VBUS ON (å¾©å¸°)
[verify] starting: C:\Users\tsune\current_measurement\venv\Scripts\python.exe C:\Users\tsune\current_measurement\screening\screening_verify.py --pair-id 6 --v5-port COM38 --duration-sec 90.0 --out-prefix screening_pair06_20260718-175404
[verify] arduino-cli ‚Å nrf_wifi_connection_test ¨ COM38 ‘‚«‚İ
[serial] nRF52840 WiFiÚ‘±Šm”FƒeƒXƒgƒvƒƒOƒ‰ƒ€
[serial] 5•bŠÔŠu‚Å©“®ƒXƒLƒƒƒ“‚ğÀs‚µ‚Ü‚·
[serial] ========================================
[serial] WiFiÚ‘±Šm”FƒeƒXƒg
[serial] ========================================
[serial] ESP32 “dŒ¹ON...
[serial]   <- READY óM (414ms)
[serial] WiFiƒXƒLƒƒƒ“ŠJn (10•b)...
[serial]   <- OK SCAN 10000
[serial]   <- BEGIN_SCAN 10000 300
[serial]   <- DEV 00:24:A5:65:CD:C0 RSSI -55 TYPE B SSID matsushita_lab
[serial]   <- DEV 0A:CF:55:A3:35:B5 RSSI -90 TYPE P SSID odins-1x
[serial]   <- DEV 14:F6:D8:B8:63:8E RSSI -86 TYPE P SSID <broadcast>
[serial]   <- DEV 18:EC:E7:25:6D:04 RSSI -88 TYPE B SSID Extender-G-6D04
[serial]   <- DEV 2C:1A:05:D5:9C:60 RSSI -61 TYPE B SSID Wi2eap
[serial]   <- DEV 2C:1A:05:D5:9C:61 RSSI -60 TYPE B SSID eduroam
[serial]   <- DEV 2C:1A:05:D5:9C:62 RSSI -61 TYPE B SSID odins-1x
[serial]   <- DEV 2C:1A:05:D5:9C:63 RSSI -60 TYPE B SSID <hidden>
[serial]   <- DEV 2C:1A:05:D5:9C:64 RSSI -60 TYPE B SSID odins-visitor-1x
[serial]   <- DEV 2C:1A:05:D5:9C:65 RSSI -58 TYPE B SSID Wi2_OpenRoaming
[serial]   <- DEV 54:07:7D:78:14:02 RSSI -77 TYPE B SSID melab-2g
[serial]   <- DEV 54:07:7D:78:2F:02 RSSI -75 TYPE B SSID melab-2g
[serial]   <- DEV 54:07:7D:78:50:41 RSSI -77 TYPE B SSID melab-2g
[serial]   <- DEV 60:84:BD:F1:C5:28 RSSI -76 TYPE B SSID Buffalo-G-C528
[serial]   <- DEV 60:84:BD:F2:D3:40 RSSI -56 TYPE B SSID ap-2_bigdata-lab
[serial]   <- DEV 60:84:BD:F3:23:20 RSSI -60 TYPE B SSID ap-3_bigdata-lab
[serial]   <- DEV 60:84:BD:F3:69:30 RSSI -58 TYPE B SSID ap-1_bigdata-lab
[serial]   <- DEV 6C:8D:77:7F:E1:23 RSSI -87 TYPE B SSID <hidden>
[serial]   <- DEV 6C:8D:77:7F:F5:63 RSSI -81 TYPE B SSID <hidden>
[serial]   <- DEV 6C:E4:DA:15:56:66 RSSI -77 TYPE B SSID aterm-7ab32d-g
[serial]   <- DEV 80:91:33:12:D8:08 RSSI -56 TYPE B SSID DaikinAP53338
[serial]   <- DEV 80:91:33:13:1D:D3 RSSI -57 TYPE B SSID DaikinAP24806
[serial]   <- DEV 80:91:33:13:8E:70 RSSI -51 TYPE B SSID DaikinAP40122
[serial]   <- DEV 84:F1:47:17:04:A0 RSSI -81 TYPE B SSID Wi2eap
[serial]   <- DEV 84:F1:47:17:04:A1 RSSI -81 TYPE B SSID eduroam
[serial]   <- DEV 84:F1:47:17:04:A4 RSSI -79 TYPE B SSID odins-visitor-1x
[serial]   <- DEV 84:F1:47:33:74:61 RSSI -76 TYPE B SSID eduroam
[serial]   <- DEV 84:F1:47:33:74:62 RSSI -78 TYPE B SSID odins-1x
[serial]   <- DEV 84:F1:47:33:74:63 RSSI -79 TYPE B SSID <hidden>
[serial]   <- DEV 84:F1:47:33:74:64 RSSI -78 TYPE B SSID odins-visitor-1x
[serial]   <- DEV 84:F1:47:33:74:65 RSSI -78 TYPE B SSID Wi2_OpenRoaming
[serial]   <- DEV 88:57:EE:CA:CA:A1 RSSI -89 TYPE B SSID MAT
[serial]   <- DEV AC:44:F2:54:D7:58 RSSI -74 TYPE B SSID waka-lab-2.4G
[serial]   <- DEV AC:44:F2:54:D7:59 RSSI -73 TYPE B SSID waka-lab-guest
[serial]   <- DEV BC:C3:42:20:D8:08 RSSI -75 TYPE P SSID Higashi-Lab-AM
[serial]   <- DEV C4:3C:EA:8F:D8:81 RSSI -65 TYPE B SSID <hidden>
[serial]   <- DEV C6:3C:EA:8F:D8:83 RSSI -65 TYPE B SSID ap-4_2G_bigdata-lab
[serial]   <- DEV C6:3C:EA:8F:D8:84 RSSI -66 TYPE B SSID ap-4_2G_bigdata-lab-WPA3
[serial]   <- DEV EC:F0:0E:63:8A:59 RSSI -82 TYPE P SSID <broadcast>
[serial]   <- DEV F4:D1:08:B1:86:51 RSSI -82 TYPE B SSID DIRECT-Cynap-Pure-01097504-QsXw
[serial]   <- DEV F4:D5:80:2F:4E:90 RSSI -89 TYPE B SSID <hidden>
[serial]   <- SUMMARY DEVICES 41 CLOSE 16 FAR 25
[serial]   <- TARGET F4:BE:EC:1E:9D:AA NOTFOUND
[serial]   <- TARGET FA:13:E8:24:36:16 NOTFOUND
[serial]   <- END_SCAN
[serial] ----------------------------------------
[serial] 41‘ä‚ÌƒfƒoƒCƒX‚ğŒŸo
[serial] -> ƒeƒXƒgOK
[serial] ========================================
[serial] ========================================
[serial] WiFiÚ‘±Šm”FƒeƒXƒg
[serial] ========================================
[serial] ESP32 “dŒ¹ON...
[serial]   <- READY óM (422ms)
[serial] WiFiƒXƒLƒƒƒ“ŠJn (10•b)...
[serial]   <- OK SCAN 10000
[serial]   <- BEGIN_SCAN 10000 300
[serial]   <- DEV 00:24:A5:65:CD:C0 RSSI -54 TYPE B SSID matsushita_lab
[serial]   <- DEV 18:EC:E7:25:6D:04 RSSI -85 TYPE B SSID Extender-G-6D04
[serial]   <- DEV 2C:1A:05:D5:9C:60 RSSI -57 TYPE B SSID Wi2eap
[serial]   <- DEV 2C:1A:05:D5:9C:61 RSSI -58 TYPE B SSID eduroam
[serial]   <- DEV 2C:1A:05:D5:9C:62 RSSI -57 TYPE B SSID odins-1x
[serial]   <- DEV 2C:1A:05:D5:9C:63 RSSI -56 TYPE B SSID <hidden>
[serial]   <- DEV 2C:1A:05:D5:9C:64 RSSI -59 TYPE B SSID odins-visitor-1x
[serial]   <- DEV 2C:1A:05:D5:9C:65 RSSI -58 TYPE B SSID Wi2_OpenRoaming
[serial]   <- DEV 34:3D:C4:D6:CD:48 RSSI -91 TYPE B SSID Buffalo-G-CD48
[serial]   <- DEV 48:D6:D5:06:B4:50 RSSI -53 TYPE P SSID ap-1_bigdata-lab
[serial]   <- DEV 54:07:7D:78:14:02 RSSI -79 TYPE B SSID melab-2g
[serial]   <- DEV 54:07:7D:78:2F:02 RSSI -78 TYPE B SSID melab-2g
[serial]   <- DEV 54:07:7D:78:50:41 RSSI -78 TYPE B SSID melab-2g
[serial]   <- DEV 60:84:BD:F1:C5:28 RSSI -76 TYPE B SSID Buffalo-G-C528
[serial]   <- DEV 60:84:BD:F2:D3:40 RSSI -53 TYPE B SSID ap-2_bigdata-lab
[serial]   <- DEV 60:84:BD:F3:23:20 RSSI -60 TYPE B SSID ap-3_bigdata-lab
[serial]   <- DEV 60:84:BD:F3:69:30 RSSI -57 TYPE B SSID ap-1_bigdata-lab
[serial]   <- DEV 6C:8D:77:7F:F5:62 RSSI -80 TYPE B SSID odins-1x
[serial]   <- DEV 6C:8D:77:7F:F5:65 RSSI -79 TYPE B SSID Wi2_OpenRoaming
[serial]   <- DEV 6C:E4:DA:15:56:66 RSSI -73 TYPE B SSID aterm-7ab32d-g
[serial]   <- DEV 80:91:33:12:D8:08 RSSI -54 TYPE B SSID DaikinAP53338
[serial]   <- DEV 80:91:33:13:1D:D3 RSSI -54 TYPE B SSID DaikinAP24806
[serial]   <- DEV 80:91:33:13:8E:70 RSSI -51 TYPE B SSID DaikinAP40122
[serial]   <- DEV 84:F1:47:17:04:A0 RSSI -83 TYPE B SSID Wi2eap
[serial]   <- DEV 84:F1:47:17:04:A1 RSSI -79 TYPE B SSID eduroam
[serial]   <- DEV 84:F1:47:17:04:A5 RSSI -80 TYPE B SSID Wi2_OpenRoaming
[serial]   <- DEV 84:F1:47:33:74:60 RSSI -79 TYPE B SSID Wi2eap
[serial]   <- DEV 84:F1:47:33:74:61 RSSI -80 TYPE B SSID eduroam
[serial]   <- DEV 84:F1:47:33:74:62 RSSI -81 TYPE B SSID odins-1x
[serial]   <- DEV 84:F1:47:33:74:63 RSSI -81 TYPE B SSID <hidden>
[serial]   <- DEV 84:F1:47:33:74:64 RSSI -78 TYPE B SSID odins-visitor-1x
[serial]   <- DEV 84:F1:47:33:74:65 RSSI -79 TYPE B SSID Wi2_OpenRoaming
[serial]   <- DEV 88:57:EE:CA:CA:A1 RSSI -90 TYPE B SSID MAT
[serial]   <- DEV AC:44:F2:54:D7:58 RSSI -73 TYPE B SSID waka-lab-2.4G
[serial]   <- DEV AC:44:F2:54:D7:59 RSSI -73 TYPE B SSID waka-lab-guest
[serial]   <- DEV C4:3C:EA:8F:D8:81 RSSI -66 TYPE B SSID <hidden>
[serial]   <- DEV C6:3C:EA:8F:D8:83 RSSI -65 TYPE B SSID ap-4_2G_bigdata-lab
[serial]   <- DEV C6:3C:EA:8F:D8:84 RSSI -65 TYPE B SSID ap-4_2G_bigdata-lab-WPA3
[serial]   <- DEV EC:F0:0E:63:8A:59 RSSI -81 TYPE P SSID <broadcast>
[serial]   <- DEV F4:D1:08:B1:86:51 RSSI -83 TYPE B SSID DIRECT-Cynap-Pure-01097504-QsXw
[serial]   <- DEV F4:D5:80:2F:4E:90 RSSI -88 TYPE B SSID <hidden>
[serial]   <- SUMMARY DEVICES 41 CLOSE 17 FAR 24
[serial]   <- TARGET F4:BE:EC:1E:9D:AA NOTFOUND
[serial]   <- TARGET FA:13:E8:24:36:16 NOTFOUND
[serial]   <- END_SCAN
[serial] ----------------------------------------
[serial] 41‘ä‚ÌƒfƒoƒCƒX‚ğŒŸo
[serial] -> ƒeƒXƒgOK
[serial] ========================================
[serial] ========================================
[serial] WiFiÚ‘±Šm”FƒeƒXƒg
[serial] ========================================
[serial] ESP32 “dŒ¹ON...
[serial]   <- READY óM (434ms)
[serial] WiFiƒXƒLƒƒƒ“ŠJn (10•b)...
[serial]   <- OK SCAN 10000
[serial]   <- BEGIN_SCAN 10000 300
[serial]   <- DEV 00:24:A5:65:CD:C0 RSSI -59 TYPE B SSID matsushita_lab
[serial]   <- DEV 2C:1A:05:D5:9C:60 RSSI -59 TYPE B SSID Wi2eap
[serial]   <- DEV 2C:1A:05:D5:9C:61 RSSI -58 TYPE B SSID eduroam
[serial]   <- DEV 2C:1A:05:D5:9C:62 RSSI -58 TYPE B SSID odins-1x
[serial]   <- DEV 2C:1A:05:D5:9C:63 RSSI -58 TYPE B SSID <hidden>
[serial]   <- DEV 2C:1A:05:D5:9C:64 RSSI -59 TYPE B SSID odins-visitor-1x
[serial]   <- DEV 2C:1A:05:D5:9C:65 RSSI -57 TYPE B SSID Wi2_OpenRoaming
[serial]   <- DEV 34:3D:C4:D6:CD:48 RSSI -89 TYPE B SSID Buffalo-G-CD48
[serial]   <- DEV 54:07:7D:78:2F:02 RSSI -73 TYPE B SSID melab-2g
[serial]   <- DEV 54:07:7D:78:50:41 RSSI -79 TYPE B SSID melab-2g
[serial]   <- DEV 60:84:BD:F1:C5:28 RSSI -77 TYPE B SSID Buffalo-G-C528
[serial]   <- DEV 60:84:BD:F2:D3:40 RSSI -53 TYPE B SSID ap-2_bigdata-lab
[serial]   <- DEV 60:84:BD:F3:23:20 RSSI -60 TYPE B SSID ap-3_bigdata-lab
[serial]   <- DEV 60:84:BD:F3:69:30 RSSI -57 TYPE B SSID ap-1_bigdata-lab
[serial]   <- DEV 6C:8D:77:7F:E1:22 RSSI -84 TYPE B SSID odins-1x
[serial]   <- DEV 6C:8D:77:7F:F5:60 RSSI -79 TYPE B SSID Wi2eap
[serial]   <- DEV 6C:8D:77:7F:F5:63 RSSI -79 TYPE B SSID <hidden>
[serial]   <- DEV 6C:E4:DA:15:56:66 RSSI -75 TYPE B SSID aterm-7ab32d-g
[serial]   <- DEV 80:91:33:12:D8:08 RSSI -53 TYPE B SSID DaikinAP53338
[serial]   <- DEV 80:91:33:13:1D:D3 RSSI -57 TYPE B SSID DaikinAP24806
[serial]   <- DEV 80:91:33:13:8E:70 RSSI -54 TYPE B SSID DaikinAP40122
[serial]   <- DEV 84:F1:47:17:04:A1 RSSI -82 TYPE B SSID eduroam
[serial]   <- DEV 84:F1:47:33:74:60 RSSI -82 TYPE B SSID Wi2eap
[serial]   <- DEV 84:F1:47:33:74:61 RSSI -81 TYPE B SSID eduroam
[serial]   <- DEV 84:F1:47:33:74:63 RSSI -80 TYPE B SSID <hidden>
[serial]   <- DEV 84:F1:47:33:74:64 RSSI -82 TYPE B SSID odins-visitor-1x
[serial]   <- DEV 84:F1:47:33:74:65 RSSI -80 TYPE B SSID Wi2_OpenRoaming
[serial]   <- DEV 88:57:EE:CA:CA:A0 RSSI -86 TYPE B SSID MATAP
[serial]   <- DEV AC:44:F2:54:D7:58 RSSI -74 TYPE B SSID waka-lab-2.4G
[serial]   <- DEV AC:44:F2:54:D7:59 RSSI -73 TYPE B SSID waka-lab-guest
[serial]   <- DEV BC:C3:42:0E:54:30 RSSI -86 TYPE P SSID 001601C6DF45_G
[serial]   <- DEV BC:C3:42:20:D8:08 RSSI -77 TYPE P SSID Higashi-Lab-AM
[serial]   <- DEV C4:3C:EA:8F:D8:81 RSSI -63 TYPE B SSID <hidden>
[serial]   <- DEV C6:3C:EA:8F:D8:83 RSSI -62 TYPE B SSID ap-4_2G_bigdata-lab
[serial]   <- DEV C6:3C:EA:8F:D8:84 RSSI -64 TYPE B SSID ap-4_2G_bigdata-lab-WPA3
[serial]   <- DEV F4:D1:08:B1:86:51 RSSI -84 TYPE B SSID DIRECT-Cynap-Pure-01097504-QsXw
[serial]   <- DEV F4:D5:80:2F:4E:90 RSSI -91 TYPE B SSID <hidden>
[serial]   <- DEV F8:16:0C:3E:C4:E1 RSSI -82 TYPE B SSID eufy Clean-B-C4E1
[serial]   <- DEV FC:19:28:76:A4:B8 RSSI -83 TYPE P SSID <broadcast>
[serial]   <- SUMMARY DEVICES 39 CLOSE 16 FAR 23
[serial]   <- TARGET F4:BE:EC:1E:9D:AA NOTFOUND
[serial]   <- TARGET FA:13:E8:24:36:16 NOTFOUND
[serial]   <- END_SCAN
[serial] ----------------------------------------
[serial] 39‘ä‚ÌƒfƒoƒCƒX‚ğŒŸo
[serial] -> ƒeƒXƒgOK
{"pair_id": 6, "v5_port": "COM38", "upload": {"cmd": "arduino-cli compile --fqbn adafruit:nrf52:feather52840 -u -p COM39 C:\\Users\\tsune\\logbot\\LogbotArduinoCode\\logbot-v5\\v5_umineko_wifi_2026\\nrf_wifi_connection_test", "v5_port_arg": "COM38", "trigger_1200_baud": true, "dfu_port_detected": "COM39", "upload_port_used": "COM39", "returncode": 0, "success": true, "failure_marker": null, "stdout_tail": ["Sketch uses 54992 bytes (6%) of program storage space. Maximum is 815104 bytes.", "Global variables use 8220 bytes (3%) of dynamic memory, leaving 229348 bytes for local variables. Maximum is 237568 bytes.", "Upgrading target on COM39 with DFU package C:\\Users\\tsune\\AppData\\Local\\arduino\\sketches\\EA89A51AC28C3851A7CADCDE3FE70ED5\\nrf_wifi_connection_test.ino.zip. Flow control is disabled, Single bank, Touch disabled", "########################################", "########################################", "############################", "Activating new firmware", "Device programmed."], "stderr_tail": []}, "duration_sec": 90.0, "min_testok": 3, "ok_count": 3, "last_error": "", "log_line_count": 170, "pass": true, "verify_path": "C:\\Users\\tsune\\current_measurement\\screening\\data\\screening_pair06_20260718-175404_verify.json", "log_tail": [{"ts": "2026-07-18T17:59:02.188", "line": "  <- DEV BC:C3:42:20:D8:08 RSSI -77 TYPE P SSID Higashi-Lab-AM"}, {"ts": "2026-07-18T17:59:02.315", "line": "  <- DEV C4:3C:EA:8F:D8:81 RSSI -63 TYPE B SSID <hidden>"}, {"ts": "2026-07-18T17:59:02.379", "line": "  <- DEV C6:3C:EA:8F:D8:83 RSSI -62 TYPE B SSID ap-4_2G_bigdata-lab"}, {"ts": "2026-07-18T17:59:02.460", "line": "  <- DEV C6:3C:EA:8F:D8:84 RSSI -64 TYPE B SSID ap-4_2G_bigdata-lab-WPA3"}, {"ts": "2026-07-18T17:59:02.572", "line": "  <- DEV F4:D1:08:B1:86:51 RSSI -84 TYPE B SSID DIRECT-Cynap-Pure-01097504-QsXw"}, {"ts": "2026-07-18T17:59:02.581", "line": "  <- DEV F4:D5:80:2F:4E:90 RSSI -91 TYPE B SSID <hidden>"}, {"ts": "2026-07-18T17:59:02.674", "line": "  <- DEV F8:16:0C:3E:C4:E1 RSSI -82 TYPE B SSID eufy Clean-B-C4E1"}, {"ts": "2026-07-18T17:59:02.676", "line": "  <- DEV FC:19:28:76:A4:B8 RSSI -83 TYPE P SSID <broadcast>"}, {"ts": "2026-07-18T17:59:02.744", "line": "  <- SUMMARY DEVICES 39 CLOSE 16 FAR 23"}, {"ts": "2026-07-18T17:59:02.745", "line": "  <- TARGET F4:BE:EC:1E:9D:AA NOTFOUND"}, {"ts": "2026-07-18T17:59:02.749", "line": "  <- TARGET FA:13:E8:24:36:16 NOTFOUND"}, {"ts": "2026-07-18T17:59:02.751", "line": "  <- END_SCAN"}, {"ts": "2026-07-18T17:59:02.753", "line": "----------------------------------------"}, {"ts": "2026-07-18T17:59:02.755", "line": "39‘ä‚ÌƒfƒoƒCƒX‚ğŒŸo"}, {"ts": "2026-07-18T17:59:02.758", "line": "-> ƒeƒXƒgOK"}]}

[done] meta saved: C:\Users\tsune\current_measurement\screening\data\screening_pair06_20260718-175404_meta.json
[done] features saved: C:\Users\tsune\current_measurement\screening\data\screening_pair06_20260718-175404_features.json
{"pair_id": 6, "csv": "C:\\Users\\tsune\\current_measurement\\screening\\data\\screening_pair06_20260718-175404.csv", "baseline_median_mA": 77.2, "wifi_on_mean_mA": 143.6994415298697, "global_max_mA": 333.8, "dropout_ratio": 0.015256046768802989, "outlier": true, "reasons": ["baseline_median=77.20 mA > 1.0 (device1 Œ^ˆÙí‚Ì‹^‚¢)", "baseline_p95=83.10 mA > 20 (baseline ‚É‘å‚«‚ÈˆÙí spike)"], "verify_pass": true, "verify_ok_count": 3, "verify_last_error": ""}
