[run] C:\Users\tsune\current_measurement\venv\Scripts\python.exe C:\Users\tsune\logbot\tools\logbot-usb\logbot_usb.py cycle --wait 1.0
COM11: VBUS OFF, 1.0ç§’å¾…æ©Ÿ...
COM11: VBUS ON (å¾©å¸°)
[phase0] arduino-cli ‚Å nrf_power_test_all ¨ COM25 ‘‚«‚İ
[main] EXCEPTION: “d—¬‘ª’è—p firmware ‘‚«‚İ¸”s: marker=Target is not in DFU mode, stderr_tail=[]
[run] C:\Users\tsune\current_measurement\venv\Scripts\python.exe C:\Users\tsune\logbot\tools\logbot-usb\logbot_usb.py on
COM11: VBUS ON (ãƒªãƒ¬ãƒ¼é–‰)
[run] C:\Users\tsune\current_measurement\venv\Scripts\python.exe C:\Users\tsune\logbot\tools\logbot-usb\logbot_usb.py cycle --wait 1.0
COM11: VBUS OFF, 1.0ç§’å¾…æ©Ÿ...
COM11: VBUS ON (å¾©å¸°)
[verify] starting: C:\Users\tsune\current_measurement\venv\Scripts\python.exe C:\Users\tsune\current_measurement\screening\screening_verify.py --pair-id 2 --v5-port COM25 --duration-sec 90.0 --out-prefix screening_pair02_20260716-190911
[verify] arduino-cli ‚Å nrf_wifi_connection_test ¨ COM25 ‘‚«‚İ
[serial] nRF52840 WiFiÚ‘±Šm”FƒeƒXƒgƒvƒƒOƒ‰ƒ€
[serial] 5•bŠÔŠu‚Å©“®ƒXƒLƒƒƒ“‚ğÀs‚µ‚Ü‚·
[serial] ========================================
[serial] WiFiÚ‘±Šm”FƒeƒXƒg
[serial] ========================================
[serial] ESP32 “dŒ¹ON...
[serial]   <- READY óM (417ms)
[serial] WiFiƒXƒLƒƒƒ“ŠJn (10•b)...
[serial]   <- OK SCAN 10000
[serial]   <- BEGIN_SCAN 10000 300
[serial]   <- DEV 00:01:8E:65:15:5D RSSI -80 TYPE B SSID logitec2nd53
[serial]   <- DEV 00:13:EF:2F:17:55 RSSI -51 TYPE P SSID <broadcast>
[serial]   <- DEV 00:1D:73:C9:61:B0 RSSI -83 TYPE P SSID c73f88_n
[serial]   <- DEV 00:24:A5:65:CD:C0 RSSI -57 TYPE B SSID matsushita_lab
[serial]   <- DEV 04:D4:C4:C4:72:78 RSSI -79 TYPE B SSID research_ap
[serial]   <- DEV 04:D9:F5:9E:0A:B0 RSSI -83 TYPE B SSID icn-wireless00
[serial]   <- DEV 18:EC:E7:25:6D:05 RSSI -82 TYPE B SSID 4528_a
[serial]   <- DEV 1A:92:66:2D:46:49 RSSI -68 TYPE B SSID Joshua
[serial]   <- DEV 2C:1A:05:D5:9C:60 RSSI -54 TYPE B SSID Wi2eap
[serial]   <- DEV 2C:1A:05:D5:9C:61 RSSI -54 TYPE B SSID eduroam
[serial]   <- DEV 2C:1A:05:D5:9C:62 RSSI -55 TYPE B SSID odins-1x
[serial]   <- DEV 2C:1A:05:D5:9C:63 RSSI -54 TYPE B SSID <hidden>
[serial]   <- DEV 2C:1A:05:D5:9C:64 RSSI -53 TYPE B SSID odins-visitor-1x
[serial]   <- DEV 2C:1A:05:D5:9C:65 RSSI -53 TYPE B SSID Wi2_OpenRoaming
[serial]   <- DEV 34:B8:83:64:BD:A0 RSSI -84 TYPE B SSID Wi2eap
[serial]   <- DEV 34:B8:83:65:5C:21 RSSI -86 TYPE B SSID eduroam
[serial]   <- DEV 3A:77:07:6A:CD:27 RSSI -79 TYPE B SSID eufy Clean X10 Pro Omni-CD27
[serial]   <- DEV 54:07:7D:78:2F:02 RSSI -77 TYPE B SSID melab-2g
[serial]   <- DEV 54:9B:49:3C:14:12 RSSI -82 TYPE B SSID aterm-7e5222-5p
[serial]   <- DEV 5E:9B:49:3C:79:AA RSSI -84 TYPE B SSID <hidden>
[serial]   <- DEV 60:84:BD:F1:C5:28 RSSI -72 TYPE B SSID Buffalo-G-C528
[serial]   <- DEV 60:84:BD:F2:D3:40 RSSI -56 TYPE B SSID ap-2_bigdata-lab
[serial]   <- DEV 60:84:BD:F3:23:20 RSSI -58 TYPE B SSID ap-3_bigdata-lab
[serial]   <- DEV 60:84:BD:F3:69:30 RSSI -59 TYPE B SSID ap-1_bigdata-lab
[serial]   <- DEV 6C:8D:77:7F:F5:61 RSSI -77 TYPE B SSID eduroam
[serial]   <- DEV 6C:8D:77:7F:F5:63 RSSI -77 TYPE B SSID <hidden>
[serial]   <- DEV 6C:8D:77:7F:F5:64 RSSI -75 TYPE B SSID odins-visitor-1x
[serial]   <- DEV 6C:8D:77:7F:F5:65 RSSI -77 TYPE B SSID Wi2_OpenRoaming
[serial]   <- DEV 80:91:33:12:D8:08 RSSI -48 TYPE B SSID DaikinAP53338
[serial]   <- DEV 80:91:33:13:1D:D3 RSSI -58 TYPE B SSID DaikinAP24806
[serial]   <- DEV 80:91:33:13:8E:70 RSSI -53 TYPE B SSID DaikinAP40122
[serial]   <- DEV 84:78:48:E4:53:E5 RSSI -72 TYPE B SSID <hidden>
[serial]   <- DEV 84:F1:47:17:04:A2 RSSI -79 TYPE B SSID odins-1x
[serial]   <- DEV 84:F1:47:17:04:A3 RSSI -80 TYPE B SSID <hidden>
[serial]   <- DEV 84:F1:47:33:74:60 RSSI -76 TYPE B SSID Wi2eap
[serial]   <- DEV 84:F1:47:33:74:61 RSSI -75 TYPE B SSID eduroam
[serial]   <- DEV 84:F1:47:33:74:62 RSSI -75 TYPE B SSID odins-1x
[serial]   <- DEV 84:F1:47:33:74:64 RSSI -75 TYPE B SSID odins-visitor-1x
[serial]   <- DEV 84:F1:47:33:74:65 RSSI -74 TYPE B SSID Wi2_OpenRoaming
[serial]   <- DEV 8A:78:48:E4:53:E5 RSSI -71 TYPE B SSID Higashi-AX
[serial]   <- DEV AC:44:F2:54:D7:58 RSSI -76 TYPE B SSID waka-lab-2.4G
[serial]   <- DEV AC:44:F2:54:D7:59 RSSI -74 TYPE B SSID waka-lab-guest
[serial]   <- DEV AC:44:F2:73:1F:0A RSSI -67 TYPE B SSID devap
[serial]   <- DEV B0:4E:26:F0:DE:8E RSSI -84 TYPE B SSID PerEnd_Air1
[serial]   <- DEV B6:4E:26:F0:DE:8F RSSI -83 TYPE B SSID PerEnd_Guest
[serial]   <- DEV BC:C3:42:0E:54:30 RSSI -83 TYPE P SSID 001601C6DF45_G
[serial]   <- DEV BC:C3:42:20:D8:08 RSSI -74 TYPE P SSID Higashi-Lab-AM
[serial]   <- DEV F2:29:7F:64:A2:D2 RSSI -78 TYPE P SSID odins-1x
[serial]   <- DEV F8:16:0C:3E:C4:E1 RSSI -81 TYPE B SSID eufy Clean-B-C4E1
[serial]   <- DEV F8:94:97:0B:48:E1 RSSI -86 TYPE B SSID <hidden>
[serial]   <- SUMMARY DEVICES 50 CLOSE 16 FAR 34
[serial]   <- TARGET F4:BE:EC:1E:9D:AA NOTFOUND
[serial]   <- TARGET FA:13:E8:24:36:16 NOTFOUND
[serial]   <- END_SCAN
[serial] ----------------------------------------
[serial] 50‘ä‚ÌƒfƒoƒCƒX‚ğŒŸo
[serial] -> ƒeƒXƒgOK
[serial] ========================================
[serial] ========================================
[serial] WiFiÚ‘±Šm”FƒeƒXƒg
[serial] ========================================
[serial] ESP32 “dŒ¹ON...
[serial]   <- READY óM (415ms)
[serial] WiFiƒXƒLƒƒƒ“ŠJn (10•b)...
[serial]   <- OK SCAN 10000
[serial]   <- BEGIN_SCAN 10000 300
[serial]   <- DEV 00:24:A5:65:CD:C0 RSSI -50 TYPE B SSID matsushita_lab
[serial]   <- DEV 04:D4:C4:C4:72:78 RSSI -83 TYPE B SSID research_ap
[serial]   <- DEV 18:EC:E7:25:6D:04 RSSI -87 TYPE B SSID Extender-G-6D04
[serial]   <- DEV 18:EC:E7:25:6D:05 RSSI -82 TYPE B SSID 4528_a
[serial]   <- DEV 1A:92:66:2D:46:49 RSSI -65 TYPE B SSID Joshua
[serial]   <- DEV 1C:7C:98:C0:2E:CA RSSI -80 TYPE B SSID aterm-0e0553-5p
[serial]   <- DEV 2C:1A:05:D5:75:A0 RSSI -79 TYPE B SSID Wi2eap
[serial]   <- DEV 2C:1A:05:D5:75:A1 RSSI -81 TYPE B SSID eduroam
[serial]   <- DEV 2C:1A:05:D5:75:A2 RSSI -81 TYPE B SSID odins-1x
[serial]   <- DEV 2C:1A:05:D5:75:A3 RSSI -84 TYPE B SSID <hidden>
[serial]   <- DEV 2C:1A:05:D5:75:A5 RSSI -78 TYPE B SSID Wi2_OpenRoaming
[serial]   <- DEV 2C:1A:05:D5:9C:60 RSSI -52 TYPE B SSID Wi2eap
[serial]   <- DEV 2C:1A:05:D5:9C:61 RSSI -52 TYPE B SSID eduroam
[serial]   <- DEV 2C:1A:05:D5:9C:62 RSSI -52 TYPE B SSID odins-1x
[serial]   <- DEV 2C:1A:05:D5:9C:63 RSSI -55 TYPE B SSID <hidden>
[serial]   <- DEV 2C:1A:05:D5:9C:64 RSSI -52 TYPE B SSID odins-visitor-1x
[serial]   <- DEV 2C:1A:05:D5:9C:65 RSSI -52 TYPE B SSID Wi2_OpenRoaming
[serial]   <- DEV 34:3D:C4:D6:CD:48 RSSI -87 TYPE B SSID Buffalo-G-CD48
[serial]   <- DEV 34:B8:83:64:BD:A0 RSSI -83 TYPE B SSID Wi2eap
[serial]   <- DEV 38:18:68:13:C1:A3 RSSI -87 TYPE P SSID MiuraLab
[serial]   <- DEV 3A:77:07:6A:CD:27 RSSI -76 TYPE B SSID eufy Clean X10 Pro Omni-CD27
[serial]   <- DEV 3C:37:86:D2:86:C6 RSSI -80 TYPE B SSID MoLab
[serial]   <- DEV 54:07:7D:78:50:41 RSSI -79 TYPE B SSID melab-2g
[serial]   <- DEV 54:9B:49:3C:14:12 RSSI -85 TYPE B SSID aterm-7e5222-5p
[serial]   <- DEV 5A:9B:49:3C:14:12 RSSI -84 TYPE B SSID aterm-7e5222-5s
[serial]   <- DEV 5C:E4:2A:F9:7F:0E RSSI -75 TYPE P SSID <broadcast>
[serial]   <- DEV 60:84:BD:F1:C5:28 RSSI -72 TYPE B SSID Buffalo-G-C528
[serial]   <- DEV 60:84:BD:F2:D3:40 RSSI -61 TYPE B SSID ap-2_bigdata-lab
[serial]   <- DEV 60:84:BD:F3:23:20 RSSI -63 TYPE B SSID ap-3_bigdata-lab
[serial]   <- DEV 60:84:BD:F3:69:30 RSSI -59 TYPE B SSID ap-1_bigdata-lab
[serial]   <- DEV 6C:8D:77:7F:F5:60 RSSI -76 TYPE B SSID Wi2eap
[serial]   <- DEV 6C:8D:77:7F:F5:61 RSSI -79 TYPE B SSID eduroam
[serial]   <- DEV 6C:8D:77:7F:F5:63 RSSI -73 TYPE B SSID <hidden>
[serial]   <- DEV 6C:8D:77:7F:F5:64 RSSI -76 TYPE B SSID odins-visitor-1x
[serial]   <- DEV 6C:8D:77:7F:F5:65 RSSI -76 TYPE B SSID Wi2_OpenRoaming
[serial]   <- DEV 6C:8D:77:82:82:44 RSSI -83 TYPE B SSID odins-visitor-1x
[serial]   <- DEV 6C:E4:DA:15:56:66 RSSI -78 TYPE B SSID aterm-7ab32d-g
[serial]   <- DEV 80:91:33:12:D8:08 RSSI -52 TYPE B SSID DaikinAP53338
[serial]   <- DEV 80:91:33:13:1D:D3 RSSI -56 TYPE B SSID DaikinAP24806
[serial]   <- DEV 80:91:33:13:8E:70 RSSI -53 TYPE B SSID DaikinAP40122
[serial]   <- DEV 84:78:48:E4:53:E5 RSSI -75 TYPE B SSID <hidden>
[serial]   <- DEV 84:F1:47:17:04:A0 RSSI -81 TYPE B SSID Wi2eap
[serial]   <- DEV 84:F1:47:17:04:A2 RSSI -80 TYPE B SSID odins-1x
[serial]   <- DEV 84:F1:47:17:04:A3 RSSI -83 TYPE B SSID <hidden>
[serial]   <- DEV 84:F1:47:33:74:60 RSSI -77 TYPE B SSID Wi2eap
[serial]   <- DEV 84:F1:47:33:74:61 RSSI -77 TYPE B SSID eduroam
[serial]   <- DEV 84:F1:47:33:74:62 RSSI -75 TYPE B SSID odins-1x
[serial]   <- DEV 84:F1:47:33:74:64 RSSI -75 TYPE B SSID odins-visitor-1x
[serial]   <- DEV 84:F1:47:33:74:65 RSSI -77 TYPE B SSID Wi2_OpenRoaming
[serial]   <- DEV 86:F9:4E:A8:E4:CE RSSI -85 TYPE P SSID <broadcast>
[serial]   <- DEV 8A:78:48:E4:53:E5 RSSI -74 TYPE B SSID Higashi-AX
[serial]   <- DEV A0:59:50:D9:51:D4 RSSI -83 TYPE P SSID melab
[serial]   <- DEV AC:3D:CB:5E:E9:58 RSSI -58 TYPE P SSID <broadcast>
[serial]   <- DEV AC:44:F2:54:D7:58 RSSI -73 TYPE B SSID waka-lab-2.4G
[serial]   <- DEV AC:44:F2:54:D7:59 RSSI -73 TYPE B SSID waka-lab-guest
[serial]   <- DEV BC:C3:42:0E:54:30 RSSI -84 TYPE P SSID 001601C6DF45_G
[serial]   <- DEV BC:C3:42:20:D8:08 RSSI -73 TYPE P SSID Higashi-Lab-AM
[serial]   <- DEV C4:3C:EA:8F:D8:81 RSSI -82 TYPE B SSID <hidden>
[serial]   <- DEV C8:A3:E8:07:9E:C5 RSSI -86 TYPE P SSID <broadcast>
[serial]   <- DEV DA:BD:1C:EC:CE:3C RSSI -68 TYPE P SSID <broadcast>
[serial]   <- DEV F8:16:0C:3E:C4:E1 RSSI -82 TYPE B SSID eufy Clean-B-C4E1
[serial]   <- SUMMARY DEVICES 61 CLOSE 16 FAR 45
[serial]   <- TARGET F4:BE:EC:1E:9D:AA NOTFOUND
[serial]   <- TARGET FA:13:E8:24:36:16 NOTFOUND
[serial]   <- END_SCAN
[serial] ----------------------------------------
[serial] 61‘ä‚ÌƒfƒoƒCƒX‚ğŒŸo
[serial] -> ƒeƒXƒgOK
[serial] ========================================
[serial] ========================================
[serial] WiFiÚ‘±Šm”FƒeƒXƒg
[serial] ========================================
[serial] ESP32 “dŒ¹ON...
[serial]   <- READY óM (415ms)
[serial] WiFiƒXƒLƒƒƒ“ŠJn (10•b)...
[serial]   <- OK SCAN 10000
[serial]   <- BEGIN_SCAN 10000 300
[serial]   <- DEV 00:01:8E:65:15:5C RSSI -75 TYPE B SSID abt-wifi
[serial]   <- DEV 00:01:8E:65:15:5D RSSI -81 TYPE B SSID logitec2nd53
[serial]   <- DEV 00:1D:73:C9:61:B0 RSSI -80 TYPE P SSID c73f88_n
[serial]   <- DEV 00:24:A5:65:CD:C0 RSSI -51 TYPE B SSID matsushita_lab
[serial]   <- DEV 04:D4:C4:C4:72:78 RSSI -82 TYPE B SSID research_ap
[serial]   <- DEV 18:EC:E7:25:6D:04 RSSI -87 TYPE B SSID Extender-G-6D04
[serial]   <- DEV 1A:92:66:2D:46:49 RSSI -64 TYPE B SSID Joshua
[serial]   <- DEV 22:7C:98:C0:2E:CA RSSI -81 TYPE B SSID aterm-0e0553-5s
[serial]   <- DEV 2C:1A:05:D5:75:A1 RSSI -84 TYPE B SSID eduroam
[serial]   <- DEV 2C:1A:05:D5:75:A2 RSSI -83 TYPE B SSID odins-1x
[serial]   <- DEV 2C:1A:05:D5:75:A5 RSSI -83 TYPE B SSID Wi2_OpenRoaming
[serial]   <- DEV 2C:1A:05:D5:9C:60 RSSI -56 TYPE B SSID Wi2eap
[serial]   <- DEV 2C:1A:05:D5:9C:61 RSSI -56 TYPE B SSID eduroam
[serial]   <- DEV 2C:1A:05:D5:9C:62 RSSI -54 TYPE B SSID odins-1x
[serial]   <- DEV 2C:1A:05:D5:9C:63 RSSI -55 TYPE B SSID <hidden>
[serial]   <- DEV 2C:1A:05:D5:9C:64 RSSI -56 TYPE B SSID odins-visitor-1x
[serial]   <- DEV 2C:1A:05:D5:9C:65 RSSI -56 TYPE B SSID Wi2_OpenRoaming
[serial]   <- DEV 3A:77:07:6A:CD:27 RSSI -77 TYPE B SSID eufy Clean X10 Pro Omni-CD27
[serial]   <- DEV 48:D6:D5:06:B4:50 RSSI -44 TYPE P SSID ap-1_bigdata-lab
[serial]   <- DEV 50:C4:DD:A6:4E:E0 RSSI -85 TYPE B SSID Buffalo-G-4EE0
[serial]   <- DEV 54:07:7D:78:2F:02 RSSI -79 TYPE B SSID melab-2g
[serial]   <- DEV 54:07:7D:78:50:41 RSSI -80 TYPE B SSID melab-2g
[serial]   <- DEV 54:9B:49:3C:14:12 RSSI -81 TYPE B SSID aterm-7e5222-5p
[serial]   <- DEV 5E:9B:49:3C:79:AA RSSI -81 TYPE B SSID <hidden>
[serial]   <- DEV 60:84:BD:F1:C5:28 RSSI -72 TYPE B SSID Buffalo-G-C528
[serial]   <- DEV 60:84:BD:F2:D3:40 RSSI -61 TYPE B SSID ap-2_bigdata-lab
[serial]   <- DEV 60:84:BD:F3:23:20 RSSI -62 TYPE B SSID ap-3_bigdata-lab
[serial]   <- DEV 60:84:BD:F3:69:30 RSSI -60 TYPE B SSID ap-1_bigdata-lab
[serial]   <- DEV 6C:8D:77:7F:F5:60 RSSI -77 TYPE B SSID Wi2eap
[serial]   <- DEV 6C:8D:77:7F:F5:61 RSSI -77 TYPE B SSID eduroam
[serial]   <- DEV 6C:8D:77:7F:F5:62 RSSI -76 TYPE B SSID odins-1x
[serial]   <- DEV 6C:8D:77:7F:F5:63 RSSI -76 TYPE B SSID <hidden>
[serial]   <- DEV 6C:8D:77:7F:F5:64 RSSI -76 TYPE B SSID odins-visitor-1x
[serial]   <- DEV 6C:8D:77:7F:F5:65 RSSI -84 TYPE B SSID Wi2_OpenRoaming
[serial]   <- DEV 80:13:16:D7:69:50 RSSI -76 TYPE P SSID <broadcast>
[serial]   <- DEV 80:91:33:12:D8:08 RSSI -52 TYPE B SSID DaikinAP53338
[serial]   <- DEV 80:91:33:13:1D:D3 RSSI -58 TYPE B SSID DaikinAP24806
[serial]   <- DEV 80:91:33:13:8E:70 RSSI -52 TYPE B SSID DaikinAP40122
[serial]   <- DEV 84:78:48:E4:53:E5 RSSI -75 TYPE B SSID <hidden>
[serial]   <- DEV 84:F1:47:17:04:A1 RSSI -81 TYPE B SSID eduroam
[serial]   <- DEV 84:F1:47:17:04:A2 RSSI -82 TYPE B SSID odins-1x
[serial]   <- DEV 84:F1:47:17:04:A3 RSSI -82 TYPE B SSID <hidden>
[serial]   <- DEV 84:F1:47:33:74:60 RSSI -77 TYPE B SSID Wi2eap
[serial]   <- DEV 84:F1:47:33:74:61 RSSI -78 TYPE B SSID eduroam
[serial]   <- DEV 84:F1:47:33:74:62 RSSI -76 TYPE B SSID odins-1x
[serial]   <- DEV 84:F1:47:33:74:63 RSSI -78 TYPE B SSID <hidden>
[serial]   <- DEV 84:F1:47:33:74:64 RSSI -77 TYPE B SSID odins-visitor-1x
[serial]   <- DEV 84:F1:47:33:74:65 RSSI -77 TYPE B SSID Wi2_OpenRoaming
[serial]   <- DEV 86:F9:4E:A8:E4:CE RSSI -85 TYPE P SSID <broadcast>
[serial]   <- DEV 8A:78:48:E4:53:E5 RSSI -74 TYPE B SSID Higashi-AX
[serial]   <- DEV 9A:A6:7E:6E:C5:25 RSSI -89 TYPE B SSID mlab-wireless6
[serial]   <- DEV 9E:A6:7E:74:8A:D5 RSSI -82 TYPE B SSID <hidden>
[serial]   <- DEV AC:44:F2:54:D7:58 RSSI -75 TYPE B SSID waka-lab-2.4G
[serial]   <- DEV AC:44:F2:54:D7:59 RSSI -77 TYPE B SSID waka-lab-guest
[serial]   <- DEV B6:4E:26:F0:DE:8F RSSI -81 TYPE B SSID PerEnd_Guest
[serial]   <- DEV BC:C3:42:0E:54:30 RSSI -83 TYPE P SSID 001601C6DF45_G
[serial]   <- DEV BC:C3:42:20:D8:08 RSSI -75 TYPE P SSID Higashi-Lab-AM
[serial]   <- DEV C4:D0:E3:2D:D0:93 RSSI -51 TYPE P SSID <broadcast>
[serial]   <- DEV E8:C7:CF:A2:43:7A RSSI -83 TYPE P SSID <broadcast>
[serial]   <- DEV EA:A0:20:3C:AF:95 RSSI -55 TYPE P SSID <broadcast>
[serial]   <- DEV F8:16:0C:3E:C4:E1 RSSI -82 TYPE B SSID eufy Clean-B-C4E1
[serial]   <- SUMMARY DEVICES 61 CLOSE 17 FAR 44
[serial]   <- TARGET F4:BE:EC:1E:9D:AA NOTFOUND
[serial]   <- TARGET FA:13:E8:24:36:16 NOTFOUND
[serial]   <- END_SCAN
[serial] ----------------------------------------
[serial] 61‘ä‚ÌƒfƒoƒCƒX‚ğŒŸo
[serial] -> ƒeƒXƒgOK
{"pair_id": 2, "v5_port": "COM25", "upload": {"cmd": "arduino-cli compile --fqbn adafruit:nrf52:feather52840 -u -p COM26 C:\\Users\\tsune\\logbot\\LogbotArduinoCode\\logbot-v5\\v5_umineko_wifi_2026\\nrf_wifi_connection_test", "v5_port_arg": "COM25", "trigger_1200_baud": false, "dfu_port_detected": "COM26", "upload_port_used": "COM26", "returncode": 0, "success": true, "failure_marker": null, "stdout_tail": ["Sketch uses 54992 bytes (6%) of program storage space. Maximum is 815104 bytes.", "Global variables use 8220 bytes (3%) of dynamic memory, leaving 229348 bytes for local variables. Maximum is 237568 bytes.", "Upgrading target on COM26 with DFU package C:\\Users\\tsune\\AppData\\Local\\arduino\\sketches\\EA89A51AC28C3851A7CADCDE3FE70ED5\\nrf_wifi_connection_test.ino.zip. Flow control is disabled, Single bank, Touch disabled", "########################################", "########################################", "############################", "Activating new firmware", "Device programmed."], "stderr_tail": []}, "duration_sec": 90.0, "min_testok": 3, "ok_count": 3, "last_error": "", "log_line_count": 221, "pass": true, "verify_path": "C:\\Users\\tsune\\current_measurement\\screening\\data\\screening_pair02_20260716-190911_verify.json", "log_tail": [{"ts": "2026-07-16T19:11:20.988", "line": "  <- DEV AC:44:F2:54:D7:59 RSSI -77 TYPE B SSID waka-lab-guest"}, {"ts": "2026-07-16T19:11:20.988", "line": "  <- DEV B6:4E:26:F0:DE:8F RSSI -81 TYPE B SSID PerEnd_Guest"}, {"ts": "2026-07-16T19:11:21.054", "line": "  <- DEV BC:C3:42:0E:54:30 RSSI -83 TYPE P SSID 001601C6DF45_G"}, {"ts": "2026-07-16T19:11:21.121", "line": "  <- DEV BC:C3:42:20:D8:08 RSSI -75 TYPE P SSID Higashi-Lab-AM"}, {"ts": "2026-07-16T19:11:21.233", "line": "  <- DEV C4:D0:E3:2D:D0:93 RSSI -51 TYPE P SSID <broadcast>"}, {"ts": "2026-07-16T19:11:21.292", "line": "  <- DEV E8:C7:CF:A2:43:7A RSSI -83 TYPE P SSID <broadcast>"}, {"ts": "2026-07-16T19:11:21.342", "line": "  <- DEV EA:A0:20:3C:AF:95 RSSI -55 TYPE P SSID <broadcast>"}, {"ts": "2026-07-16T19:11:21.420", "line": "  <- DEV F8:16:0C:3E:C4:E1 RSSI -82 TYPE B SSID eufy Clean-B-C4E1"}, {"ts": "2026-07-16T19:11:21.420", "line": "  <- SUMMARY DEVICES 61 CLOSE 17 FAR 44"}, {"ts": "2026-07-16T19:11:21.420", "line": "  <- TARGET F4:BE:EC:1E:9D:AA NOTFOUND"}, {"ts": "2026-07-16T19:11:21.470", "line": "  <- TARGET FA:13:E8:24:36:16 NOTFOUND"}, {"ts": "2026-07-16T19:11:21.471", "line": "  <- END_SCAN"}, {"ts": "2026-07-16T19:11:21.471", "line": "----------------------------------------"}, {"ts": "2026-07-16T19:11:21.471", "line": "61‘ä‚ÌƒfƒoƒCƒX‚ğŒŸo"}, {"ts": "2026-07-16T19:11:21.471", "line": "-> ƒeƒXƒgOK"}]}

[done] meta saved: C:\Users\tsune\current_measurement\screening\data\screening_pair02_20260716-190911_meta.json
[done] CSV –¢¶¬ or ‹ó (C:\Users\tsune\current_measurement\screening\data\screening_pair02_20260716-190911.csv)
