[run] C:\Users\tsune\current_measurement\venv\Scripts\python.exe C:\Users\tsune\logbot\tools\logbot-usb\logbot_usb.py cycle --wait 1.0
COM11: VBUS OFF, 1.0ç§’å¾…æ©Ÿ...
COM11: VBUS ON (å¾©å¸°)
[phase0] arduino-cli ‚Å nrf_power_test_all ¨ COM35 ‘‚«‚İ
[run] C:\Users\tsune\current_measurement\venv\Scripts\python.exe C:\Users\tsune\logbot\tools\logbot-ctl\logbot_ctl.py info COM34
[run] C:\Users\tsune\current_measurement\venv\Scripts\python.exe C:\Users\tsune\logbot\tools\logbot-ctl\logbot_ctl.py tm COM34
COM34: RTC synced to PC time
[run] (background) C:\Users\tsune\current_measurement\venv\Scripts\python.exe C:\Users\tsune\current_measurement\current_monitor.py --headless --port COM10 --baud 9600 --csv C:\Users\tsune\current_measurement\screening\data\screening_pair05_20260718-172222.csv
[current_monitor headless] port=COM10 baud=9600 csv=C:\Users\tsune\current_measurement\screening\data\screening_pair05_20260718-172222.csv
[run] C:\Users\tsune\current_measurement\venv\Scripts\python.exe C:\Users\tsune\logbot\tools\logbot-ctl\logbot_ctl.py reset COM34
COM34: CPU RESET pulsed (100ms)
[run] C:\Users\tsune\current_measurement\venv\Scripts\python.exe C:\Users\tsune\logbot\tools\logbot-usb\logbot_usb.py off
COM11: VBUS OFF (ãƒªãƒ¬ãƒ¼é–‹)
[wait sequence] c‚è 120s / 150s
[wait sequence] c‚è 90s / 150s
[wait sequence] c‚è 60s / 150s
[wait sequence] c‚è 30s / 150s
[run] C:\Users\tsune\current_measurement\venv\Scripts\python.exe C:\Users\tsune\logbot\tools\logbot-usb\logbot_usb.py on
COM11: VBUS ON (ãƒªãƒ¬ãƒ¼é–‰)
[run] C:\Users\tsune\current_measurement\venv\Scripts\python.exe C:\Users\tsune\logbot\tools\logbot-usb\logbot_usb.py cycle --wait 1.0
COM11: VBUS OFF, 1.0ç§’å¾…æ©Ÿ...
COM11: VBUS ON (å¾©å¸°)
[verify] starting: C:\Users\tsune\current_measurement\venv\Scripts\python.exe C:\Users\tsune\current_measurement\screening\screening_verify.py --pair-id 5 --v5-port COM35 --duration-sec 90.0 --out-prefix screening_pair05_20260718-172222
[verify] arduino-cli ‚Å nrf_wifi_connection_test ¨ COM35 ‘‚«‚İ
[serial] nRF52840 WiFiÚ‘±Šm”FƒeƒXƒgƒvƒƒOƒ‰ƒ€
[serial] 5•bŠÔŠu‚Å©“®ƒXƒLƒƒƒ“‚ğÀs‚µ‚Ü‚·
[serial] ========================================
[serial] WiFiÚ‘±Šm”FƒeƒXƒg
[serial] ========================================
[serial] ESP32 “dŒ¹ON...
[serial]   <- READY óM (418ms)
[serial] WiFiƒXƒLƒƒƒ“ŠJn (10•b)...
[serial]   <- OK SCAN 10000
[serial]   <- BEGIN_SCAN 10000 300
[serial]   <- DEV 00:1D:73:C9:61:B0 RSSI -82 TYPE P SSID c73f88_n
[serial]   <- DEV 00:24:A5:65:CD:C0 RSSI -57 TYPE B SSID matsushita_lab
[serial]   <- DEV 04:C4:61:BB:9E:71 RSSI -82 TYPE B SSID DaikinAP77240
[serial]   <- DEV 18:EC:E7:25:6D:04 RSSI -85 TYPE B SSID Extender-G-6D04
[serial]   <- DEV 18:EC:E7:25:6D:05 RSSI -83 TYPE B SSID 4528_a
[serial]   <- DEV 20:BD:1D:07:EC:E4 RSSI -28 TYPE P SSID DIRECT-
[serial]   <- DEV 2C:1A:05:D5:9C:60 RSSI -50 TYPE B SSID Wi2eap
[serial]   <- DEV 2C:1A:05:D5:9C:61 RSSI -51 TYPE B SSID eduroam
[serial]   <- DEV 2C:1A:05:D5:9C:62 RSSI -50 TYPE B SSID odins-1x
[serial]   <- DEV 2C:1A:05:D5:9C:63 RSSI -50 TYPE B SSID <hidden>
[serial]   <- DEV 2C:1A:05:D5:9C:64 RSSI -50 TYPE B SSID odins-visitor-1x
[serial]   <- DEV 2C:1A:05:D5:9C:65 RSSI -51 TYPE B SSID Wi2_OpenRoaming
[serial]   <- DEV 34:3D:C4:21:2D:8D RSSI -90 TYPE B SSID Buffalo-G-2D8C
[serial]   <- DEV 34:3D:C4:D6:CD:48 RSSI -89 TYPE B SSID Buffalo-G-CD48
[serial]   <- DEV 3A:77:07:6A:CD:27 RSSI -78 TYPE B SSID eufy Clean X10 Pro Omni-CD27
[serial]   <- DEV 54:07:7D:78:2F:02 RSSI -80 TYPE B SSID melab-2g
[serial]   <- DEV 54:07:7D:78:50:41 RSSI -78 TYPE B SSID melab-2g
[serial]   <- DEV 54:9B:49:3C:79:AA RSSI -74 TYPE B SSID MiuraLab
[serial]   <- DEV 5E:9B:49:3C:79:AA RSSI -75 TYPE B SSID <hidden>
[serial]   <- DEV 60:84:BD:F1:C5:28 RSSI -78 TYPE B SSID Buffalo-G-C528
[serial]   <- DEV 60:84:BD:F2:D3:40 RSSI -58 TYPE B SSID ap-2_bigdata-lab
[serial]   <- DEV 60:84:BD:F3:23:20 RSSI -61 TYPE B SSID ap-3_bigdata-lab
[serial]   <- DEV 60:84:BD:F3:69:30 RSSI -56 TYPE B SSID ap-1_bigdata-lab
[serial]   <- DEV 64:A5:C3:68:66:8C RSSI -86 TYPE B SSID ISTC524HS
[serial]   <- DEV 6C:8D:77:7F:F5:60 RSSI -76 TYPE B SSID Wi2eap
[serial]   <- DEV 6C:8D:77:7F:F5:61 RSSI -74 TYPE B SSID eduroam
[serial]   <- DEV 6C:8D:77:7F:F5:62 RSSI -74 TYPE B SSID odins-1x
[serial]   <- DEV 6C:8D:77:7F:F5:63 RSSI -74 TYPE B SSID <hidden>
[serial]   <- DEV 6C:8D:77:7F:F5:64 RSSI -74 TYPE B SSID odins-visitor-1x
[serial]   <- DEV 6C:8D:77:7F:F5:65 RSSI -75 TYPE B SSID Wi2_OpenRoaming
[serial]   <- DEV 6C:E4:DA:15:56:66 RSSI -72 TYPE B SSID aterm-7ab32d-g
[serial]   <- DEV 80:91:33:12:D8:08 RSSI -48 TYPE B SSID DaikinAP53338
[serial]   <- DEV 80:91:33:13:1D:D3 RSSI -56 TYPE B SSID DaikinAP24806
[serial]   <- DEV 80:91:33:13:8E:70 RSSI -56 TYPE B SSID DaikinAP40122
[serial]   <- DEV 84:78:48:E4:53:E5 RSSI -76 TYPE B SSID <hidden>
[serial]   <- DEV 84:F1:47:17:04:A0 RSSI -80 TYPE B SSID Wi2eap
[serial]   <- DEV 84:F1:47:17:04:A1 RSSI -82 TYPE B SSID eduroam
[serial]   <- DEV 84:F1:47:17:04:A2 RSSI -82 TYPE B SSID odins-1x
[serial]   <- DEV 84:F1:47:17:04:A3 RSSI -82 TYPE B SSID <hidden>
[serial]   <- DEV 84:F1:47:17:04:A4 RSSI -82 TYPE B SSID odins-visitor-1x
[serial]   <- DEV 84:F1:47:17:04:A5 RSSI -82 TYPE B SSID Wi2_OpenRoaming
[serial]   <- DEV 84:F1:47:17:0B:40 RSSI -84 TYPE B SSID Wi2eap
[serial]   <- DEV 84:F1:47:17:0B:41 RSSI -84 TYPE B SSID eduroam
[serial]   <- DEV 84:F1:47:17:0B:43 RSSI -84 TYPE B SSID <hidden>
[serial]   <- DEV 84:F1:47:33:74:60 RSSI -75 TYPE B SSID Wi2eap
[serial]   <- DEV 84:F1:47:33:74:62 RSSI -73 TYPE B SSID odins-1x
[serial]   <- DEV 84:F1:47:33:74:63 RSSI -73 TYPE B SSID <hidden>
[serial]   <- DEV 84:F1:47:33:74:64 RSSI -74 TYPE B SSID odins-visitor-1x
[serial]   <- DEV 84:F1:47:33:74:65 RSSI -75 TYPE B SSID Wi2_OpenRoaming
[serial]   <- DEV 8A:78:48:E4:53:E5 RSSI -73 TYPE B SSID Higashi-AX
[serial]   <- DEV 8E:78:48:E4:53:E5 RSSI -75 TYPE B SSID mc-lab-wireless
[serial]   <- DEV 8E:78:48:E4:55:19 RSSI -83 TYPE B SSID <hidden>
[serial]   <- DEV 9A:A6:7E:74:8A:D5 RSSI -83 TYPE B SSID mlab-wireless6
[serial]   <- DEV 9E:A6:7E:74:8A:D5 RSSI -80 TYPE B SSID <hidden>
[serial]   <- DEV AC:44:F2:24:57:38 RSSI -78 TYPE B SSID SuzukiLab_wifi
[serial]   <- DEV AC:44:F2:54:D7:58 RSSI -71 TYPE B SSID waka-lab-2.4G
[serial]   <- DEV B0:4E:26:F0:DE:8E RSSI -81 TYPE B SSID PerEnd_Air1
[serial]   <- DEV B6:4E:26:F0:DE:8F RSSI -82 TYPE B SSID PerEnd_Guest
[serial]   <- DEV BC:C3:42:0E:54:30 RSSI -85 TYPE P SSID 001601C6DF45_G
[serial]   <- DEV BC:C3:42:20:D8:08 RSSI -73 TYPE P SSID Higashi-Lab-AM
[serial]   <- DEV C0:25:A2:F3:7B:5E RSSI -79 TYPE B SSID aterm-171a0c-g
[serial]   <- DEV C4:3C:EA:8F:D8:81 RSSI -51 TYPE B SSID <hidden>
[serial]   <- DEV C6:3C:EA:8F:D8:83 RSSI -50 TYPE B SSID ap-4_2G_bigdata-lab
[serial]   <- DEV C6:3C:EA:8F:D8:84 RSSI -51 TYPE B SSID ap-4_2G_bigdata-lab-WPA3
[serial]   <- DEV DA:FB:B3:80:84:D6 RSSI -76 TYPE B SSID <hidden>
[serial]   <- DEV F4:D1:08:B1:86:51 RSSI -77 TYPE B SSID DIRECT-Cynap-Pure-01097504-QsXw
[serial]   <- DEV F8:16:0C:3E:C4:E1 RSSI -80 TYPE B SSID eufy Clean-B-C4E1
[serial]   <- DEV F8:B7:97:9C:13:C2 RSSI -85 TYPE B SSID C1-124-okura
[serial]   <- DEV FE:19:28:76:A4:B8 RSSI -80 TYPE B SSID Pro 2 D15_2876A4B8
[serial]   <- SUMMARY DEVICES 69 CLOSE 17 FAR 52
[serial]   <- TARGET F4:BE:EC:1E:9D:AA NOTFOUND
[serial]   <- TARGET FA:13:E8:24:36:16 NOTFOUND
[serial]   <- END_SCAN
[serial] ----------------------------------------
[serial] 69‘ä‚ÌƒfƒoƒCƒX‚ğŒŸo
[serial] -> ƒeƒXƒgOK
[serial] ========================================
[serial] ========================================
[serial] WiFiÚ‘±Šm”FƒeƒXƒg
[serial] ========================================
[serial] ESP32 “dŒ¹ON...
[serial]   <- READY óM (422ms)
[serial] WiFiƒXƒLƒƒƒ“ŠJn (10•b)...
[serial]   <- OK SCAN 10000
[serial]   <- BEGIN_SCAN 10000 300
[serial]   <- DEV 00:24:A5:65:CD:C0 RSSI -57 TYPE B SSID matsushita_lab
[serial]   <- DEV 04:9D:05:51:E5:DE RSSI -87 TYPE P SSID mlab-wireless6
[serial]   <- DEV 04:C4:61:BB:9E:71 RSSI -82 TYPE B SSID DaikinAP77240
[serial]   <- DEV 18:EC:E7:25:6D:04 RSSI -85 TYPE B SSID Extender-G-6D04
[serial]   <- DEV 18:EC:E7:25:6D:05 RSSI -85 TYPE B SSID 4528_a
[serial]   <- DEV 1C:7C:98:C0:2E:CA RSSI -88 TYPE B SSID aterm-0e0553-5p
[serial]   <- DEV 2C:1A:05:D5:9C:60 RSSI -55 TYPE B SSID Wi2eap
[serial]   <- DEV 2C:1A:05:D5:9C:61 RSSI -55 TYPE B SSID eduroam
[serial]   <- DEV 2C:1A:05:D5:9C:62 RSSI -55 TYPE B SSID odins-1x
[serial]   <- DEV 2C:1A:05:D5:9C:63 RSSI -54 TYPE B SSID <hidden>
[serial]   <- DEV 2C:1A:05:D5:9C:64 RSSI -55 TYPE B SSID odins-visitor-1x
[serial]   <- DEV 2C:1A:05:D5:9C:65 RSSI -54 TYPE B SSID Wi2_OpenRoaming
[serial]   <- DEV 34:3D:C4:21:2D:8D RSSI -90 TYPE B SSID Buffalo-G-2D8C
[serial]   <- DEV 34:3D:C4:D6:CD:48 RSSI -86 TYPE B SSID Buffalo-G-CD48
[serial]   <- DEV 34:B8:83:64:BD:A0 RSSI -85 TYPE B SSID Wi2eap
[serial]   <- DEV 34:B8:83:64:BD:A2 RSSI -83 TYPE B SSID odins-1x
[serial]   <- DEV 34:B8:83:64:BD:A3 RSSI -83 TYPE B SSID <hidden>
[serial]   <- DEV 34:B8:83:64:BD:A5 RSSI -82 TYPE B SSID Wi2_OpenRoaming
[serial]   <- DEV 3A:77:07:6A:CD:27 RSSI -78 TYPE B SSID eufy Clean X10 Pro Omni-CD27
[serial]   <- DEV 50:C4:DD:69:E6:A9 RSSI -89 TYPE B SSID mlab-wirelssss
[serial]   <- DEV 54:07:7D:78:14:02 RSSI -77 TYPE B SSID melab-2g
[serial]   <- DEV 54:07:7D:78:2F:02 RSSI -80 TYPE B SSID melab-2g
[serial]   <- DEV 54:07:7D:78:50:41 RSSI -82 TYPE B SSID melab-2g
[serial]   <- DEV 54:9B:49:3C:14:12 RSSI -82 TYPE B SSID aterm-7e5222-5p
[serial]   <- DEV 54:9B:49:3C:79:AA RSSI -70 TYPE B SSID MiuraLab
[serial]   <- DEV 5A:9B:49:3C:14:12 RSSI -81 TYPE B SSID aterm-7e5222-5s
[serial]   <- DEV 60:84:BD:F1:C5:28 RSSI -83 TYPE B SSID Buffalo-G-C528
[serial]   <- DEV 60:84:BD:F2:D3:40 RSSI -60 TYPE B SSID ap-2_bigdata-lab
[serial]   <- DEV 60:84:BD:F3:23:20 RSSI -63 TYPE B SSID ap-3_bigdata-lab
[serial]   <- DEV 60:84:BD:F3:69:30 RSSI -59 TYPE B SSID ap-1_bigdata-lab
[serial]   <- DEV 64:A5:C3:68:66:8C RSSI -89 TYPE B SSID ISTC524HS
[serial]   <- DEV 6C:8D:77:7F:F5:60 RSSI -78 TYPE B SSID Wi2eap
[serial]   <- DEV 6C:8D:77:7F:F5:61 RSSI -75 TYPE B SSID eduroam
[serial]   <- DEV 6C:8D:77:7F:F5:62 RSSI -75 TYPE B SSID odins-1x
[serial]   <- DEV 6C:8D:77:7F:F5:63 RSSI -78 TYPE B SSID <hidden>
[serial]   <- DEV 6C:8D:77:7F:F5:64 RSSI -76 TYPE B SSID odins-visitor-1x
[serial]   <- DEV 6C:8D:77:7F:F5:65 RSSI -75 TYPE B SSID Wi2_OpenRoaming
[serial]   <- DEV 6C:E4:DA:15:56:66 RSSI -77 TYPE B SSID aterm-7ab32d-g
[serial]   <- DEV 6C:E4:DA:4F:03:4E RSSI -81 TYPE B SSID aterm-39740f-g
[serial]   <- DEV 80:91:33:12:D8:08 RSSI -44 TYPE B SSID DaikinAP53338
[serial]   <- DEV 80:91:33:13:1D:D3 RSSI -58 TYPE B SSID DaikinAP24806
[serial]   <- DEV 80:91:33:13:8E:70 RSSI -53 TYPE B SSID DaikinAP40122
[serial]   <- DEV 84:78:48:E4:53:E5 RSSI -78 TYPE PB SSID <hidden>
[serial]   <- DEV 84:F1:47:17:04:A0 RSSI -80 TYPE B SSID Wi2eap
[serial]   <- DEV 84:F1:47:17:04:A1 RSSI -80 TYPE B SSID eduroam
[serial]   <- DEV 84:F1:47:17:04:A2 RSSI -81 TYPE B SSID odins-1x
[serial]   <- DEV 84:F1:47:17:04:A4 RSSI -81 TYPE B SSID odins-visitor-1x
[serial]   <- DEV 84:F1:47:17:04:A5 RSSI -81 TYPE B SSID Wi2_OpenRoaming
[serial]   <- DEV 84:F1:47:17:0B:41 RSSI -83 TYPE B SSID eduroam
[serial]   <- DEV 84:F1:47:17:0B:43 RSSI -83 TYPE B SSID <hidden>
[serial]   <- DEV 84:F1:47:19:0C:45 RSSI -85 TYPE B SSID Wi2_OpenRoaming
[serial]   <- DEV 84:F1:47:33:74:60 RSSI -79 TYPE B SSID Wi2eap
[serial]   <- DEV 84:F1:47:33:74:61 RSSI -75 TYPE B SSID eduroam
[serial]   <- DEV 84:F1:47:33:74:62 RSSI -78 TYPE B SSID odins-1x
[serial]   <- DEV 84:F1:47:33:74:63 RSSI -75 TYPE B SSID <hidden>
[serial]   <- DEV 84:F1:47:33:74:64 RSSI -75 TYPE B SSID odins-visitor-1x
[serial]   <- DEV 84:F1:47:33:74:65 RSSI -75 TYPE B SSID Wi2_OpenRoaming
[serial]   <- DEV 88:57:EE:CA:CA:A1 RSSI -86 TYPE B SSID MAT
[serial]   <- DEV 8A:78:48:E4:53:E5 RSSI -77 TYPE B SSID Higashi-AX
[serial]   <- DEV 8E:78:48:E4:53:E5 RSSI -80 TYPE B SSID mc-lab-wireless
[serial]   <- DEV 8E:78:48:E4:55:19 RSSI -81 TYPE B SSID <hidden>
[serial]   <- DEV 9A:A6:7E:74:8A:D5 RSSI -86 TYPE B SSID mlab-wireless6
[serial]   <- DEV 9E:A6:7E:6E:C5:25 RSSI -89 TYPE B SSID <hidden>
[serial]   <- DEV 9E:A6:7E:74:8A:D5 RSSI -86 TYPE B SSID <hidden>
[serial]   <- DEV A2:DD:73:9E:B3:2C RSSI -60 TYPE P SSID <broadcast>
[serial]   <- DEV AC:44:F2:54:D7:58 RSSI -74 TYPE B SSID waka-lab-2.4G
[serial]   <- DEV AC:44:F2:54:D7:59 RSSI -72 TYPE B SSID waka-lab-guest
[serial]   <- DEV B0:4E:26:F0:DE:8E RSSI -82 TYPE B SSID PerEnd_Air1
[serial]   <- DEV B4:5D:50:EF:CA:20 RSSI -89 TYPE B SSID icn-wireless00
[serial]   <- DEV B6:4E:26:F0:DE:8F RSSI -80 TYPE B SSID PerEnd_Guest
[serial]   <- DEV BC:C3:42:20:D8:08 RSSI -72 TYPE P SSID Higashi-Lab-AM
[serial]   <- DEV C0:25:A2:F3:7B:5E RSSI -82 TYPE B SSID aterm-171a0c-g
[serial]   <- DEV C4:3C:EA:8F:D8:81 RSSI -51 TYPE B SSID <hidden>
[serial]   <- DEV C6:3C:EA:8F:D8:83 RSSI -53 TYPE B SSID ap-4_2G_bigdata-lab
[serial]   <- DEV C6:3C:EA:8F:D8:84 RSSI -51 TYPE B SSID ap-4_2G_bigdata-lab-WPA3
[serial]   <- DEV C8:A3:E8:07:9F:49 RSSI -81 TYPE P SSID odins-1x
[serial]   <- DEV EC:F0:0E:63:8A:59 RSSI -86 TYPE P SSID <broadcast>
[serial]   <- DEV F4:D1:08:B1:86:51 RSSI -76 TYPE B SSID DIRECT-Cynap-Pure-01097504-QsXw
[serial]   <- DEV F8:16:0C:3E:C4:E1 RSSI -81 TYPE B SSID eufy Clean-B-C4E1
[serial]   <- DEV F8:B7:97:9C:13:C2 RSSI -87 TYPE B SSID C1-124-okura
[serial]   <- DEV FC:19:28:76:A4:B8 RSSI -78 TYPE P SSID <broadcast>
[serial]   <- SUMMARY DEVICES 81 CLOSE 18 FAR 63
[serial]   <- TARGET F4:BE:EC:1E:9D:AA NOTFOUND
[serial]   <- TARGET FA:13:E8:24:36:16 NOTFOUND
[serial]   <- END_SCAN
[serial] ----------------------------------------
[serial] 81‘ä‚ÌƒfƒoƒCƒX‚ğŒŸo
[serial] -> ƒeƒXƒgOK
[serial] ========================================
[serial] ========================================
[serial] WiFiÚ‘±Šm”FƒeƒXƒg
[serial] ========================================
[serial] ESP32 “dŒ¹ON...
[serial]   <- READY óM (415ms)
[serial] WiFiƒXƒLƒƒƒ“ŠJn (10•b)...
[serial]   <- OK SCAN 10000
[serial]   <- BEGIN_SCAN 10000 300
[serial]   <- DEV 00:1D:73:C9:61:B0 RSSI -82 TYPE P SSID c73f88_n
[serial]   <- DEV 00:24:A5:65:CD:C0 RSSI -56 TYPE B SSID matsushita_lab
[serial]   <- DEV 04:C4:61:BB:9E:71 RSSI -85 TYPE B SSID DaikinAP77240
[serial]   <- DEV 18:EC:E7:25:6D:04 RSSI -89 TYPE B SSID Extender-G-6D04
[serial]   <- DEV 2C:1A:05:D5:9C:60 RSSI -52 TYPE B SSID Wi2eap
[serial]   <- DEV 2C:1A:05:D5:9C:61 RSSI -52 TYPE B SSID eduroam
[serial]   <- DEV 2C:1A:05:D5:9C:62 RSSI -52 TYPE B SSID odins-1x
[serial]   <- DEV 2C:1A:05:D5:9C:63 RSSI -52 TYPE B SSID <hidden>
[serial]   <- DEV 2C:1A:05:D5:9C:64 RSSI -52 TYPE B SSID odins-visitor-1x
[serial]   <- DEV 2C:1A:05:D5:9C:65 RSSI -52 TYPE B SSID Wi2_OpenRoaming
[serial]   <- DEV 32:33:40:CA:16:FB RSSI -88 TYPE P SSID <broadcast>
[serial]   <- DEV 34:3D:C4:D6:CD:48 RSSI -85 TYPE B SSID Buffalo-G-CD48
[serial]   <- DEV 54:07:7D:78:14:02 RSSI -76 TYPE B SSID melab-2g
[serial]   <- DEV 54:07:7D:78:2F:02 RSSI -78 TYPE B SSID melab-2g
[serial]   <- DEV 54:07:7D:78:50:41 RSSI -80 TYPE B SSID melab-2g
[serial]   <- DEV 54:9B:49:3C:14:12 RSSI -84 TYPE B SSID aterm-7e5222-5p
[serial]   <- DEV 54:9B:49:3C:79:AA RSSI -76 TYPE B SSID MiuraLab
[serial]   <- DEV 5E:9B:49:3C:14:12 RSSI -83 TYPE B SSID <hidden>
[serial]   <- DEV 60:84:BD:F1:C5:28 RSSI -75 TYPE B SSID Buffalo-G-C528
[serial]   <- DEV 60:84:BD:F2:D3:40 RSSI -59 TYPE B SSID ap-2_bigdata-lab
[serial]   <- DEV 60:84:BD:F3:23:20 RSSI -61 TYPE B SSID ap-3_bigdata-lab
[serial]   <- DEV 60:84:BD:F3:69:30 RSSI -60 TYPE B SSID ap-1_bigdata-lab
[serial]   <- DEV 64:A5:C3:68:66:8C RSSI -88 TYPE B SSID ISTC524HS
[serial]   <- DEV 6C:8D:77:7F:F5:60 RSSI -75 TYPE B SSID Wi2eap
[serial]   <- DEV 6C:8D:77:7F:F5:61 RSSI -74 TYPE B SSID eduroam
[serial]   <- DEV 6C:8D:77:7F:F5:62 RSSI -74 TYPE B SSID odins-1x
[serial]   <- DEV 6C:8D:77:7F:F5:63 RSSI -74 TYPE B SSID <hidden>
[serial]   <- DEV 6C:8D:77:7F:F5:64 RSSI -74 TYPE B SSID odins-visitor-1x
[serial]   <- DEV 6C:8D:77:7F:F5:65 RSSI -74 TYPE B SSID Wi2_OpenRoaming
[serial]   <- DEV 6C:E4:DA:15:56:66 RSSI -77 TYPE B SSID aterm-7ab32d-g
[serial]   <- DEV 6C:E4:DA:4F:03:4E RSSI -81 TYPE B SSID aterm-39740f-g
[serial]   <- DEV 80:91:33:12:D8:08 RSSI -46 TYPE B SSID DaikinAP53338
[serial]   <- DEV 80:91:33:13:1D:D3 RSSI -58 TYPE B SSID DaikinAP24806
[serial]   <- DEV 80:91:33:13:8E:70 RSSI -54 TYPE B SSID DaikinAP40122
[serial]   <- DEV 84:78:48:E4:53:E5 RSSI -79 TYPE PB SSID <hidden>
[serial]   <- DEV 84:F1:47:17:04:A0 RSSI -83 TYPE B SSID Wi2eap
[serial]   <- DEV 84:F1:47:17:04:A1 RSSI -83 TYPE B SSID eduroam
[serial]   <- DEV 84:F1:47:17:04:A2 RSSI -82 TYPE B SSID odins-1x
[serial]   <- DEV 84:F1:47:17:04:A4 RSSI -83 TYPE B SSID odins-visitor-1x
[serial]   <- DEV 84:F1:47:33:74:61 RSSI -73 TYPE B SSID eduroam
[serial]   <- DEV 84:F1:47:33:74:62 RSSI -74 TYPE B SSID odins-1x
[serial]   <- DEV 84:F1:47:33:74:63 RSSI -74 TYPE B SSID <hidden>
[serial]   <- DEV 84:F1:47:33:74:64 RSSI -74 TYPE B SSID odins-visitor-1x
[serial]   <- DEV 84:F1:47:33:74:65 RSSI -74 TYPE B SSID Wi2_OpenRoaming
[serial]   <- DEV 8A:78:48:E4:53:E5 RSSI -78 TYPE B SSID Higashi-AX
[serial]   <- DEV 8E:78:48:E4:53:E5 RSSI -79 TYPE B SSID mc-lab-wireless
[serial]   <- DEV AC:44:F2:24:57:38 RSSI -84 TYPE B SSID SuzukiLab_wifi
[serial]   <- DEV AC:44:F2:54:D7:58 RSSI -77 TYPE B SSID waka-lab-2.4G
[serial]   <- DEV B0:4E:26:F0:DE:8E RSSI -86 TYPE B SSID PerEnd_Air1
[serial]   <- DEV B6:4E:26:F0:DE:8F RSSI -81 TYPE B SSID PerEnd_Guest
[serial]   <- DEV BC:C3:42:20:D8:08 RSSI -73 TYPE P SSID Higashi-Lab-AM
[serial]   <- DEV C4:3C:EA:8F:D8:81 RSSI -54 TYPE B SSID <hidden>
[serial]   <- DEV C6:3C:EA:8F:D8:83 RSSI -55 TYPE B SSID ap-4_2G_bigdata-lab
[serial]   <- DEV C6:3C:EA:8F:D8:84 RSSI -54 TYPE B SSID ap-4_2G_bigdata-lab-WPA3
[serial]   <- DEV EC:F0:0E:63:8A:59 RSSI -84 TYPE P SSID ASMOUNTAINS_MAE_ACNA
[serial]   <- DEV F0:68:E3:31:A7:26 RSSI -85 TYPE P SSID <broadcast>
[serial]   <- DEV F8:16:0C:3E:C4:E1 RSSI -79 TYPE B SSID eufy Clean-B-C4E1
[serial]   <- DEV FC:19:28:76:A4:B8 RSSI -80 TYPE P SSID <broadcast>
[serial]   <- SUMMARY DEVICES 58 CLOSE 16 FAR 42
[serial]   <- TARGET F4:BE:EC:1E:9D:AA NOTFOUND
[serial]   <- TARGET FA:13:E8:24:36:16 NOTFOUND
[serial]   <- END_SCAN
[serial] ----------------------------------------
[serial] 58‘ä‚ÌƒfƒoƒCƒX‚ğŒŸo
[serial] -> ƒeƒXƒgOK
{"pair_id": 5, "v5_port": "COM35", "upload": {"cmd": "arduino-cli compile --fqbn adafruit:nrf52:feather52840 -u -p COM36 C:\\Users\\tsune\\logbot\\LogbotArduinoCode\\logbot-v5\\v5_umineko_wifi_2026\\nrf_wifi_connection_test", "v5_port_arg": "COM35", "trigger_1200_baud": true, "dfu_port_detected": "COM36", "upload_port_used": "COM36", "returncode": 0, "success": true, "failure_marker": null, "stdout_tail": ["Sketch uses 54992 bytes (6%) of program storage space. Maximum is 815104 bytes.", "Global variables use 8220 bytes (3%) of dynamic memory, leaving 229348 bytes for local variables. Maximum is 237568 bytes.", "Upgrading target on COM36 with DFU package C:\\Users\\tsune\\AppData\\Local\\arduino\\sketches\\EA89A51AC28C3851A7CADCDE3FE70ED5\\nrf_wifi_connection_test.ino.zip. Flow control is disabled, Single bank, Touch disabled", "########################################", "########################################", "############################", "Activating new firmware", "Device programmed."], "stderr_tail": []}, "duration_sec": 90.0, "min_testok": 3, "ok_count": 3, "last_error": "", "log_line_count": 257, "pass": true, "verify_path": "C:\\Users\\tsune\\current_measurement\\screening\\data\\screening_pair05_20260718-172222_verify.json", "log_tail": [{"ts": "2026-07-18T17:27:21.532", "line": "  <- DEV BC:C3:42:20:D8:08 RSSI -73 TYPE P SSID Higashi-Lab-AM"}, {"ts": "2026-07-18T17:27:21.532", "line": "  <- DEV C4:3C:EA:8F:D8:81 RSSI -54 TYPE B SSID <hidden>"}, {"ts": "2026-07-18T17:27:21.542", "line": "  <- DEV C6:3C:EA:8F:D8:83 RSSI -55 TYPE B SSID ap-4_2G_bigdata-lab"}, {"ts": "2026-07-18T17:27:21.678", "line": "  <- DEV C6:3C:EA:8F:D8:84 RSSI -54 TYPE B SSID ap-4_2G_bigdata-lab-WPA3"}, {"ts": "2026-07-18T17:27:21.680", "line": "  <- DEV EC:F0:0E:63:8A:59 RSSI -84 TYPE P SSID ASMOUNTAINS_MAE_ACNA"}, {"ts": "2026-07-18T17:27:21.798", "line": "  <- DEV F0:68:E3:31:A7:26 RSSI -85 TYPE P SSID <broadcast>"}, {"ts": "2026-07-18T17:27:21.855", "line": "  <- DEV F8:16:0C:3E:C4:E1 RSSI -79 TYPE B SSID eufy Clean-B-C4E1"}, {"ts": "2026-07-18T17:27:21.882", "line": "  <- DEV FC:19:28:76:A4:B8 RSSI -80 TYPE P SSID <broadcast>"}, {"ts": "2026-07-18T17:27:21.959", "line": "  <- SUMMARY DEVICES 58 CLOSE 16 FAR 42"}, {"ts": "2026-07-18T17:27:21.962", "line": "  <- TARGET F4:BE:EC:1E:9D:AA NOTFOUND"}, {"ts": "2026-07-18T17:27:21.962", "line": "  <- TARGET FA:13:E8:24:36:16 NOTFOUND"}, {"ts": "2026-07-18T17:27:21.962", "line": "  <- END_SCAN"}, {"ts": "2026-07-18T17:27:21.962", "line": "----------------------------------------"}, {"ts": "2026-07-18T17:27:21.962", "line": "58‘ä‚ÌƒfƒoƒCƒX‚ğŒŸo"}, {"ts": "2026-07-18T17:27:21.962", "line": "-> ƒeƒXƒgOK"}]}

[done] meta saved: C:\Users\tsune\current_measurement\screening\data\screening_pair05_20260718-172222_meta.json
[done] features saved: C:\Users\tsune\current_measurement\screening\data\screening_pair05_20260718-172222_features.json
{"pair_id": 5, "csv": "C:\\Users\\tsune\\current_measurement\\screening\\data\\screening_pair05_20260718-172222.csv", "baseline_median_mA": 39.6, "wifi_on_mean_mA": 105.63047893044508, "global_max_mA": 229.9, "dropout_ratio": 0.015206160322291717, "outlier": true, "reasons": ["baseline_median=39.60 mA > 1.0 (device1 Œ^ˆÙí‚Ì‹^‚¢)", "baseline_p95=43.34 mA > 20 (baseline ‚É‘å‚«‚ÈˆÙí spike)"], "verify_pass": true, "verify_ok_count": 3, "verify_last_error": ""}
