[run] C:\Users\tsune\current_measurement\venv\Scripts\python.exe C:\Users\tsune\logbot\tools\logbot-usb\logbot_usb.py cycle --wait 1.0
COM11: VBUS OFF, 1.0ç§’å¾…æ©Ÿ...
COM11: VBUS ON (å¾©å¸°)
[phase0] arduino-cli ‚Å nrf_power_test_all ¨ COM19 ‘‚«‚İ
[run] C:\Users\tsune\current_measurement\venv\Scripts\python.exe C:\Users\tsune\logbot\tools\logbot-ctl\logbot_ctl.py info COM18
[run] C:\Users\tsune\current_measurement\venv\Scripts\python.exe C:\Users\tsune\logbot\tools\logbot-ctl\logbot_ctl.py tm COM18
COM18: RTC synced to PC time
[run] (background) C:\Users\tsune\current_measurement\venv\Scripts\python.exe C:\Users\tsune\current_measurement\current_monitor.py --headless --port COM10 --baud 9600 --csv C:\Users\tsune\current_measurement\screening\data\screening_pair02_20260716-183508.csv
[current_monitor headless] port=COM10 baud=9600 csv=C:\Users\tsune\current_measurement\screening\data\screening_pair02_20260716-183508.csv
[run] C:\Users\tsune\current_measurement\venv\Scripts\python.exe C:\Users\tsune\logbot\tools\logbot-ctl\logbot_ctl.py reset COM18
COM18: CPU RESET pulsed (100ms)
[run] C:\Users\tsune\current_measurement\venv\Scripts\python.exe C:\Users\tsune\logbot\tools\logbot-usb\logbot_usb.py off
COM11: VBUS OFF (ãƒªãƒ¬ãƒ¼é–‹)
[wait sequence] c‚è 150s / 180s
[wait sequence] c‚è 120s / 180s
[wait sequence] c‚è 90s / 180s
[wait sequence] c‚è 60s / 180s
[wait sequence] c‚è 30s / 180s
[run] C:\Users\tsune\current_measurement\venv\Scripts\python.exe C:\Users\tsune\logbot\tools\logbot-usb\logbot_usb.py on
COM11: VBUS ON (ãƒªãƒ¬ãƒ¼é–‰)
[run] C:\Users\tsune\current_measurement\venv\Scripts\python.exe C:\Users\tsune\logbot\tools\logbot-usb\logbot_usb.py cycle --wait 1.0
COM11: VBUS OFF, 1.0ç§’å¾…æ©Ÿ...
COM11: VBUS ON (å¾©å¸°)
[verify] starting: C:\Users\tsune\current_measurement\venv\Scripts\python.exe C:\Users\tsune\current_measurement\screening\screening_verify.py --pair-id 2 --v5-port COM19 --duration-sec 90.0 --out-prefix screening_pair02_20260716-183508
[verify] arduino-cli ‚Å nrf_wifi_connection_test ¨ COM19 ‘‚«‚İ
[serial] nRF52840 WiFiÚ‘±Šm”FƒeƒXƒgƒvƒƒOƒ‰ƒ€
[serial] 5•bŠÔŠu‚Å©“®ƒXƒLƒƒƒ“‚ğÀs‚µ‚Ü‚·
[serial] ========================================
[serial] WiFiÚ‘±Šm”FƒeƒXƒg
[serial] ========================================
[serial] ESP32 “dŒ¹ON...
[serial]   <- READY óM (413ms)
[serial] WiFiƒXƒLƒƒƒ“ŠJn (10•b)...
[serial]   <- OK SCAN 10000
[serial]   <- BEGIN_SCAN 10000 300
[serial]   <- DEV 00:1D:73:C9:61:B0 RSSI -80 TYPE P SSID c73f88_n
[serial]   <- DEV 00:24:A5:65:CD:C0 RSSI -58 TYPE B SSID matsushita_lab
[serial]   <- DEV 18:EC:E7:25:6D:04 RSSI -88 TYPE B SSID Extender-G-6D04
[serial]   <- DEV 26:7C:98:C0:2E:CA RSSI -85 TYPE B SSID <hidden>
[serial]   <- DEV 2C:1A:05:D5:9C:60 RSSI -64 TYPE B SSID Wi2eap
[serial]   <- DEV 2C:1A:05:D5:9C:61 RSSI -64 TYPE B SSID eduroam
[serial]   <- DEV 2C:1A:05:D5:9C:62 RSSI -65 TYPE B SSID odins-1x
[serial]   <- DEV 2C:1A:05:D5:9C:63 RSSI -63 TYPE B SSID <hidden>
[serial]   <- DEV 2C:1A:05:D5:9C:64 RSSI -64 TYPE B SSID odins-visitor-1x
[serial]   <- DEV 2C:1A:05:D5:9C:65 RSSI -65 TYPE B SSID Wi2_OpenRoaming
[serial]   <- DEV 3A:77:07:6A:CD:27 RSSI -82 TYPE B SSID eufy Clean X10 Pro Omni-CD27
[serial]   <- DEV 54:07:7D:78:14:02 RSSI -83 TYPE B SSID melab-2g
[serial]   <- DEV 54:07:7D:78:2F:02 RSSI -81 TYPE B SSID melab-2g
[serial]   <- DEV 5A:9B:49:3C:14:12 RSSI -85 TYPE B SSID aterm-7e5222-5s
[serial]   <- DEV 60:84:BD:F1:C5:28 RSSI -77 TYPE B SSID Buffalo-G-C528
[serial]   <- DEV 60:84:BD:F2:D3:40 RSSI -63 TYPE B SSID ap-2_bigdata-lab
[serial]   <- DEV 60:84:BD:F3:23:20 RSSI -60 TYPE B SSID ap-3_bigdata-lab
[serial]   <- DEV 60:84:BD:F3:69:30 RSSI -58 TYPE B SSID ap-1_bigdata-lab
[serial]   <- DEV 68:E1:DC:34:02:31 RSSI -87 TYPE B SSID <hidden>
[serial]   <- DEV 68:E1:DC:34:02:33 RSSI -88 TYPE B SSID Buffalo-2G-0230-WPA3
[serial]   <- DEV 6C:8D:77:7F:F5:60 RSSI -77 TYPE B SSID Wi2eap
[serial]   <- DEV 6C:8D:77:7F:F5:61 RSSI -77 TYPE B SSID eduroam
[serial]   <- DEV 6C:8D:77:7F:F5:62 RSSI -79 TYPE B SSID odins-1x
[serial]   <- DEV 6C:8D:77:7F:F5:63 RSSI -78 TYPE B SSID <hidden>
[serial]   <- DEV 6C:8D:77:7F:F5:64 RSSI -78 TYPE B SSID odins-visitor-1x
[serial]   <- DEV 6C:8D:77:7F:F5:65 RSSI -77 TYPE B SSID Wi2_OpenRoaming
[serial]   <- DEV 6C:E4:DA:15:56:66 RSSI -73 TYPE B SSID aterm-7ab32d-g
[serial]   <- DEV 80:91:33:12:D8:08 RSSI -52 TYPE B SSID DaikinAP53338
[serial]   <- DEV 80:91:33:13:1D:D3 RSSI -59 TYPE B SSID DaikinAP24806
[serial]   <- DEV 80:91:33:13:8E:70 RSSI -54 TYPE B SSID DaikinAP40122
[serial]   <- DEV 84:78:48:E4:53:E5 RSSI -80 TYPE B SSID <hidden>
[serial]   <- DEV 84:F1:47:17:04:A0 RSSI -84 TYPE B SSID Wi2eap
[serial]   <- DEV 84:F1:47:17:04:A1 RSSI -82 TYPE B SSID eduroam
[serial]   <- DEV 84:F1:47:17:04:A3 RSSI -83 TYPE B SSID <hidden>
[serial]   <- DEV 84:F1:47:17:04:A5 RSSI -81 TYPE B SSID Wi2_OpenRoaming
[serial]   <- DEV 84:F1:47:19:0C:41 RSSI -82 TYPE B SSID eduroam
[serial]   <- DEV 84:F1:47:33:74:60 RSSI -80 TYPE B SSID Wi2eap
[serial]   <- DEV 84:F1:47:33:74:61 RSSI -80 TYPE B SSID eduroam
[serial]   <- DEV 84:F1:47:33:74:62 RSSI -79 TYPE B SSID odins-1x
[serial]   <- DEV 84:F1:47:33:74:64 RSSI -80 TYPE B SSID odins-visitor-1x
[serial]   <- DEV 84:F1:47:33:74:65 RSSI -79 TYPE B SSID Wi2_OpenRoaming
[serial]   <- DEV 8A:78:48:E4:53:E5 RSSI -79 TYPE B SSID Higashi-AX
[serial]   <- DEV 8A:78:48:E4:55:19 RSSI -89 TYPE B SSID mc-lab-wireless
[serial]   <- DEV 8E:78:48:E4:53:E5 RSSI -74 TYPE B SSID mc-lab-wireless
[serial]   <- DEV 9A:A6:7E:74:8A:D5 RSSI -84 TYPE B SSID mlab-wireless6
[serial]   <- DEV A0:59:50:D9:51:D4 RSSI -83 TYPE P SSID melab
[serial]   <- DEV AC:44:F2:24:57:38 RSSI -88 TYPE B SSID SuzukiLab_wifi
[serial]   <- DEV AC:44:F2:54:D7:58 RSSI -74 TYPE B SSID waka-lab-2.4G
[serial]   <- DEV AC:44:F2:54:D7:59 RSSI -75 TYPE B SSID waka-lab-guest
[serial]   <- DEV AC:44:F2:73:1F:09 RSSI -83 TYPE B SSID C715-g
[serial]   <- DEV C4:BD:E5:F7:B7:91 RSSI -58 TYPE P SSID C715-a
[serial]   <- DEV F8:16:0C:3E:C4:E1 RSSI -83 TYPE B SSID eufy Clean-B-C4E1
[serial]   <- DEV FC:EE:11:04:15:ED RSSI -50 TYPE P SSID matsushita_lab
[serial]   <- SUMMARY DEVICES 53 CLOSE 15 FAR 38
[serial]   <- TARGET F4:BE:EC:1E:9D:AA NOTFOUND
[serial]   <- TARGET FA:13:E8:24:36:16 NOTFOUND
[serial]   <- END_SCAN
[serial] ----------------------------------------
[serial] 53‘ä‚ÌƒfƒoƒCƒX‚ğŒŸo
[serial] -> ƒeƒXƒgOK
[serial] ========================================
[serial] ========================================
[serial] WiFiÚ‘±Šm”FƒeƒXƒg
[serial] ========================================
[serial] ESP32 “dŒ¹ON...
[serial]   <- READY óM (413ms)
[serial] WiFiƒXƒLƒƒƒ“ŠJn (10•b)...
[serial]   <- OK SCAN 10000
[serial]   <- BEGIN_SCAN 10000 300
[serial]   <- DEV 00:01:8E:65:15:5C RSSI -87 TYPE B SSID abt-wifi
[serial]   <- DEV 00:1D:73:C9:61:B0 RSSI -82 TYPE P SSID c73f88_n
[serial]   <- DEV 00:24:A5:65:CD:C0 RSSI -59 TYPE B SSID matsushita_lab
[serial]   <- DEV 04:D4:C4:C4:72:78 RSSI -79 TYPE B SSID research_ap
[serial]   <- DEV 18:EC:E7:25:6D:04 RSSI -87 TYPE B SSID Extender-G-6D04
[serial]   <- DEV 26:7C:98:C0:2E:CA RSSI -85 TYPE B SSID <hidden>
[serial]   <- DEV 2C:1A:05:D5:9C:60 RSSI -62 TYPE B SSID Wi2eap
[serial]   <- DEV 2C:1A:05:D5:9C:61 RSSI -62 TYPE B SSID eduroam
[serial]   <- DEV 2C:1A:05:D5:9C:62 RSSI -62 TYPE B SSID odins-1x
[serial]   <- DEV 2C:1A:05:D5:9C:63 RSSI -62 TYPE B SSID <hidden>
[serial]   <- DEV 2C:1A:05:D5:9C:64 RSSI -63 TYPE B SSID odins-visitor-1x
[serial]   <- DEV 2C:1A:05:D5:9C:65 RSSI -63 TYPE B SSID Wi2_OpenRoaming
[serial]   <- DEV 3A:77:07:6A:CD:27 RSSI -83 TYPE B SSID eufy Clean X10 Pro Omni-CD27
[serial]   <- DEV 54:07:7D:78:14:02 RSSI -81 TYPE B SSID melab-2g
[serial]   <- DEV 54:07:7D:78:2F:02 RSSI -82 TYPE B SSID melab-2g
[serial]   <- DEV 54:9B:49:3C:14:12 RSSI -83 TYPE B SSID aterm-7e5222-5p
[serial]   <- DEV 56:C8:7B:3D:DA:7F RSSI -82 TYPE P SSID <broadcast>
[serial]   <- DEV 5E:9B:49:3C:79:AA RSSI -82 TYPE B SSID <hidden>
[serial]   <- DEV 60:84:BD:F1:C5:28 RSSI -78 TYPE B SSID Buffalo-G-C528
[serial]   <- DEV 60:84:BD:F2:D3:40 RSSI -66 TYPE B SSID ap-2_bigdata-lab
[serial]   <- DEV 60:84:BD:F3:23:20 RSSI -64 TYPE B SSID ap-3_bigdata-lab
[serial]   <- DEV 60:84:BD:F3:69:30 RSSI -57 TYPE B SSID ap-1_bigdata-lab
[serial]   <- DEV 6C:8D:77:7F:F5:60 RSSI -79 TYPE B SSID Wi2eap
[serial]   <- DEV 6C:8D:77:7F:F5:61 RSSI -79 TYPE B SSID eduroam
[serial]   <- DEV 6C:8D:77:7F:F5:62 RSSI -78 TYPE B SSID odins-1x
[serial]   <- DEV 6C:8D:77:7F:F5:63 RSSI -75 TYPE B SSID <hidden>
[serial]   <- DEV 6C:8D:77:7F:F5:64 RSSI -80 TYPE B SSID odins-visitor-1x
[serial]   <- DEV 6C:E4:DA:15:56:66 RSSI -74 TYPE B SSID aterm-7ab32d-g
[serial]   <- DEV 80:91:33:12:D8:08 RSSI -51 TYPE B SSID DaikinAP53338
[serial]   <- DEV 80:91:33:13:1D:D3 RSSI -59 TYPE B SSID DaikinAP24806
[serial]   <- DEV 80:91:33:13:8E:70 RSSI -55 TYPE B SSID DaikinAP40122
[serial]   <- DEV 82:1B:D0:F2:99:E3 RSSI -84 TYPE P SSID <broadcast>
[serial]   <- DEV 84:78:48:E4:53:E5 RSSI -80 TYPE B SSID <hidden>
[serial]   <- DEV 84:F1:47:17:04:A0 RSSI -84 TYPE B SSID Wi2eap
[serial]   <- DEV 84:F1:47:17:04:A1 RSSI -84 TYPE B SSID eduroam
[serial]   <- DEV 84:F1:47:17:04:A3 RSSI -84 TYPE B SSID <hidden>
[serial]   <- DEV 84:F1:47:17:04:A5 RSSI -83 TYPE B SSID Wi2_OpenRoaming
[serial]   <- DEV 84:F1:47:19:0C:41 RSSI -83 TYPE B SSID eduroam
[serial]   <- DEV 84:F1:47:19:0C:44 RSSI -82 TYPE B SSID odins-visitor-1x
[serial]   <- DEV 84:F1:47:33:74:60 RSSI -79 TYPE B SSID Wi2eap
[serial]   <- DEV 84:F1:47:33:74:61 RSSI -79 TYPE B SSID eduroam
[serial]   <- DEV 84:F1:47:33:74:62 RSSI -73 TYPE B SSID odins-1x
[serial]   <- DEV 84:F1:47:33:74:63 RSSI -80 TYPE B SSID <hidden>
[serial]   <- DEV 84:F1:47:33:74:64 RSSI -79 TYPE B SSID odins-visitor-1x
[serial]   <- DEV 84:F1:47:33:74:65 RSSI -80 TYPE B SSID Wi2_OpenRoaming
[serial]   <- DEV 8A:78:48:E4:53:E5 RSSI -81 TYPE B SSID Higashi-AX
[serial]   <- DEV 8A:78:48:E4:55:19 RSSI -89 TYPE B SSID mc-lab-wireless
[serial]   <- DEV 8E:78:48:E4:53:E5 RSSI -73 TYPE B SSID mc-lab-wireless
[serial]   <- DEV 9A:A6:7E:6E:C5:25 RSSI -86 TYPE B SSID mlab-wireless6
[serial]   <- DEV 9A:A6:7E:74:8A:D5 RSSI -84 TYPE B SSID mlab-wireless6
[serial]   <- DEV 9E:A6:7E:74:8A:D5 RSSI -84 TYPE B SSID <hidden>
[serial]   <- DEV A0:59:50:D9:51:D4 RSSI -83 TYPE P SSID melab
[serial]   <- DEV AC:44:F2:54:D7:58 RSSI -74 TYPE B SSID waka-lab-2.4G
[serial]   <- DEV AE:AD:09:01:15:CD RSSI -72 TYPE P SSID <broadcast>
[serial]   <- DEV BC:C3:42:20:D8:08 RSSI -79 TYPE P SSID Higashi-Lab-AM
[serial]   <- DEV C0:25:A2:F3:7B:5E RSSI -82 TYPE B SSID aterm-171a0c-g
[serial]   <- DEV C2:36:C5:2C:E3:E7 RSSI -66 TYPE P SSID <broadcast>
[serial]   <- DEV E6:5C:F0:4C:80:1B RSSI -64 TYPE P SSID <broadcast>
[serial]   <- DEV EC:F0:0E:63:8A:59 RSSI -87 TYPE P SSID <broadcast>
[serial]   <- DEV F4:D5:80:2F:4E:90 RSSI -81 TYPE B SSID <hidden>
[serial]   <- DEV F8:16:0C:3E:C4:E1 RSSI -85 TYPE B SSID eufy Clean-B-C4E1
[serial]   <- SUMMARY DEVICES 61 CLOSE 15 FAR 46
[serial]   <- TARGET F4:BE:EC:1E:9D:AA NOTFOUND
[serial]   <- TARGET FA:13:E8:24:36:16 NOTFOUND
[serial]   <- END_SCAN
[serial] ----------------------------------------
[serial] 61‘ä‚ÌƒfƒoƒCƒX‚ğŒŸo
[serial] -> ƒeƒXƒgOK
[serial] ========================================
[serial] ========================================
[serial] WiFiÚ‘±Šm”FƒeƒXƒg
[serial] ========================================
[serial] ESP32 “dŒ¹ON...
[serial]   <- READY óM (414ms)
[serial] WiFiƒXƒLƒƒƒ“ŠJn (10•b)...
[serial]   <- OK SCAN 10000
[serial]   <- BEGIN_SCAN 10000 300
[serial]   <- DEV 00:1D:73:C9:61:B0 RSSI -86 TYPE P SSID c73f88_n
[serial]   <- DEV 00:24:A5:65:CD:C0 RSSI -60 TYPE B SSID matsushita_lab
[serial]   <- DEV 04:D4:C4:C4:72:78 RSSI -79 TYPE B SSID research_ap
[serial]   <- DEV 18:EC:E7:25:6D:04 RSSI -86 TYPE B SSID Extender-G-6D04
[serial]   <- DEV 22:7C:98:C0:2E:CA RSSI -85 TYPE B SSID aterm-0e0553-5s
[serial]   <- DEV 26:7C:98:C0:2E:CA RSSI -84 TYPE B SSID <hidden>
[serial]   <- DEV 2C:1A:05:D5:9C:60 RSSI -63 TYPE B SSID Wi2eap
[serial]   <- DEV 2C:1A:05:D5:9C:61 RSSI -64 TYPE B SSID eduroam
[serial]   <- DEV 2C:1A:05:D5:9C:62 RSSI -64 TYPE B SSID odins-1x
[serial]   <- DEV 2C:1A:05:D5:9C:63 RSSI -64 TYPE B SSID <hidden>
[serial]   <- DEV 2C:1A:05:D5:9C:64 RSSI -64 TYPE B SSID odins-visitor-1x
[serial]   <- DEV 2C:1A:05:D5:9C:65 RSSI -63 TYPE B SSID Wi2_OpenRoaming
[serial]   <- DEV 3A:77:07:6A:CD:27 RSSI -83 TYPE B SSID eufy Clean X10 Pro Omni-CD27
[serial]   <- DEV 54:07:7D:78:2F:02 RSSI -81 TYPE B SSID melab-2g
[serial]   <- DEV 54:9B:49:3C:14:12 RSSI -86 TYPE B SSID aterm-7e5222-5p
[serial]   <- DEV 60:84:BD:F1:C5:28 RSSI -76 TYPE B SSID Buffalo-G-C528
[serial]   <- DEV 60:84:BD:F2:D3:40 RSSI -71 TYPE B SSID ap-2_bigdata-lab
[serial]   <- DEV 60:84:BD:F3:23:20 RSSI -60 TYPE B SSID ap-3_bigdata-lab
[serial]   <- DEV 60:84:BD:F3:69:30 RSSI -59 TYPE B SSID ap-1_bigdata-lab
[serial]   <- DEV 68:E1:DC:34:02:31 RSSI -89 TYPE B SSID <hidden>
[serial]   <- DEV 68:E1:DC:34:02:33 RSSI -88 TYPE B SSID Buffalo-2G-0230-WPA3
[serial]   <- DEV 6C:8D:77:7F:F5:60 RSSI -77 TYPE B SSID Wi2eap
[serial]   <- DEV 6C:8D:77:7F:F5:61 RSSI -78 TYPE B SSID eduroam
[serial]   <- DEV 6C:8D:77:7F:F5:62 RSSI -78 TYPE B SSID odins-1x
[serial]   <- DEV 6C:8D:77:7F:F5:63 RSSI -79 TYPE B SSID <hidden>
[serial]   <- DEV 6C:8D:77:7F:F5:64 RSSI -79 TYPE B SSID odins-visitor-1x
[serial]   <- DEV 6C:E4:DA:15:56:66 RSSI -73 TYPE B SSID aterm-7ab32d-g
[serial]   <- DEV 80:91:33:12:D8:08 RSSI -54 TYPE B SSID DaikinAP53338
[serial]   <- DEV 80:91:33:13:1D:D3 RSSI -58 TYPE B SSID DaikinAP24806
[serial]   <- DEV 80:91:33:13:8E:70 RSSI -53 TYPE B SSID DaikinAP40122
[serial]   <- DEV 84:78:48:E4:53:E5 RSSI -78 TYPE B SSID <hidden>
[serial]   <- DEV 84:F1:47:17:04:A0 RSSI -85 TYPE B SSID Wi2eap
[serial]   <- DEV 84:F1:47:17:04:A1 RSSI -83 TYPE B SSID eduroam
[serial]   <- DEV 84:F1:47:17:04:A3 RSSI -84 TYPE B SSID <hidden>
[serial]   <- DEV 84:F1:47:17:04:A5 RSSI -85 TYPE B SSID Wi2_OpenRoaming
[serial]   <- DEV 84:F1:47:33:74:60 RSSI -80 TYPE B SSID Wi2eap
[serial]   <- DEV 84:F1:47:33:74:61 RSSI -80 TYPE B SSID eduroam
[serial]   <- DEV 84:F1:47:33:74:62 RSSI -79 TYPE B SSID odins-1x
[serial]   <- DEV 84:F1:47:33:74:63 RSSI -79 TYPE B SSID <hidden>
[serial]   <- DEV 84:F1:47:33:74:64 RSSI -79 TYPE B SSID odins-visitor-1x
[serial]   <- DEV 84:F1:47:33:74:65 RSSI -80 TYPE B SSID Wi2_OpenRoaming
[serial]   <- DEV 86:F9:4E:A8:E4:CE RSSI -77 TYPE P SSID <broadcast>
[serial]   <- DEV 9E:A6:7E:74:8A:D5 RSSI -79 TYPE B SSID <hidden>
[serial]   <- DEV AC:44:F2:24:57:38 RSSI -87 TYPE B SSID SuzukiLab_wifi
[serial]   <- DEV AC:44:F2:54:D7:58 RSSI -72 TYPE B SSID waka-lab-2.4G
[serial]   <- DEV AC:44:F2:54:D7:59 RSSI -74 TYPE B SSID waka-lab-guest
[serial]   <- DEV AC:44:F2:73:1F:09 RSSI -79 TYPE B SSID C715-g
[serial]   <- DEV B4:5D:50:EF:BC:E0 RSSI -91 TYPE B SSID icn-wireless00
[serial]   <- DEV BC:C3:42:20:D8:08 RSSI -74 TYPE P SSID Higashi-Lab-AM
[serial]   <- DEV BE:2F:2D:D3:6E:BD RSSI -85 TYPE P SSID <broadcast>
[serial]   <- DEV C0:25:A2:F3:7B:5E RSSI -82 TYPE B SSID aterm-171a0c-g
[serial]   <- DEV C6:3C:EA:8F:D8:83 RSSI -79 TYPE B SSID ap-4_2G_bigdata-lab
[serial]   <- DEV EC:F0:0E:63:8A:59 RSSI -85 TYPE P SSID <broadcast>
[serial]   <- DEV F4:D5:80:2F:4E:90 RSSI -87 TYPE B SSID <hidden>
[serial]   <- DEV F8:16:0C:3E:C4:E1 RSSI -85 TYPE B SSID eufy Clean-B-C4E1
[serial]   <- DEV FC:EE:11:04:15:ED RSSI -51 TYPE P SSID matsushita_lab
[serial]   <- SUMMARY DEVICES 56 CLOSE 13 FAR 43
[serial]   <- TARGET F4:BE:EC:1E:9D:AA NOTFOUND
[serial]   <- TARGET FA:13:E8:24:36:16 NOTFOUND
[serial]   <- END_SCAN
[serial] ----------------------------------------
[serial] 56‘ä‚ÌƒfƒoƒCƒX‚ğŒŸo
[serial] -> ƒeƒXƒgOK
{"pair_id": 2, "v5_port": "COM19", "upload": {"cmd": "arduino-cli compile --fqbn adafruit:nrf52:feather52840 -u -p COM20 C:\\Users\\tsune\\logbot\\LogbotArduinoCode\\logbot-v5\\v5_umineko_wifi_2026\\nrf_wifi_connection_test", "v5_port_arg": "COM19", "trigger_1200_baud": true, "dfu_port_detected": "COM20", "upload_port_used": "COM20", "returncode": 0, "success": true, "failure_marker": null, "stdout_tail": ["Sketch uses 54992 bytes (6%) of program storage space. Maximum is 815104 bytes.", "Global variables use 8220 bytes (3%) of dynamic memory, leaving 229348 bytes for local variables. Maximum is 237568 bytes.", "Upgrading target on COM20 with DFU package C:\\Users\\tsune\\AppData\\Local\\arduino\\sketches\\EA89A51AC28C3851A7CADCDE3FE70ED5\\nrf_wifi_connection_test.ino.zip. Flow control is disabled, Single bank, Touch disabled", "########################################", "########################################", "############################", "Activating new firmware", "Device programmed."], "stderr_tail": []}, "duration_sec": 90.0, "min_testok": 3, "ok_count": 3, "last_error": "", "log_line_count": 219, "pass": true, "verify_path": "C:\\Users\\tsune\\current_measurement\\screening\\data\\screening_pair02_20260716-183508_verify.json", "log_tail": [{"ts": "2026-07-16T18:40:34.420", "line": "  <- DEV BC:C3:42:20:D8:08 RSSI -74 TYPE P SSID Higashi-Lab-AM"}, {"ts": "2026-07-16T18:40:34.420", "line": "  <- DEV BE:2F:2D:D3:6E:BD RSSI -85 TYPE P SSID <broadcast>"}, {"ts": "2026-07-16T18:40:34.486", "line": "  <- DEV C0:25:A2:F3:7B:5E RSSI -82 TYPE B SSID aterm-171a0c-g"}, {"ts": "2026-07-16T18:40:34.586", "line": "  <- DEV C6:3C:EA:8F:D8:83 RSSI -79 TYPE B SSID ap-4_2G_bigdata-lab"}, {"ts": "2026-07-16T18:40:34.601", "line": "  <- DEV EC:F0:0E:63:8A:59 RSSI -85 TYPE P SSID <broadcast>"}, {"ts": "2026-07-16T18:40:34.665", "line": "  <- DEV F4:D5:80:2F:4E:90 RSSI -87 TYPE B SSID <hidden>"}, {"ts": "2026-07-16T18:40:34.668", "line": "  <- DEV F8:16:0C:3E:C4:E1 RSSI -85 TYPE B SSID eufy Clean-B-C4E1"}, {"ts": "2026-07-16T18:40:34.723", "line": "  <- DEV FC:EE:11:04:15:ED RSSI -51 TYPE P SSID matsushita_lab"}, {"ts": "2026-07-16T18:40:34.784", "line": "  <- SUMMARY DEVICES 56 CLOSE 13 FAR 43"}, {"ts": "2026-07-16T18:40:34.796", "line": "  <- TARGET F4:BE:EC:1E:9D:AA NOTFOUND"}, {"ts": "2026-07-16T18:40:34.835", "line": "  <- TARGET FA:13:E8:24:36:16 NOTFOUND"}, {"ts": "2026-07-16T18:40:34.835", "line": "  <- END_SCAN"}, {"ts": "2026-07-16T18:40:34.835", "line": "----------------------------------------"}, {"ts": "2026-07-16T18:40:34.835", "line": "56‘ä‚ÌƒfƒoƒCƒX‚ğŒŸo"}, {"ts": "2026-07-16T18:40:34.835", "line": "-> ƒeƒXƒgOK"}]}

[done] meta saved: C:\Users\tsune\current_measurement\screening\data\screening_pair02_20260716-183508_meta.json
[done] features saved: C:\Users\tsune\current_measurement\screening\data\screening_pair02_20260716-183508_features.json
{"pair_id": 2, "csv": "C:\\Users\\tsune\\current_measurement\\screening\\data\\screening_pair02_20260716-183508.csv", "baseline_median_mA": 1.5, "wifi_on_mean_mA": 138.77820512820514, "global_max_mA": 293.9, "dropout_ratio": 0.015243350800213107, "outlier": true, "reasons": ["baseline_median=1.50 mA > 1.0 (device1 Œ^ˆÙí‚Ì‹^‚¢)"], "verify_pass": true, "verify_ok_count": 3, "verify_last_error": ""}
