[run] C:\Users\tsune\current_measurement\venv\Scripts\python.exe C:\Users\tsune\logbot\tools\logbot-usb\logbot_usb.py cycle --wait 1.0
COM11: VBUS OFF, 1.0ç§’å¾…æ©Ÿ...
COM11: VBUS ON (å¾©å¸°)
[phase0] arduino-cli ‚Å nrf_power_test_all ¨ COM60 ‘‚«‚İ
[run] C:\Users\tsune\current_measurement\venv\Scripts\python.exe C:\Users\tsune\logbot\tools\logbot-ctl\logbot_ctl.py info COM59
[run] C:\Users\tsune\current_measurement\venv\Scripts\python.exe C:\Users\tsune\logbot\tools\logbot-ctl\logbot_ctl.py tm COM59
COM59: RTC synced to PC time
[run] (background) C:\Users\tsune\current_measurement\venv\Scripts\python.exe C:\Users\tsune\current_measurement\current_monitor.py --headless --port COM10 --baud 9600 --csv C:\Users\tsune\current_measurement\screening\data\screening_pair09_20260725-185926.csv
[current_monitor headless] port=COM10 baud=9600 csv=C:\Users\tsune\current_measurement\screening\data\screening_pair09_20260725-185926.csv
[run] C:\Users\tsune\current_measurement\venv\Scripts\python.exe C:\Users\tsune\logbot\tools\logbot-ctl\logbot_ctl.py reset COM59
COM59: CPU RESET pulsed (100ms)
[run] C:\Users\tsune\current_measurement\venv\Scripts\python.exe C:\Users\tsune\logbot\tools\logbot-usb\logbot_usb.py off
COM11: VBUS OFF (ãƒªãƒ¬ãƒ¼é–‹)
[wait sequence] c‚è 120s / 150s
[wait sequence] c‚è 90s / 150s
[wait sequence] c‚è 60s / 150s
[wait sequence] c‚è 30s / 150s
[run] C:\Users\tsune\current_measurement\venv\Scripts\python.exe C:\Users\tsune\logbot\tools\logbot-usb\logbot_usb.py on
COM11: VBUS ON (ãƒªãƒ¬ãƒ¼é–‰)
[run] C:\Users\tsune\current_measurement\venv\Scripts\python.exe C:\Users\tsune\logbot\tools\logbot-usb\logbot_usb.py cycle --wait 1.0
COM11: VBUS OFF, 1.0ç§’å¾…æ©Ÿ...
COM11: VBUS ON (å¾©å¸°)
[verify] starting: C:\Users\tsune\current_measurement\venv\Scripts\python.exe C:\Users\tsune\current_measurement\screening\screening_verify.py --pair-id 9 --v5-port COM60 --if-port COM59 --duration-sec 90.0 --out-prefix screening_pair09_20260725-185926
[verify] arduino-cli ‚Å nrf_wifi_connection_test ¨ COM60 ‘‚«‚İ
[fallback] compile_and_upload_v5 ¸”s ¨ logbot-ctl reset --double Œo—R‚Å retry
[serial] nRF52840 WiFiÚ‘±Šm”FƒeƒXƒgƒvƒƒOƒ‰ƒ€
[serial] 5•bŠÔŠu‚Å©“®ƒXƒLƒƒƒ“‚ğÀs‚µ‚Ü‚·
[serial] ========================================
[serial] WiFiÚ‘±Šm”FƒeƒXƒg
[serial] ========================================
[serial] ESP32 “dŒ¹ON...
[serial]   <- READY óM (419ms)
[serial] WiFiƒXƒLƒƒƒ“ŠJn (10•b)...
[serial]   <- OK SCAN 10000
[serial]   <- BEGIN_SCAN 10000 300
[serial]   <- DEV 00:1D:73:C9:61:B0 RSSI -83 TYPE P SSID c73f88_n
[serial]   <- DEV 00:24:A5:65:CD:C0 RSSI -51 TYPE B SSID matsushita_lab
[serial]   <- DEV 18:EC:E7:25:6D:04 RSSI -85 TYPE B SSID Extender-G-6D04
[serial]   <- DEV 1C:7C:98:C0:2E:CA RSSI -82 TYPE B SSID aterm-0e0553-5p
[serial]   <- DEV 22:7C:98:C0:2E:CA RSSI -82 TYPE B SSID aterm-0e0553-5s
[serial]   <- DEV 2C:1A:05:D5:9C:60 RSSI -54 TYPE B SSID Wi2eap
[serial]   <- DEV 2C:1A:05:D5:9C:61 RSSI -54 TYPE B SSID eduroam
[serial]   <- DEV 2C:1A:05:D5:9C:62 RSSI -54 TYPE B SSID odins-1x
[serial]   <- DEV 2C:1A:05:D5:9C:63 RSSI -55 TYPE B SSID <hidden>
[serial]   <- DEV 2C:1A:05:D5:9C:64 RSSI -55 TYPE B SSID odins-visitor-1x
[serial]   <- DEV 2C:1A:05:D5:9C:65 RSSI -55 TYPE B SSID Wi2_OpenRoaming
[serial]   <- DEV 34:B8:83:64:BD:A0 RSSI -83 TYPE B SSID Wi2eap
[serial]   <- DEV 34:B8:83:64:BD:A1 RSSI -84 TYPE B SSID eduroam
[serial]   <- DEV 34:B8:83:64:BD:A2 RSSI -85 TYPE B SSID odins-1x
[serial]   <- DEV 34:B8:83:64:BD:A3 RSSI -83 TYPE B SSID <hidden>
[serial]   <- DEV 34:B8:83:64:BD:A4 RSSI -85 TYPE B SSID odins-visitor-1x
[serial]   <- DEV 34:B8:83:64:BD:A5 RSSI -84 TYPE B SSID Wi2_OpenRoaming
[serial]   <- DEV 38:18:68:13:5D:B2 RSSI -78 TYPE P SSID MiuraLab
[serial]   <- DEV 52:E6:76:AD:DC:50 RSSI -88 TYPE B SSID B414
[serial]   <- DEV 54:07:7D:78:14:02 RSSI -74 TYPE B SSID melab-2g
[serial]   <- DEV 54:07:7D:78:2F:02 RSSI -78 TYPE B SSID melab-2g
[serial]   <- DEV 54:9B:49:3C:14:12 RSSI -81 TYPE B SSID aterm-7e5222-5p
[serial]   <- DEV 54:9B:49:3C:79:AA RSSI -82 TYPE B SSID MiuraLab
[serial]   <- DEV 5A:9B:49:3C:14:12 RSSI -84 TYPE B SSID aterm-7e5222-5s
[serial]   <- DEV 5E:9B:49:3C:14:12 RSSI -82 TYPE B SSID <hidden>
[serial]   <- DEV 5E:9B:49:3C:79:AA RSSI -83 TYPE B SSID <hidden>
[serial]   <- DEV 60:84:BD:F1:C5:28 RSSI -79 TYPE B SSID Buffalo-G-C528
[serial]   <- DEV 60:84:BD:F2:D3:40 RSSI -54 TYPE B SSID ap-2_bigdata-lab
[serial]   <- DEV 60:84:BD:F3:23:20 RSSI -67 TYPE B SSID ap-3_bigdata-lab
[serial]   <- DEV 60:84:BD:F3:69:30 RSSI -50 TYPE B SSID ap-1_bigdata-lab
[serial]   <- DEV 64:A5:C3:68:66:8C RSSI -85 TYPE B SSID ISTC524HS
[serial]   <- DEV 6C:8D:77:7F:F5:60 RSSI -77 TYPE B SSID Wi2eap
[serial]   <- DEV 6C:8D:77:7F:F5:61 RSSI -77 TYPE B SSID eduroam
[serial]   <- DEV 6C:8D:77:7F:F5:63 RSSI -77 TYPE B SSID <hidden>
[serial]   <- DEV 6C:8D:77:7F:F5:64 RSSI -78 TYPE B SSID odins-visitor-1x
[serial]   <- DEV 6C:8D:77:7F:F5:65 RSSI -76 TYPE B SSID Wi2_OpenRoaming
[serial]   <- DEV 6C:8D:77:82:26:42 RSSI -84 TYPE B SSID odins-1x
[serial]   <- DEV 6C:8D:77:82:26:43 RSSI -86 TYPE B SSID <hidden>
[serial]   <- DEV 6C:E4:DA:15:56:66 RSSI -72 TYPE B SSID aterm-7ab32d-g
[serial]   <- DEV 80:13:16:E1:F3:4D RSSI -58 TYPE P SSID ap-1_bigdata-lab
[serial]   <- DEV 80:91:33:12:D8:08 RSSI -49 TYPE B SSID DaikinAP53338
[serial]   <- DEV 80:91:33:13:1D:D3 RSSI -56 TYPE B SSID DaikinAP24806
[serial]   <- DEV 80:91:33:13:8E:70 RSSI -47 TYPE B SSID DaikinAP40122
[serial]   <- DEV 84:78:48:E4:53:E5 RSSI -74 TYPE B SSID <hidden>
[serial]   <- DEV 84:78:48:E4:55:19 RSSI -78 TYPE B SSID Higashi-AX
[serial]   <- DEV 84:F1:47:17:04:A0 RSSI -80 TYPE B SSID Wi2eap
[serial]   <- DEV 84:F1:47:17:04:A1 RSSI -80 TYPE B SSID eduroam
[serial]   <- DEV 84:F1:47:17:04:A3 RSSI -84 TYPE B SSID <hidden>
[serial]   <- DEV 84:F1:47:17:04:A4 RSSI -79 TYPE B SSID odins-visitor-1x
[serial]   <- DEV 84:F1:47:17:04:A5 RSSI -78 TYPE B SSID Wi2_OpenRoaming
[serial]   <- DEV 84:F1:47:19:0C:40 RSSI -84 TYPE B SSID Wi2eap
[serial]   <- DEV 84:F1:47:19:0C:41 RSSI -82 TYPE B SSID eduroam
[serial]   <- DEV 84:F1:47:33:74:62 RSSI -77 TYPE B SSID odins-1x
[serial]   <- DEV 84:F1:47:33:74:64 RSSI -77 TYPE B SSID odins-visitor-1x
[serial]   <- DEV 84:F1:47:33:74:65 RSSI -76 TYPE B SSID Wi2_OpenRoaming
[serial]   <- DEV 8A:78:48:E4:53:E5 RSSI -75 TYPE B SSID Higashi-AX
[serial]   <- DEV 8A:78:48:E4:55:19 RSSI -81 TYPE B SSID mc-lab-wireless
[serial]   <- DEV 8E:78:48:E4:53:E5 RSSI -74 TYPE B SSID mc-lab-wireless
[serial]   <- DEV 8E:78:48:E4:55:19 RSSI -81 TYPE B SSID <hidden>
[serial]   <- DEV 9A:A6:7E:74:8A:D5 RSSI -76 TYPE B SSID mlab-wireless6
[serial]   <- DEV 9C:50:D1:49:FE:9F RSSI -81 TYPE B SSID DaikinAP63090
[serial]   <- DEV 9E:A6:7E:74:8A:D5 RSSI -76 TYPE B SSID <hidden>
[serial]   <- DEV AC:44:F2:24:57:38 RSSI -83 TYPE B SSID SuzukiLab_wifi
[serial]   <- DEV AC:44:F2:54:D7:58 RSSI -72 TYPE B SSID waka-lab-2.4G
[serial]   <- DEV AC:44:F2:54:D7:59 RSSI -72 TYPE B SSID waka-lab-guest
[serial]   <- DEV BC:C3:42:0E:54:30 RSSI -80 TYPE P SSID 001601C6DF45_G
[serial]   <- DEV C0:25:A2:F3:7B:5E RSSI -82 TYPE B SSID aterm-171a0c-g
[serial]   <- DEV C4:3C:EA:8F:D8:81 RSSI -52 TYPE B SSID <hidden>
[serial]   <- DEV C6:3C:EA:8F:D8:83 RSSI -54 TYPE B SSID ap-4_2G_bigdata-lab
[serial]   <- DEV C6:3C:EA:8F:D8:84 RSSI -53 TYPE B SSID ap-4_2G_bigdata-lab-WPA3
[serial]   <- DEV F4:D1:08:B1:86:51 RSSI -77 TYPE B SSID DIRECT-Cynap-Pure-01097504-QsXw
[serial]   <- DEV F8:16:0C:3E:C4:E1 RSSI -83 TYPE B SSID eufy Clean-B-C4E1
[serial]   <- DEV F8:94:97:0B:48:E0 RSSI -84 TYPE B SSID Buffalo-2G-48E0
[serial]   <- DEV F8:94:97:0B:48:E1 RSSI -84 TYPE B SSID <hidden>
[serial]   <- DEV F8:94:97:0B:48:E2 RSSI -85 TYPE B SSID Buffalo-2G-48E0-WPA3
[serial]   <- DEV FC:19:28:76:A4:B8 RSSI -79 TYPE P SSID <broadcast>
[serial]   <- DEV FC:EE:11:04:15:ED RSSI -44 TYPE P SSID matsushita_lab
[serial]   <- DEV FE:19:28:76:A4:B8 RSSI -80 TYPE B SSID Pro 2 D15_2876A4B8
[serial]   <- SUMMARY DEVICES 78 CLOSE 18 FAR 60
[serial]   <- TARGET F4:BE:EC:1E:9D:AA NOTFOUND
[serial]   <- TARGET FA:13:E8:24:36:16 NOTFOUND
[serial]   <- END_SCAN
[serial] ----------------------------------------
[serial] 78‘ä‚ÌƒfƒoƒCƒX‚ğŒŸo
[serial] -> ƒeƒXƒgOK
[serial] ========================================
[serial] ========================================
[serial] WiFiÚ‘±Šm”FƒeƒXƒg
[serial] ========================================
[serial] ESP32 “dŒ¹ON...
[serial]   <- READY óM (415ms)
[serial] WiFiƒXƒLƒƒƒ“ŠJn (10•b)...
[serial]   <- OK SCAN 10000
[serial]   <- BEGIN_SCAN 10000 300
[serial]   <- DEV 00:01:8E:65:15:5C RSSI -73 TYPE B SSID abt-wifi
[serial]   <- DEV 00:1D:73:C9:61:B0 RSSI -86 TYPE P SSID c73f88_n
[serial]   <- DEV 00:24:A5:65:CD:C0 RSSI -53 TYPE B SSID matsushita_lab
[serial]   <- DEV 04:D4:C4:C4:72:78 RSSI -83 TYPE B SSID research_ap
[serial]   <- DEV 18:EC:E7:25:6D:04 RSSI -90 TYPE B SSID Extender-G-6D04
[serial]   <- DEV 20:BD:1D:07:EC:E3 RSSI -15 TYPE P SSID <broadcast>
[serial]   <- DEV 22:7C:98:C0:2E:CA RSSI -83 TYPE B SSID aterm-0e0553-5s
[serial]   <- DEV 26:7C:98:C0:2E:CA RSSI -83 TYPE B SSID <hidden>
[serial]   <- DEV 2C:1A:05:D5:9C:60 RSSI -51 TYPE B SSID Wi2eap
[serial]   <- DEV 2C:1A:05:D5:9C:61 RSSI -52 TYPE B SSID eduroam
[serial]   <- DEV 2C:1A:05:D5:9C:62 RSSI -51 TYPE B SSID odins-1x
[serial]   <- DEV 2C:1A:05:D5:9C:63 RSSI -54 TYPE B SSID <hidden>
[serial]   <- DEV 2C:1A:05:D5:9C:64 RSSI -51 TYPE B SSID odins-visitor-1x
[serial]   <- DEV 2C:1A:05:D5:9C:65 RSSI -52 TYPE B SSID Wi2_OpenRoaming
[serial]   <- DEV 34:B8:83:64:BD:A0 RSSI -81 TYPE B SSID Wi2eap
[serial]   <- DEV 34:B8:83:64:BD:A1 RSSI -82 TYPE B SSID eduroam
[serial]   <- DEV 34:B8:83:64:BD:A2 RSSI -81 TYPE B SSID odins-1x
[serial]   <- DEV 34:B8:83:64:BD:A3 RSSI -81 TYPE B SSID <hidden>
[serial]   <- DEV 34:B8:83:64:BD:A4 RSSI -81 TYPE B SSID odins-visitor-1x
[serial]   <- DEV 34:B8:83:64:BD:A5 RSSI -82 TYPE B SSID Wi2_OpenRoaming
[serial]   <- DEV 54:07:7D:78:14:02 RSSI -74 TYPE B SSID melab-2g
[serial]   <- DEV 54:07:7D:78:2F:02 RSSI -78 TYPE B SSID melab-2g
[serial]   <- DEV 54:9B:49:3C:14:12 RSSI -78 TYPE B SSID aterm-7e5222-5p
[serial]   <- DEV 54:9B:49:3C:79:AA RSSI -84 TYPE B SSID MiuraLab
[serial]   <- DEV 5A:9B:49:3C:14:12 RSSI -81 TYPE B SSID aterm-7e5222-5s
[serial]   <- DEV 5E:9B:49:3C:14:12 RSSI -76 TYPE B SSID <hidden>
[serial]   <- DEV 5E:9B:49:3C:79:AA RSSI -84 TYPE B SSID <hidden>
[serial]   <- DEV 60:84:BD:F1:C5:28 RSSI -73 TYPE B SSID Buffalo-G-C528
[serial]   <- DEV 60:84:BD:F2:D3:40 RSSI -55 TYPE B SSID ap-2_bigdata-lab
[serial]   <- DEV 60:84:BD:F3:69:30 RSSI -54 TYPE B SSID ap-1_bigdata-lab
[serial]   <- DEV 6C:8D:77:7F:F5:60 RSSI -78 TYPE B SSID Wi2eap
[serial]   <- DEV 6C:8D:77:7F:F5:61 RSSI -76 TYPE B SSID eduroam
[serial]   <- DEV 6C:8D:77:7F:F5:62 RSSI -76 TYPE B SSID odins-1x
[serial]   <- DEV 6C:8D:77:7F:F5:63 RSSI -77 TYPE B SSID <hidden>
[serial]   <- DEV 6C:8D:77:7F:F5:64 RSSI -76 TYPE B SSID odins-visitor-1x
[serial]   <- DEV 6C:8D:77:7F:F5:65 RSSI -77 TYPE B SSID Wi2_OpenRoaming
[serial]   <- DEV 6C:E4:DA:15:56:66 RSSI -69 TYPE B SSID aterm-7ab32d-g
[serial]   <- DEV 80:91:33:12:D8:08 RSSI -52 TYPE B SSID DaikinAP53338
[serial]   <- DEV 80:91:33:13:1D:D3 RSSI -56 TYPE B SSID DaikinAP24806
[serial]   <- DEV 80:91:33:13:8E:70 RSSI -45 TYPE B SSID DaikinAP40122
[serial]   <- DEV 84:78:48:E4:53:E5 RSSI -69 TYPE B SSID <hidden>
[serial]   <- DEV 84:78:48:E4:55:19 RSSI -79 TYPE B SSID Higashi-AX
[serial]   <- DEV 84:F1:47:17:04:A3 RSSI -81 TYPE B SSID <hidden>
[serial]   <- DEV 84:F1:47:17:04:A4 RSSI -80 TYPE B SSID odins-visitor-1x
[serial]   <- DEV 84:F1:47:17:04:A5 RSSI -81 TYPE B SSID Wi2_OpenRoaming
[serial]   <- DEV 84:F1:47:19:0C:40 RSSI -84 TYPE B SSID Wi2eap
[serial]   <- DEV 84:F1:47:19:0C:41 RSSI -85 TYPE B SSID eduroam
[serial]   <- DEV 84:F1:47:19:0C:44 RSSI -83 TYPE B SSID odins-visitor-1x
[serial]   <- DEV 84:F1:47:33:74:61 RSSI -78 TYPE B SSID eduroam
[serial]   <- DEV 84:F1:47:33:74:62 RSSI -81 TYPE B SSID odins-1x
[serial]   <- DEV 84:F1:47:33:74:64 RSSI -80 TYPE B SSID odins-visitor-1x
[serial]   <- DEV 84:F1:47:33:74:65 RSSI -81 TYPE B SSID Wi2_OpenRoaming
[serial]   <- DEV 8A:78:48:E4:55:19 RSSI -77 TYPE B SSID mc-lab-wireless
[serial]   <- DEV 8E:78:48:E4:53:E5 RSSI -76 TYPE B SSID mc-lab-wireless
[serial]   <- DEV 8E:78:48:E4:55:19 RSSI -80 TYPE B SSID <hidden>
[serial]   <- DEV 9A:A6:7E:74:8A:D5 RSSI -77 TYPE B SSID mlab-wireless6
[serial]   <- DEV 9C:50:D1:49:FE:9F RSSI -89 TYPE B SSID DaikinAP63090
[serial]   <- DEV 9E:A6:7E:74:8A:D5 RSSI -79 TYPE B SSID <hidden>
[serial]   <- DEV AC:44:F2:54:D7:58 RSSI -72 TYPE B SSID waka-lab-2.4G
[serial]   <- DEV AC:44:F2:54:D7:59 RSSI -72 TYPE B SSID waka-lab-guest
[serial]   <- DEV BC:C3:42:0E:54:30 RSSI -83 TYPE P SSID 001601C6DF45_G
[serial]   <- DEV BC:C3:42:20:D8:08 RSSI -76 TYPE P SSID Higashi-Lab-AM
[serial]   <- DEV C0:25:A2:F3:7B:5E RSSI -79 TYPE B SSID aterm-171a0c-g
[serial]   <- DEV C4:3C:EA:8F:D8:81 RSSI -54 TYPE B SSID <hidden>
[serial]   <- DEV C6:3C:EA:8F:D8:83 RSSI -54 TYPE B SSID ap-4_2G_bigdata-lab
[serial]   <- DEV C6:3C:EA:8F:D8:84 RSSI -55 TYPE B SSID ap-4_2G_bigdata-lab-WPA3
[serial]   <- DEV CE:D1:13:90:2D:BB RSSI -80 TYPE P SSID <broadcast>
[serial]   <- DEV EC:F0:0E:63:8A:59 RSSI -82 TYPE P SSID <broadcast>
[serial]   <- DEV F4:D1:08:B1:86:51 RSSI -75 TYPE B SSID DIRECT-Cynap-Pure-01097504-QsXw
[serial]   <- DEV F4:D5:80:2F:4E:90 RSSI -88 TYPE B SSID <hidden>
[serial]   <- DEV F8:16:0C:3E:C4:E1 RSSI -79 TYPE B SSID eufy Clean-B-C4E1
[serial]   <- DEV F8:94:97:0B:48:E0 RSSI -83 TYPE B SSID Buffalo-2G-48E0
[serial]   <- DEV F8:94:97:0B:48:E1 RSSI -84 TYPE B SSID <hidden>
[serial]   <- DEV F8:94:97:0B:48:E2 RSSI -84 TYPE B SSID Buffalo-2G-48E0-WPA3
[serial]   <- DEV FE:19:28:76:A4:B8 RSSI -80 TYPE B SSID Pro 2 D15_2876A4B8
[serial]   <- SUMMARY DEVICES 75 CLOSE 18 FAR 57
[serial]   <- TARGET F4:BE:EC:1E:9D:AA NOTFOUND
[serial]   <- TARGET FA:13:E8:24:36:16 NOTFOUND
[serial]   <- END_SCAN
[serial] ----------------------------------------
[serial] 75‘ä‚ÌƒfƒoƒCƒX‚ğŒŸo
[serial] -> ƒeƒXƒgOK
[serial] ========================================
[serial] ========================================
[serial] WiFiÚ‘±Šm”FƒeƒXƒg
[serial] ========================================
[serial] ESP32 “dŒ¹ON...
[serial]   <- READY óM (434ms)
[serial] WiFiƒXƒLƒƒƒ“ŠJn (10•b)...
[serial]   <- OK SCAN 10000
[serial]   <- BEGIN_SCAN 10000 300
{"pair_id": 9, "v5_port": "COM60", "upload": {"cmd": "arduino-cli compile --fqbn adafruit:nrf52:feather52840 -u -p COM62 C:\\Users\\tsune\\logbot\\LogbotArduinoCode\\logbot-v5\\v5_umineko_wifi_2026\\nrf_wifi_connection_test", "v5_port_arg": "COM60", "trigger_1200_baud": false, "dfu_port_detected": "COM62", "upload_port_used": "COM62", "returncode": 0, "success": true, "failure_marker": null, "stdout_tail": ["Sketch uses 54992 bytes (6%) of program storage space. Maximum is 815104 bytes.", "Global variables use 8220 bytes (3%) of dynamic memory, leaving 229348 bytes for local variables. Maximum is 237568 bytes.", "Upgrading target on COM62 with DFU package C:\\Users\\tsune\\AppData\\Local\\arduino\\sketches\\EA89A51AC28C3851A7CADCDE3FE70ED5\\nrf_wifi_connection_test.ino.zip. Flow control is disabled, Single bank, Touch disabled", "########################################", "########################################", "############################", "Activating new firmware", "Device programmed."], "stderr_tail": [], "fallback_attempts": [{"attempt": 1, "failure_marker": "Target is not in DFU mode"}]}, "duration_sec": 90.0, "min_testok": 3, "ok_count": 2, "last_error": "serial read error: ClearCommError failed (PermissionError(13, 'ƒfƒoƒCƒX‚ªƒRƒ}ƒ“ƒh‚ğ”F¯‚Å‚«‚Ü‚¹‚ñB', None, 22))", "log_line_count": 195, "pass": false, "verify_path": "C:\\Users\\tsune\\current_measurement\\screening\\data\\screening_pair09_20260725-185926_verify.json", "log_tail": [{"ts": "2026-07-25T19:04:38.313", "line": "  <- TARGET F4:BE:EC:1E:9D:AA NOTFOUND"}, {"ts": "2026-07-25T19:04:38.355", "line": "  <- TARGET FA:13:E8:24:36:16 NOTFOUND"}, {"ts": "2026-07-25T19:04:38.355", "line": "  <- END_SCAN"}, {"ts": "2026-07-25T19:04:38.359", "line": "----------------------------------------"}, {"ts": "2026-07-25T19:04:38.359", "line": "75‘ä‚ÌƒfƒoƒCƒX‚ğŒŸo"}, {"ts": "2026-07-25T19:04:38.359", "line": "-> ƒeƒXƒgOK"}, {"ts": "2026-07-25T19:04:38.361", "line": "========================================"}, {"ts": "2026-07-25T19:04:43.357", "line": "========================================"}, {"ts": "2026-07-25T19:04:43.359", "line": "WiFiÚ‘±Šm”FƒeƒXƒg"}, {"ts": "2026-07-25T19:04:43.359", "line": "========================================"}, {"ts": "2026-07-25T19:04:43.359", "line": "ESP32 “dŒ¹ON..."}, {"ts": "2026-07-25T19:04:43.789", "line": "  <- READY óM (434ms)"}, {"ts": "2026-07-25T19:04:44.345", "line": "WiFiƒXƒLƒƒƒ“ŠJn (10•b)..."}, {"ts": "2026-07-25T19:04:44.345", "line": "  <- OK SCAN 10000"}, {"ts": "2026-07-25T19:04:44.345", "line": "  <- BEGIN_SCAN 10000 300"}]}

[done] meta saved: C:\Users\tsune\current_measurement\screening\data\screening_pair09_20260725-185926_meta.json
[done] features saved: C:\Users\tsune\current_measurement\screening\data\screening_pair09_20260725-185926_features.json
{"pair_id": 9, "csv": "C:\\Users\\tsune\\current_measurement\\screening\\data\\screening_pair09_20260725-185926.csv", "baseline_median_mA": 0.0, "wifi_on_mean_mA": 137.78435870698644, "global_max_mA": 291.7, "dropout_ratio": 0.015215725980835315, "outlier": false, "reasons": [], "verify_pass": false, "verify_ok_count": 2, "verify_last_error": "serial read error: ClearCommError failed (PermissionError(13, 'ƒfƒoƒCƒX‚ªƒRƒ}ƒ“ƒh‚ğ”F¯‚Å‚«‚Ü‚¹‚ñB', None, 22))"}
