[run] C:\Users\tsune\current_measurement\venv\Scripts\python.exe C:\Users\tsune\logbot\tools\logbot-usb\logbot_usb.py cycle --wait 1.0
COM11: VBUS OFF, 1.0ç§’å¾…æ©Ÿ...
COM11: VBUS ON (å¾©å¸°)
[phase0] arduino-cli ‚Å nrf_power_test_all ¨ COM64 ‘‚«‚İ
[fallback] compile_and_upload_v5 ¸”s ¨ logbot-ctl reset --double Œo—R‚Å retry
[run] C:\Users\tsune\current_measurement\venv\Scripts\python.exe C:\Users\tsune\logbot\tools\logbot-ctl\logbot_ctl.py info COM63
[run] C:\Users\tsune\current_measurement\venv\Scripts\python.exe C:\Users\tsune\logbot\tools\logbot-ctl\logbot_ctl.py tm COM63
COM63: RTC synced to PC time
[run] (background) C:\Users\tsune\current_measurement\venv\Scripts\python.exe C:\Users\tsune\current_measurement\current_monitor.py --headless --port COM10 --baud 9600 --csv C:\Users\tsune\current_measurement\screening\data\screening_pair10_20260725-191910.csv
[current_monitor headless] port=COM10 baud=9600 csv=C:\Users\tsune\current_measurement\screening\data\screening_pair10_20260725-191910.csv
[run] C:\Users\tsune\current_measurement\venv\Scripts\python.exe C:\Users\tsune\logbot\tools\logbot-ctl\logbot_ctl.py reset COM63
COM63: CPU RESET pulsed (100ms)
[run] C:\Users\tsune\current_measurement\venv\Scripts\python.exe C:\Users\tsune\logbot\tools\logbot-usb\logbot_usb.py off
COM11: VBUS OFF (ãƒªãƒ¬ãƒ¼é–‹)
[wait sequence] c‚è 120s / 150s
[wait sequence] c‚è 90s / 150s
[wait sequence] c‚è 60s / 150s
[wait sequence] c‚è 30s / 150s
[run] C:\Users\tsune\current_measurement\venv\Scripts\python.exe C:\Users\tsune\logbot\tools\logbot-usb\logbot_usb.py on
COM11: VBUS ON (ãƒªãƒ¬ãƒ¼é–‰)
[run] C:\Users\tsune\current_measurement\venv\Scripts\python.exe C:\Users\tsune\logbot\tools\logbot-usb\logbot_usb.py cycle --wait 1.0
COM11: VBUS OFF, 1.0ç§’å¾…æ©Ÿ...
COM11: VBUS ON (å¾©å¸°)
[verify] starting: C:\Users\tsune\current_measurement\venv\Scripts\python.exe C:\Users\tsune\current_measurement\screening\screening_verify.py --pair-id 10 --v5-port COM64 --if-port COM63 --duration-sec 90.0 --out-prefix screening_pair10_20260725-191910
[verify] arduino-cli ‚Å nrf_wifi_connection_test ¨ COM64 ‘‚«‚İ
[serial] nRF52840 WiFiÚ‘±Šm”FƒeƒXƒgƒvƒƒOƒ‰ƒ€
[serial] 5•bŠÔŠu‚Å©“®ƒXƒLƒƒƒ“‚ğÀs‚µ‚Ü‚·
[serial] ========================================
[serial] WiFiÚ‘±Šm”FƒeƒXƒg
[serial] ========================================
[serial] ESP32 “dŒ¹ON...
[serial]   <- READY óM (424ms)
[serial] WiFiƒXƒLƒƒƒ“ŠJn (10•b)...
[serial]   <- OK SCAN 10000
[serial]   <- BEGIN_SCAN 10000 300
[serial]   <- DEV 00:13:EF:2F:17:55 RSSI -58 TYPE P SSID <broadcast>
[serial]   <- DEV 00:24:A5:65:CD:C0 RSSI -51 TYPE B SSID matsushita_lab
[serial]   <- DEV 04:D4:C4:C4:72:78 RSSI -81 TYPE B SSID research_ap
[serial]   <- DEV 14:5A:FC:08:47:BF RSSI -80 TYPE P SSID <broadcast>
[serial]   <- DEV 18:EC:E7:25:6D:04 RSSI -88 TYPE B SSID Extender-G-6D04
[serial]   <- DEV 1C:7C:98:C0:2E:CA RSSI -82 TYPE B SSID aterm-0e0553-5p
[serial]   <- DEV 22:7C:98:C0:2E:CA RSSI -82 TYPE B SSID aterm-0e0553-5s
[serial]   <- DEV 2C:1A:05:D5:75:A1 RSSI -82 TYPE B SSID eduroam
[serial]   <- DEV 2C:1A:05:D5:75:A2 RSSI -81 TYPE B SSID odins-1x
[serial]   <- DEV 2C:1A:05:D5:75:A4 RSSI -82 TYPE B SSID odins-visitor-1x
[serial]   <- DEV 2C:1A:05:D5:75:A5 RSSI -82 TYPE B SSID Wi2_OpenRoaming
[serial]   <- DEV 2C:1A:05:D5:9C:60 RSSI -46 TYPE B SSID Wi2eap
[serial]   <- DEV 2C:1A:05:D5:9C:61 RSSI -46 TYPE B SSID eduroam
[serial]   <- DEV 2C:1A:05:D5:9C:62 RSSI -46 TYPE B SSID odins-1x
[serial]   <- DEV 2C:1A:05:D5:9C:63 RSSI -46 TYPE B SSID <hidden>
[serial]   <- DEV 2C:1A:05:D5:9C:64 RSSI -46 TYPE B SSID odins-visitor-1x
[serial]   <- DEV 2C:1A:05:D5:9C:65 RSSI -46 TYPE B SSID Wi2_OpenRoaming
[serial]   <- DEV 3A:45:6B:8C:2B:A5 RSSI -58 TYPE P SSID <broadcast>
[serial]   <- DEV 3A:77:07:6A:CD:27 RSSI -77 TYPE B SSID eufy Clean X10 Pro Omni-CD27
[serial]   <- DEV 48:E7:DA:A7:9C:B7 RSSI -46 TYPE P SSID <broadcast>
[serial]   <- DEV 54:07:7D:78:2F:02 RSSI -81 TYPE B SSID melab-2g
[serial]   <- DEV 54:6C:EB:E7:29:94 RSSI -51 TYPE P SSID matsushita_lab
[serial]   <- DEV 54:9B:49:3C:79:AA RSSI -81 TYPE B SSID MiuraLab
[serial]   <- DEV 5E:9B:49:3C:79:AA RSSI -80 TYPE B SSID <hidden>
[serial]   <- DEV 60:84:BD:F1:C5:28 RSSI -77 TYPE B SSID Buffalo-G-C528
[serial]   <- DEV 60:84:BD:F2:D3:40 RSSI -57 TYPE B SSID ap-2_bigdata-lab
[serial]   <- DEV 60:84:BD:F3:69:30 RSSI -50 TYPE B SSID ap-1_bigdata-lab
[serial]   <- DEV 6C:8D:77:7F:F5:60 RSSI -76 TYPE B SSID Wi2eap
[serial]   <- DEV 6C:8D:77:7F:F5:61 RSSI -77 TYPE B SSID eduroam
[serial]   <- DEV 6C:8D:77:7F:F5:62 RSSI -76 TYPE B SSID odins-1x
[serial]   <- DEV 6C:8D:77:7F:F5:63 RSSI -73 TYPE B SSID <hidden>
[serial]   <- DEV 6C:8D:77:7F:F5:64 RSSI -75 TYPE B SSID odins-visitor-1x
[serial]   <- DEV 6C:8D:77:7F:F5:65 RSSI -76 TYPE B SSID Wi2_OpenRoaming
[serial]   <- DEV 6C:E4:DA:15:56:66 RSSI -75 TYPE B SSID aterm-7ab32d-g
[serial]   <- DEV 6C:E4:DA:4F:03:4E RSSI -79 TYPE B SSID aterm-39740f-g
[serial]   <- DEV 74:03:BD:EF:00:40 RSSI -86 TYPE B SSID MATAP3_G
[serial]   <- DEV 74:03:BD:EF:00:42 RSSI -85 TYPE B SSID MAT
[serial]   <- DEV 80:91:33:12:D8:08 RSSI -49 TYPE B SSID DaikinAP53338
[serial]   <- DEV 80:91:33:13:1D:D3 RSSI -54 TYPE B SSID DaikinAP24806
[serial]   <- DEV 80:91:33:13:8E:70 RSSI -48 TYPE B SSID DaikinAP40122
[serial]   <- DEV 84:78:48:E4:53:E5 RSSI -75 TYPE B SSID <hidden>
[serial]   <- DEV 84:78:48:E4:55:19 RSSI -80 TYPE B SSID Higashi-AX
[serial]   <- DEV 84:F1:47:17:04:A0 RSSI -81 TYPE B SSID Wi2eap
[serial]   <- DEV 84:F1:47:17:04:A1 RSSI -80 TYPE B SSID eduroam
[serial]   <- DEV 84:F1:47:17:04:A2 RSSI -81 TYPE B SSID odins-1x
[serial]   <- DEV 84:F1:47:17:04:A3 RSSI -77 TYPE B SSID <hidden>
[serial]   <- DEV 84:F1:47:17:04:A4 RSSI -80 TYPE B SSID odins-visitor-1x
[serial]   <- DEV 84:F1:47:17:04:A5 RSSI -80 TYPE B SSID Wi2_OpenRoaming
[serial]   <- DEV 84:F1:47:19:0C:40 RSSI -81 TYPE B SSID Wi2eap
[serial]   <- DEV 84:F1:47:19:0C:41 RSSI -81 TYPE B SSID eduroam
[serial]   <- DEV 84:F1:47:19:0C:44 RSSI -81 TYPE B SSID odins-visitor-1x
[serial]   <- DEV 84:F1:47:19:0C:45 RSSI -81 TYPE B SSID Wi2_OpenRoaming
[serial]   <- DEV 84:F1:47:33:74:60 RSSI -79 TYPE B SSID Wi2eap
[serial]   <- DEV 84:F1:47:33:74:62 RSSI -79 TYPE B SSID odins-1x
[serial]   <- DEV 84:F1:47:33:74:64 RSSI -80 TYPE B SSID odins-visitor-1x
[serial]   <- DEV 84:F1:47:33:74:65 RSSI -79 TYPE B SSID Wi2_OpenRoaming
[serial]   <- DEV 8A:78:48:E4:53:E5 RSSI -73 TYPE B SSID Higashi-AX
[serial]   <- DEV 8A:78:48:E4:55:19 RSSI -81 TYPE B SSID mc-lab-wireless
[serial]   <- DEV 8E:78:48:E4:53:E5 RSSI -73 TYPE B SSID mc-lab-wireless
[serial]   <- DEV 8E:78:48:E4:55:19 RSSI -81 TYPE B SSID <hidden>
[serial]   <- DEV 9A:A6:7E:74:8A:D5 RSSI -77 TYPE B SSID mlab-wireless6
[serial]   <- DEV 9E:A6:7E:74:8A:D5 RSSI -80 TYPE B SSID <hidden>
[serial]   <- DEV AC:44:F2:54:D7:59 RSSI -72 TYPE B SSID waka-lab-guest
[serial]   <- DEV BC:C3:42:0E:54:30 RSSI -85 TYPE P SSID 001601C6DF45_G
[serial]   <- DEV BC:C3:42:20:D8:08 RSSI -74 TYPE P SSID Higashi-Lab-AM
[serial]   <- DEV C0:25:A2:F3:7B:5E RSSI -80 TYPE B SSID aterm-171a0c-g
[serial]   <- DEV C4:3C:EA:8F:D8:81 RSSI -59 TYPE B SSID <hidden>
[serial]   <- DEV C6:3C:EA:8F:D8:83 RSSI -58 TYPE B SSID ap-4_2G_bigdata-lab
[serial]   <- DEV C6:3C:EA:8F:D8:84 RSSI -56 TYPE B SSID ap-4_2G_bigdata-lab-WPA3
[serial]   <- DEV C8:A3:E8:16:0A:9D RSSI -83 TYPE P SSID odins-1x
[serial]   <- DEV D6:B1:0F:A9:79:94 RSSI -67 TYPE P SSID <broadcast>
[serial]   <- DEV DE:47:32:9D:AC:AE RSSI -85 TYPE B SSID shimizu_lab_wifi
[serial]   <- DEV F4:D1:08:B1:86:51 RSSI -81 TYPE B SSID DIRECT-Cynap-Pure-01097504-QsXw
[serial]   <- DEV F4:D5:80:2F:4E:90 RSSI -86 TYPE B SSID <hidden>
[serial]   <- DEV F8:16:0C:3E:C4:E1 RSSI -74 TYPE B SSID eufy Clean-B-C4E1
[serial]   <- DEV F8:94:97:0B:48:E0 RSSI -80 TYPE B SSID Buffalo-2G-48E0
[serial]   <- DEV F8:94:97:0B:48:E2 RSSI -86 TYPE B SSID Buffalo-2G-48E0-WPA3
[serial]   <- DEV FC:19:28:76:A4:B8 RSSI -74 TYPE P SSID <broadcast>
[serial]   <- SUMMARY DEVICES 78 CLOSE 20 FAR 58
[serial]   <- TARGET F4:BE:EC:1E:9D:AA NOTFOUND
[serial]   <- TARGET FA:13:E8:24:36:16 NOTFOUND
[serial]   <- END_SCAN
[serial] ----------------------------------------
[serial] 78‘ä‚ÌƒfƒoƒCƒX‚ğŒŸo
[serial] -> ƒeƒXƒgOK
[serial] ========================================
[serial] ========================================
[serial] WiFiÚ‘±Šm”FƒeƒXƒg
[serial] ========================================
[serial] ESP32 “dŒ¹ON...
[serial]   <- READY óM (414ms)
[serial] WiFiƒXƒLƒƒƒ“ŠJn (10•b)...
[serial]   <- OK SCAN 10000
[serial]   <- BEGIN_SCAN 10000 300
[serial]   <- DEV 00:24:A5:65:CD:C0 RSSI -50 TYPE B SSID matsushita_lab
[serial]   <- DEV 04:D4:C4:C4:72:78 RSSI -80 TYPE B SSID research_ap
[serial]   <- DEV 18:EC:E7:25:6D:04 RSSI -85 TYPE B SSID Extender-G-6D04
[serial]   <- DEV 18:EC:E7:BC:52:38 RSSI -85 TYPE B SSID Buffalo-G-5238
[serial]   <- DEV 20:0B:74:9B:1C:63 RSSI -86 TYPE P SSID ORBI25
[serial]   <- DEV 2C:1A:05:D5:75:A1 RSSI -81 TYPE B SSID eduroam
[serial]   <- DEV 2C:1A:05:D5:75:A3 RSSI -80 TYPE B SSID <hidden>
[serial]   <- DEV 2C:1A:05:D5:9C:60 RSSI -46 TYPE B SSID Wi2eap
[serial]   <- DEV 2C:1A:05:D5:9C:61 RSSI -46 TYPE B SSID eduroam
[serial]   <- DEV 2C:1A:05:D5:9C:62 RSSI -46 TYPE B SSID odins-1x
[serial]   <- DEV 2C:1A:05:D5:9C:63 RSSI -46 TYPE B SSID <hidden>
[serial]   <- DEV 2C:1A:05:D5:9C:64 RSSI -46 TYPE B SSID odins-visitor-1x
[serial]   <- DEV 2C:1A:05:D5:9C:65 RSSI -46 TYPE B SSID Wi2_OpenRoaming
[serial]   <- DEV 32:EF:D2:0C:B5:1E RSSI -67 TYPE P SSID <broadcast>
[serial]   <- DEV 34:B8:83:65:5C:21 RSSI -85 TYPE B SSID eduroam
[serial]   <- DEV 34:B8:83:65:5C:23 RSSI -85 TYPE B SSID <hidden>
[serial]   <- DEV 3A:77:07:6A:CD:27 RSSI -78 TYPE B SSID eufy Clean X10 Pro Omni-CD27
[serial]   <- DEV 54:9B:49:3C:79:AA RSSI -79 TYPE B SSID MiuraLab
[serial]   <- DEV 5E:9B:49:3C:79:AA RSSI -77 TYPE B SSID <hidden>
[serial]   <- DEV 60:84:BD:F1:C5:28 RSSI -78 TYPE B SSID Buffalo-G-C528
[serial]   <- DEV 60:84:BD:F2:D3:40 RSSI -56 TYPE B SSID ap-2_bigdata-lab
[serial]   <- DEV 60:84:BD:F3:23:20 RSSI -63 TYPE B SSID ap-3_bigdata-lab
[serial]   <- DEV 60:84:BD:F3:69:30 RSSI -47 TYPE B SSID ap-1_bigdata-lab
[serial]   <- DEV 6C:8D:77:7F:F5:60 RSSI -77 TYPE B SSID Wi2eap
[serial]   <- DEV 6C:8D:77:7F:F5:61 RSSI -78 TYPE B SSID eduroam
[serial]   <- DEV 6C:8D:77:7F:F5:62 RSSI -77 TYPE B SSID odins-1x
[serial]   <- DEV 6C:8D:77:7F:F5:63 RSSI -77 TYPE B SSID <hidden>
[serial]   <- DEV 6C:8D:77:7F:F5:64 RSSI -77 TYPE B SSID odins-visitor-1x
[serial]   <- DEV 6C:8D:77:7F:F5:65 RSSI -76 TYPE B SSID Wi2_OpenRoaming
[serial]   <- DEV 6C:E4:DA:15:56:66 RSSI -74 TYPE B SSID aterm-7ab32d-g
[serial]   <- DEV 6C:E4:DA:4F:03:4E RSSI -81 TYPE B SSID aterm-39740f-g
[serial]   <- DEV 74:03:BD:EF:00:41 RSSI -86 TYPE B SSID MATAP
[serial]   <- DEV 74:03:BD:EF:00:42 RSSI -86 TYPE B SSID MAT
[serial]   <- DEV 80:13:16:D7:69:51 RSSI -67 TYPE P SSID DIRECT-
[serial]   <- DEV 80:91:33:12:D8:08 RSSI -50 TYPE B SSID DaikinAP53338
[serial]   <- DEV 80:91:33:13:1D:D3 RSSI -55 TYPE B SSID DaikinAP24806
[serial]   <- DEV 80:91:33:13:8E:70 RSSI -49 TYPE B SSID DaikinAP40122
[serial]   <- DEV 84:78:48:E4:53:E5 RSSI -75 TYPE B SSID <hidden>
[serial]   <- DEV 84:F1:47:17:04:A1 RSSI -82 TYPE B SSID eduroam
[serial]   <- DEV 84:F1:47:17:04:A4 RSSI -84 TYPE B SSID odins-visitor-1x
[serial]   <- DEV 84:F1:47:19:0C:40 RSSI -82 TYPE B SSID Wi2eap
[serial]   <- DEV 84:F1:47:19:0C:41 RSSI -81 TYPE B SSID eduroam
[serial]   <- DEV 84:F1:47:19:0C:44 RSSI -81 TYPE B SSID odins-visitor-1x
[serial]   <- DEV 84:F1:47:19:0C:45 RSSI -82 TYPE B SSID Wi2_OpenRoaming
[serial]   <- DEV 84:F1:47:33:74:60 RSSI -80 TYPE B SSID Wi2eap
[serial]   <- DEV 84:F1:47:33:74:61 RSSI -76 TYPE B SSID eduroam
[serial]   <- DEV 84:F1:47:33:74:62 RSSI -78 TYPE B SSID odins-1x
[serial]   <- DEV 84:F1:47:33:74:64 RSSI -77 TYPE B SSID odins-visitor-1x
[serial]   <- DEV 84:F1:47:33:74:65 RSSI -78 TYPE B SSID Wi2_OpenRoaming
[serial]   <- DEV 88:57:EE:CA:CA:A0 RSSI -88 TYPE B SSID MATAP
[serial]   <- DEV 8A:78:48:E4:53:E5 RSSI -74 TYPE B SSID Higashi-AX
[serial]   <- DEV 8E:78:48:E4:53:E5 RSSI -74 TYPE B SSID mc-lab-wireless
[serial]   <- DEV 9A:A6:7E:74:8A:D5 RSSI -79 TYPE B SSID mlab-wireless6
[serial]   <- DEV AC:44:F2:54:D7:59 RSSI -72 TYPE B SSID waka-lab-guest
[serial]   <- DEV BC:C3:42:0E:54:30 RSSI -79 TYPE P SSID 001601C6DF45_G
[serial]   <- DEV BC:C3:42:20:D8:08 RSSI -74 TYPE P SSID Higashi-Lab-AM
[serial]   <- DEV C0:25:A2:F3:7B:5E RSSI -76 TYPE B SSID aterm-171a0c-g
[serial]   <- DEV C4:3C:EA:8F:D8:81 RSSI -58 TYPE B SSID <hidden>
[serial]   <- DEV C6:3C:EA:8F:D8:83 RSSI -57 TYPE B SSID ap-4_2G_bigdata-lab
[serial]   <- DEV C6:3C:EA:8F:D8:84 RSSI -58 TYPE B SSID ap-4_2G_bigdata-lab-WPA3
[serial]   <- DEV C8:A3:E8:07:9F:49 RSSI -82 TYPE P SSID <broadcast>
[serial]   <- DEV E0:CB:BC:8B:AC:E3 RSSI -92 TYPE B SSID AiBS-OSAKA_Lab
[serial]   <- DEV E0:D0:45:48:BB:EC RSSI -70 TYPE P SSID <broadcast>
[serial]   <- DEV F8:16:0C:3E:C4:E1 RSSI -80 TYPE B SSID eufy Clean-B-C4E1
[serial]   <- DEV F8:94:97:0B:48:E0 RSSI -79 TYPE B SSID Buffalo-2G-48E0
[serial]   <- DEV F8:94:97:0B:48:E2 RSSI -81 TYPE B SSID Buffalo-2G-48E0-WPA3
[serial]   <- DEV F8:B7:97:E7:95:C6 RSSI -82 TYPE B SSID aterm-c1a2f8-g
[serial]   <- DEV FE:19:28:76:A4:B8 RSSI -78 TYPE B SSID Pro 2 D15_2876A4B8
[serial]   <- SUMMARY DEVICES 68 CLOSE 19 FAR 49
[serial]   <- TARGET F4:BE:EC:1E:9D:AA NOTFOUND
[serial]   <- TARGET FA:13:E8:24:36:16 NOTFOUND
[serial]   <- END_SCAN
[serial] ----------------------------------------
[serial] 68‘ä‚ÌƒfƒoƒCƒX‚ğŒŸo
[serial] -> ƒeƒXƒgOK
[serial] ========================================
[serial] ========================================
[serial] WiFiÚ‘±Šm”FƒeƒXƒg
[serial] ========================================
[serial] ESP32 “dŒ¹ON...
[serial]   <- READY óM (431ms)
[serial] WiFiƒXƒLƒƒƒ“ŠJn (10•b)...
[serial]   <- OK SCAN 10000
[serial]   <- BEGIN_SCAN 10000 300
[serial]   <- DEV 00:24:A5:65:CD:C0 RSSI -52 TYPE B SSID matsushita_lab
[serial]   <- DEV 22:7C:98:C0:2E:CA RSSI -84 TYPE B SSID aterm-0e0553-5s
[serial]   <- DEV 2C:1A:05:D5:75:A1 RSSI -82 TYPE B SSID eduroam
[serial]   <- DEV 2C:1A:05:D5:75:A3 RSSI -82 TYPE B SSID <hidden>
[serial]   <- DEV 2C:1A:05:D5:75:A5 RSSI -82 TYPE B SSID Wi2_OpenRoaming
[serial]   <- DEV 2C:1A:05:D5:9C:60 RSSI -49 TYPE B SSID Wi2eap
[serial]   <- DEV 2C:1A:05:D5:9C:61 RSSI -46 TYPE B SSID eduroam
[serial]   <- DEV 2C:1A:05:D5:9C:62 RSSI -47 TYPE B SSID odins-1x
[serial]   <- DEV 2C:1A:05:D5:9C:63 RSSI -46 TYPE B SSID <hidden>
[serial]   <- DEV 2C:1A:05:D5:9C:64 RSSI -48 TYPE B SSID odins-visitor-1x
[serial]   <- DEV 2C:1A:05:D5:9C:65 RSSI -46 TYPE B SSID Wi2_OpenRoaming
[serial]   <- DEV 34:B8:83:65:5C:20 RSSI -83 TYPE B SSID Wi2eap
[serial]   <- DEV 34:B8:83:65:5C:21 RSSI -83 TYPE B SSID eduroam
[serial]   <- DEV 34:B8:83:65:5C:22 RSSI -84 TYPE B SSID odins-1x
[serial]   <- DEV 34:B8:83:65:5C:23 RSSI -85 TYPE B SSID <hidden>
[serial]   <- DEV 34:B8:83:65:5C:24 RSSI -85 TYPE B SSID odins-visitor-1x
[serial]   <- DEV 3A:77:07:6A:CD:27 RSSI -79 TYPE B SSID eufy Clean X10 Pro Omni-CD27
[serial]   <- DEV 3C:37:86:D2:86:C6 RSSI -82 TYPE B SSID MoLab
[serial]   <- DEV 54:07:7D:78:50:41 RSSI -80 TYPE B SSID melab-2g
[serial]   <- DEV 54:9B:49:3C:79:AA RSSI -76 TYPE B SSID MiuraLab
[serial]   <- DEV 5E:9B:49:3C:79:AA RSSI -77 TYPE B SSID <hidden>
[serial]   <- DEV 60:84:BD:F1:C5:28 RSSI -76 TYPE B SSID Buffalo-G-C528
[serial]   <- DEV 60:84:BD:F2:D3:40 RSSI -56 TYPE B SSID ap-2_bigdata-lab
[serial]   <- DEV 60:84:BD:F3:23:20 RSSI -65 TYPE B SSID ap-3_bigdata-lab
[serial]   <- DEV 60:84:BD:F3:69:30 RSSI -50 TYPE B SSID ap-1_bigdata-lab
[serial]   <- DEV 6C:8D:77:7F:F5:60 RSSI -76 TYPE B SSID Wi2eap
[serial]   <- DEV 6C:8D:77:7F:F5:61 RSSI -80 TYPE B SSID eduroam
[serial]   <- DEV 6C:8D:77:7F:F5:62 RSSI -78 TYPE B SSID odins-1x
[serial]   <- DEV 6C:8D:77:7F:F5:63 RSSI -79 TYPE B SSID <hidden>
[serial]   <- DEV 6C:8D:77:7F:F5:64 RSSI -78 TYPE B SSID odins-visitor-1x
[serial]   <- DEV 6C:8D:77:7F:F5:65 RSSI -76 TYPE B SSID Wi2_OpenRoaming
[serial]   <- DEV 6C:E4:DA:15:56:66 RSSI -75 TYPE B SSID aterm-7ab32d-g
[serial]   <- DEV 6C:E4:DA:4F:03:4E RSSI -80 TYPE B SSID aterm-39740f-g
[serial]   <- DEV 74:03:BD:EF:00:40 RSSI -89 TYPE B SSID MATAP3_G
[serial]   <- DEV 74:03:BD:EF:00:41 RSSI -88 TYPE B SSID MATAP
[serial]   <- DEV 74:03:BD:EF:00:42 RSSI -85 TYPE B SSID MAT
[serial]   <- DEV 80:91:33:12:D8:08 RSSI -52 TYPE B SSID DaikinAP53338
[serial]   <- DEV 80:91:33:13:1D:D3 RSSI -53 TYPE B SSID DaikinAP24806
[serial]   <- DEV 80:91:33:13:8E:70 RSSI -49 TYPE B SSID DaikinAP40122
[serial]   <- DEV 84:78:48:E4:53:E5 RSSI -74 TYPE B SSID <hidden>
[serial]   <- DEV 84:F1:47:19:0C:41 RSSI -83 TYPE B SSID eduroam
[serial]   <- DEV 84:F1:47:19:0C:45 RSSI -82 TYPE B SSID Wi2_OpenRoaming
[serial]   <- DEV 84:F1:47:33:74:60 RSSI -85 TYPE B SSID Wi2eap
[serial]   <- DEV 84:F1:47:33:74:61 RSSI -81 TYPE B SSID eduroam
[serial]   <- DEV 84:F1:47:33:74:62 RSSI -82 TYPE B SSID odins-1x
[serial]   <- DEV 84:F1:47:33:74:64 RSSI -76 TYPE B SSID odins-visitor-1x
[serial]   <- DEV 84:F1:47:33:74:65 RSSI -82 TYPE B SSID Wi2_OpenRoaming
[serial]   <- DEV 8A:78:48:E4:53:E5 RSSI -74 TYPE B SSID Higashi-AX
[serial]   <- DEV 8E:78:48:E4:53:E5 RSSI -73 TYPE B SSID mc-lab-wireless
[serial]   <- DEV 8E:78:48:E4:55:19 RSSI -80 TYPE B SSID <hidden>
[serial]   <- DEV 9A:A6:7E:6E:C5:25 RSSI -86 TYPE B SSID mlab-wireless6
[serial]   <- DEV 9A:A6:7E:74:8A:D5 RSSI -80 TYPE B SSID mlab-wireless6
[serial]   <- DEV 9E:A6:7E:74:8A:D5 RSSI -79 TYPE B SSID <hidden>
[serial]   <- DEV A0:80:69:F5:74:EF RSSI -46 TYPE P SSID <broadcast>
[serial]   <- DEV AC:44:F2:54:D7:59 RSSI -71 TYPE B SSID waka-lab-guest
[serial]   <- DEV BC:C3:42:0E:54:30 RSSI -82 TYPE P SSID 001601C6DF45_G
[serial]   <- DEV BC:C3:42:20:D8:08 RSSI -77 TYPE P SSID Higashi-Lab-AM
[serial]   <- DEV C0:25:A2:F3:7B:5E RSSI -76 TYPE B SSID aterm-171a0c-g
[serial]   <- DEV C4:3C:EA:8F:D8:81 RSSI -57 TYPE B SSID <hidden>
[serial]   <- DEV C6:3C:EA:8F:D8:83 RSSI -59 TYPE B SSID ap-4_2G_bigdata-lab
[serial]   <- DEV C6:3C:EA:8F:D8:84 RSSI -58 TYPE B SSID ap-4_2G_bigdata-lab-WPA3
[serial]   <- DEV F4:D1:08:B1:86:51 RSSI -79 TYPE B SSID DIRECT-Cynap-Pure-01097504-QsXw
[serial]   <- DEV F8:16:0C:3E:C4:E1 RSSI -80 TYPE B SSID eufy Clean-B-C4E1
[serial]   <- DEV F8:94:97:0B:48:E1 RSSI -82 TYPE B SSID <hidden>
[serial]   <- DEV F8:94:97:0B:48:E2 RSSI -83 TYPE B SSID Buffalo-2G-48E0-WPA3
[serial]   <- DEV FE:19:28:76:A4:B8 RSSI -80 TYPE B SSID Pro 2 D15_2876A4B8
[serial]   <- SUMMARY DEVICES 66 CLOSE 17 FAR 49
[serial]   <- TARGET F4:BE:EC:1E:9D:AA NOTFOUND
[serial]   <- TARGET FA:13:E8:24:36:16 NOTFOUND
[serial]   <- END_SCAN
[serial] ----------------------------------------
[serial] 66‘ä‚ÌƒfƒoƒCƒX‚ğŒŸo
[serial] -> ƒeƒXƒgOK
{"pair_id": 10, "v5_port": "COM64", "upload": {"cmd": "arduino-cli compile --fqbn adafruit:nrf52:feather52840 -u -p COM65 C:\\Users\\tsune\\logbot\\LogbotArduinoCode\\logbot-v5\\v5_umineko_wifi_2026\\nrf_wifi_connection_test", "v5_port_arg": "COM64", "trigger_1200_baud": true, "dfu_port_detected": "COM65", "upload_port_used": "COM65", "returncode": 0, "success": true, "failure_marker": null, "stdout_tail": ["Sketch uses 54992 bytes (6%) of program storage space. Maximum is 815104 bytes.", "Global variables use 8220 bytes (3%) of dynamic memory, leaving 229348 bytes for local variables. Maximum is 237568 bytes.", "Upgrading target on COM65 with DFU package C:\\Users\\tsune\\AppData\\Local\\arduino\\sketches\\EA89A51AC28C3851A7CADCDE3FE70ED5\\nrf_wifi_connection_test.ino.zip. Flow control is disabled, Single bank, Touch disabled", "########################################", "########################################", "############################", "Activating new firmware", "Device programmed."], "stderr_tail": []}, "duration_sec": 90.0, "min_testok": 3, "ok_count": 3, "last_error": "", "log_line_count": 261, "pass": true, "verify_path": "C:\\Users\\tsune\\current_measurement\\screening\\data\\screening_pair10_20260725-191910_verify.json", "log_tail": [{"ts": "2026-07-25T19:31:42.298", "line": "  <- DEV C4:3C:EA:8F:D8:81 RSSI -57 TYPE B SSID <hidden>"}, {"ts": "2026-07-25T19:31:42.302", "line": "  <- DEV C6:3C:EA:8F:D8:83 RSSI -59 TYPE B SSID ap-4_2G_bigdata-lab"}, {"ts": "2026-07-25T19:31:42.369", "line": "  <- DEV C6:3C:EA:8F:D8:84 RSSI -58 TYPE B SSID ap-4_2G_bigdata-lab-WPA3"}, {"ts": "2026-07-25T19:31:42.447", "line": "  <- DEV F4:D1:08:B1:86:51 RSSI -79 TYPE B SSID DIRECT-Cynap-Pure-01097504-QsXw"}, {"ts": "2026-07-25T19:31:42.508", "line": "  <- DEV F8:16:0C:3E:C4:E1 RSSI -80 TYPE B SSID eufy Clean-B-C4E1"}, {"ts": "2026-07-25T19:31:42.627", "line": "  <- DEV F8:94:97:0B:48:E1 RSSI -82 TYPE B SSID <hidden>"}, {"ts": "2026-07-25T19:31:42.690", "line": "  <- DEV F8:94:97:0B:48:E2 RSSI -83 TYPE B SSID Buffalo-2G-48E0-WPA3"}, {"ts": "2026-07-25T19:31:42.765", "line": "  <- DEV FE:19:28:76:A4:B8 RSSI -80 TYPE B SSID Pro 2 D15_2876A4B8"}, {"ts": "2026-07-25T19:31:42.768", "line": "  <- SUMMARY DEVICES 66 CLOSE 17 FAR 49"}, {"ts": "2026-07-25T19:31:42.768", "line": "  <- TARGET F4:BE:EC:1E:9D:AA NOTFOUND"}, {"ts": "2026-07-25T19:31:42.807", "line": "  <- TARGET FA:13:E8:24:36:16 NOTFOUND"}, {"ts": "2026-07-25T19:31:42.807", "line": "  <- END_SCAN"}, {"ts": "2026-07-25T19:31:42.807", "line": "----------------------------------------"}, {"ts": "2026-07-25T19:31:42.807", "line": "66‘ä‚ÌƒfƒoƒCƒX‚ğŒŸo"}, {"ts": "2026-07-25T19:31:42.807", "line": "-> ƒeƒXƒgOK"}]}

[done] meta saved: C:\Users\tsune\current_measurement\screening\data\screening_pair10_20260725-191910_meta.json
[done] features saved: C:\Users\tsune\current_measurement\screening\data\screening_pair10_20260725-191910_features.json
{"pair_id": 10, "csv": "C:\\Users\\tsune\\current_measurement\\screening\\data\\screening_pair10_20260725-191910.csv", "baseline_median_mA": 0.2, "wifi_on_mean_mA": 135.18704553476877, "global_max_mA": 285.0, "dropout_ratio": 0.015179568101933993, "outlier": false, "reasons": [], "verify_pass": true, "verify_ok_count": 3, "verify_last_error": ""}
