[run] C:\Users\tsune\current_measurement\venv\Scripts\python.exe C:\Users\tsune\logbot\tools\logbot-usb\logbot_usb.py cycle --wait 1.0
COM11: VBUS OFF, 1.0ç§’å¾…æ©Ÿ...
COM11: VBUS ON (å¾©å¸°)
[phase0] arduino-cli ‚Å nrf_power_test_all ¨ COM25 ‘‚«‚İ
[run] C:\Users\tsune\current_measurement\venv\Scripts\python.exe C:\Users\tsune\logbot\tools\logbot-ctl\logbot_ctl.py info COM24
[run] C:\Users\tsune\current_measurement\venv\Scripts\python.exe C:\Users\tsune\logbot\tools\logbot-ctl\logbot_ctl.py tm COM24
COM24: RTC synced to PC time
[run] (background) C:\Users\tsune\current_measurement\venv\Scripts\python.exe C:\Users\tsune\current_measurement\current_monitor.py --headless --port COM10 --baud 9600 --csv C:\Users\tsune\current_measurement\screening\data\screening_pair02_20260716-191723.csv
[current_monitor headless] port=COM10 baud=9600 csv=C:\Users\tsune\current_measurement\screening\data\screening_pair02_20260716-191723.csv
[run] C:\Users\tsune\current_measurement\venv\Scripts\python.exe C:\Users\tsune\logbot\tools\logbot-ctl\logbot_ctl.py reset COM24
COM24: CPU RESET pulsed (100ms)
[run] C:\Users\tsune\current_measurement\venv\Scripts\python.exe C:\Users\tsune\logbot\tools\logbot-usb\logbot_usb.py off
COM11: VBUS OFF (ãƒªãƒ¬ãƒ¼é–‹)
[wait sequence] c‚è 150s / 180s
[wait sequence] c‚è 120s / 180s
[wait sequence] c‚è 90s / 180s
[wait sequence] c‚è 60s / 180s
[wait sequence] c‚è 30s / 180s
[run] C:\Users\tsune\current_measurement\venv\Scripts\python.exe C:\Users\tsune\logbot\tools\logbot-usb\logbot_usb.py on
COM11: VBUS ON (ãƒªãƒ¬ãƒ¼é–‰)
[run] C:\Users\tsune\current_measurement\venv\Scripts\python.exe C:\Users\tsune\logbot\tools\logbot-usb\logbot_usb.py cycle --wait 1.0
COM11: VBUS OFF, 1.0ç§’å¾…æ©Ÿ...
COM11: VBUS ON (å¾©å¸°)
[verify] starting: C:\Users\tsune\current_measurement\venv\Scripts\python.exe C:\Users\tsune\current_measurement\screening\screening_verify.py --pair-id 2 --v5-port COM25 --duration-sec 90.0 --out-prefix screening_pair02_20260716-191723
[verify] arduino-cli ‚Å nrf_wifi_connection_test ¨ COM25 ‘‚«‚İ
[serial] nRF52840 WiFiÚ‘±Šm”FƒeƒXƒgƒvƒƒOƒ‰ƒ€
[serial] 5•bŠÔŠu‚Å©“®ƒXƒLƒƒƒ“‚ğÀs‚µ‚Ü‚·
[serial] ========================================
[serial] WiFiÚ‘±Šm”FƒeƒXƒg
[serial] ========================================
[serial] ESP32 “dŒ¹ON...
[serial]   <- READY óM (420ms)
[serial] WiFiƒXƒLƒƒƒ“ŠJn (10•b)...
[serial]   <- OK SCAN 10000
[serial]   <- BEGIN_SCAN 10000 300
[serial]   <- DEV 00:1D:73:C9:61:B0 RSSI -82 TYPE P SSID c73f88_n
[serial]   <- DEV 00:24:A5:65:CD:C0 RSSI -53 TYPE B SSID matsushita_lab
[serial]   <- DEV 04:D4:C4:C4:72:78 RSSI -82 TYPE B SSID research_ap
[serial]   <- DEV 18:EC:E7:25:6D:04 RSSI -86 TYPE B SSID Extender-G-6D04
[serial]   <- DEV 1A:92:66:2D:46:49 RSSI -63 TYPE B SSID Joshua
[serial]   <- DEV 2C:1A:05:D5:75:A0 RSSI -84 TYPE B SSID Wi2eap
[serial]   <- DEV 2C:1A:05:D5:75:A2 RSSI -82 TYPE B SSID odins-1x
[serial]   <- DEV 2C:1A:05:D5:75:A4 RSSI -83 TYPE B SSID odins-visitor-1x
[serial]   <- DEV 2C:1A:05:D5:75:A5 RSSI -75 TYPE B SSID Wi2_OpenRoaming
[serial]   <- DEV 2C:1A:05:D5:9C:60 RSSI -48 TYPE B SSID Wi2eap
[serial]   <- DEV 2C:1A:05:D5:9C:61 RSSI -46 TYPE B SSID eduroam
[serial]   <- DEV 2C:1A:05:D5:9C:62 RSSI -48 TYPE B SSID odins-1x
[serial]   <- DEV 2C:1A:05:D5:9C:63 RSSI -47 TYPE B SSID <hidden>
[serial]   <- DEV 2C:1A:05:D5:9C:64 RSSI -46 TYPE B SSID odins-visitor-1x
[serial]   <- DEV 2C:1A:05:D5:9C:65 RSSI -49 TYPE B SSID Wi2_OpenRoaming
[serial]   <- DEV 48:E7:DA:A7:9C:B7 RSSI -47 TYPE P SSID <broadcast>
[serial]   <- DEV 54:07:7D:78:2F:02 RSSI -72 TYPE B SSID melab-2g
[serial]   <- DEV 54:9B:49:3C:79:AA RSSI -76 TYPE B SSID MiuraLab
[serial]   <- DEV 5E:9B:49:3C:14:12 RSSI -79 TYPE B SSID <hidden>
[serial]   <- DEV 5E:9B:49:3C:79:AA RSSI -77 TYPE B SSID <hidden>
[serial]   <- DEV 60:84:BD:F1:C5:28 RSSI -78 TYPE B SSID Buffalo-G-C528
[serial]   <- DEV 60:84:BD:F2:D3:40 RSSI -60 TYPE B SSID ap-2_bigdata-lab
[serial]   <- DEV 60:84:BD:F3:23:20 RSSI -62 TYPE B SSID ap-3_bigdata-lab
[serial]   <- DEV 60:84:BD:F3:69:30 RSSI -53 TYPE B SSID ap-1_bigdata-lab
[serial]   <- DEV 6C:8D:77:7F:F5:60 RSSI -79 TYPE B SSID Wi2eap
[serial]   <- DEV 6C:8D:77:7F:F5:62 RSSI -80 TYPE B SSID odins-1x
[serial]   <- DEV 6C:8D:77:7F:F5:63 RSSI -78 TYPE B SSID <hidden>
[serial]   <- DEV 6C:8D:77:7F:F5:64 RSSI -79 TYPE B SSID odins-visitor-1x
[serial]   <- DEV 6C:8D:77:7F:F5:65 RSSI -80 TYPE B SSID Wi2_OpenRoaming
[serial]   <- DEV 6C:E4:DA:15:56:66 RSSI -75 TYPE B SSID aterm-7ab32d-g
[serial]   <- DEV 80:91:33:12:D8:08 RSSI -50 TYPE B SSID DaikinAP53338
[serial]   <- DEV 80:91:33:13:1D:D3 RSSI -52 TYPE B SSID DaikinAP24806
[serial]   <- DEV 80:91:33:13:8E:70 RSSI -54 TYPE B SSID DaikinAP40122
[serial]   <- DEV 82:09:C2:49:E2:14 RSSI -83 TYPE P SSID <broadcast>
[serial]   <- DEV 84:78:48:E4:53:E5 RSSI -71 TYPE B SSID <hidden>
[serial]   <- DEV 84:F1:47:17:04:A2 RSSI -81 TYPE B SSID odins-1x
[serial]   <- DEV 84:F1:47:17:04:A3 RSSI -82 TYPE B SSID <hidden>
[serial]   <- DEV 84:F1:47:17:04:A4 RSSI -80 TYPE B SSID odins-visitor-1x
[serial]   <- DEV 84:F1:47:17:04:A5 RSSI -81 TYPE B SSID Wi2_OpenRoaming
[serial]   <- DEV 84:F1:47:18:B5:83 RSSI -87 TYPE B SSID <hidden>
[serial]   <- DEV 84:F1:47:19:0C:40 RSSI -84 TYPE B SSID Wi2eap
[serial]   <- DEV 84:F1:47:19:0C:42 RSSI -82 TYPE B SSID odins-1x
[serial]   <- DEV 84:F1:47:33:74:60 RSSI -75 TYPE B SSID Wi2eap
[serial]   <- DEV 84:F1:47:33:74:61 RSSI -74 TYPE B SSID eduroam
[serial]   <- DEV 84:F1:47:33:74:62 RSSI -74 TYPE B SSID odins-1x
[serial]   <- DEV 84:F1:47:33:74:64 RSSI -74 TYPE B SSID odins-visitor-1x
[serial]   <- DEV 84:F1:47:33:74:65 RSSI -77 TYPE B SSID Wi2_OpenRoaming
[serial]   <- DEV 8E:78:48:E4:53:E5 RSSI -71 TYPE B SSID mc-lab-wireless
[serial]   <- DEV 8E:78:48:E4:55:19 RSSI -82 TYPE B SSID <hidden>
[serial]   <- DEV 9A:A6:7E:74:8A:D5 RSSI -82 TYPE B SSID mlab-wireless6
[serial]   <- DEV AC:44:F2:54:D7:58 RSSI -71 TYPE B SSID waka-lab-2.4G
[serial]   <- DEV AC:44:F2:54:D7:59 RSSI -75 TYPE B SSID waka-lab-guest
[serial]   <- DEV BC:C3:42:20:D8:08 RSSI -77 TYPE P SSID Higashi-Lab-AM
[serial]   <- DEV C0:25:A2:F3:7B:5E RSSI -79 TYPE B SSID aterm-171a0c-g
[serial]   <- DEV F0:68:E3:31:A7:26 RSSI -74 TYPE P SSID <broadcast>
[serial]   <- DEV F4:D1:08:B1:86:51 RSSI -76 TYPE B SSID DIRECT-Cynap-Pure-01097504-QsXw
[serial]   <- DEV F8:16:0C:3E:C4:E1 RSSI -79 TYPE B SSID eufy Clean-B-C4E1
[serial]   <- SUMMARY DEVICES 57 CLOSE 15 FAR 42
[serial]   <- TARGET F4:BE:EC:1E:9D:AA NOTFOUND
[serial]   <- TARGET FA:13:E8:24:36:16 NOTFOUND
[serial]   <- END_SCAN
[serial] ----------------------------------------
[serial] 57‘ä‚ÌƒfƒoƒCƒX‚ğŒŸo
[serial] -> ƒeƒXƒgOK
[serial] ========================================
[serial] ========================================
[serial] WiFiÚ‘±Šm”FƒeƒXƒg
[serial] ========================================
[serial] ESP32 “dŒ¹ON...
[serial]   <- READY óM (426ms)
[serial] WiFiƒXƒLƒƒƒ“ŠJn (10•b)...
[serial]   <- OK SCAN 10000
[serial]   <- BEGIN_SCAN 10000 300
[serial]   <- DEV 00:1D:73:C9:61:B0 RSSI -79 TYPE P SSID c73f88_n
[serial]   <- DEV 00:24:A5:65:CD:C0 RSSI -54 TYPE B SSID matsushita_lab
[serial]   <- DEV 02:CA:D2:82:DD:9C RSSI -51 TYPE P SSID odins-1x
[serial]   <- DEV 04:D4:C4:C4:72:78 RSSI -82 TYPE B SSID research_ap
[serial]   <- DEV 04:D9:F5:9E:0A:B0 RSSI -77 TYPE B SSID icn-wireless00
[serial]   <- DEV 18:EC:E7:25:6D:04 RSSI -86 TYPE B SSID Extender-G-6D04
[serial]   <- DEV 18:EC:E7:25:6D:05 RSSI -84 TYPE B SSID 4528_a
[serial]   <- DEV 1A:1A:91:E8:BF:41 RSSI -59 TYPE P SSID <broadcast>
[serial]   <- DEV 1A:92:66:2D:46:49 RSSI -62 TYPE B SSID Joshua
[serial]   <- DEV 24:0A:64:E0:C7:92 RSSI -80 TYPE P SSID InnovationCafe
[serial]   <- DEV 26:3A:DE:27:61:22 RSSI -83 TYPE P SSID <broadcast>
[serial]   <- DEV 26:7C:98:C0:2E:CA RSSI -81 TYPE B SSID <hidden>
[serial]   <- DEV 2C:1A:05:D5:75:A0 RSSI -83 TYPE B SSID Wi2eap
[serial]   <- DEV 2C:1A:05:D5:75:A1 RSSI -81 TYPE B SSID eduroam
[serial]   <- DEV 2C:1A:05:D5:9C:60 RSSI -50 TYPE B SSID Wi2eap
[serial]   <- DEV 2C:1A:05:D5:9C:61 RSSI -49 TYPE B SSID eduroam
[serial]   <- DEV 2C:1A:05:D5:9C:62 RSSI -50 TYPE B SSID odins-1x
[serial]   <- DEV 2C:1A:05:D5:9C:63 RSSI -50 TYPE B SSID <hidden>
[serial]   <- DEV 2C:1A:05:D5:9C:64 RSSI -50 TYPE B SSID odins-visitor-1x
[serial]   <- DEV 2C:1A:05:D5:9C:65 RSSI -50 TYPE B SSID Wi2_OpenRoaming
[serial]   <- DEV 48:D6:D5:06:B4:50 RSSI -47 TYPE P SSID ap-1_bigdata-lab
[serial]   <- DEV 54:07:7D:78:2F:02 RSSI -75 TYPE B SSID melab-2g
[serial]   <- DEV 54:9B:49:3C:79:AA RSSI -77 TYPE B SSID MiuraLab
[serial]   <- DEV 60:84:BD:F1:C5:28 RSSI -71 TYPE B SSID Buffalo-G-C528
[serial]   <- DEV 60:84:BD:F2:D3:40 RSSI -60 TYPE B SSID ap-2_bigdata-lab
[serial]   <- DEV 60:84:BD:F3:23:20 RSSI -61 TYPE B SSID ap-3_bigdata-lab
[serial]   <- DEV 60:84:BD:F3:69:30 RSSI -53 TYPE B SSID ap-1_bigdata-lab
[serial]   <- DEV 66:F7:9F:78:33:EC RSSI -61 TYPE P SSID <broadcast>
[serial]   <- DEV 6C:8D:77:7F:F5:60 RSSI -79 TYPE B SSID Wi2eap
[serial]   <- DEV 6C:8D:77:7F:F5:61 RSSI -80 TYPE B SSID eduroam
[serial]   <- DEV 6C:8D:77:7F:F5:62 RSSI -80 TYPE B SSID odins-1x
[serial]   <- DEV 6C:8D:77:7F:F5:64 RSSI -83 TYPE B SSID odins-visitor-1x
[serial]   <- DEV 6C:E4:DA:15:56:66 RSSI -70 TYPE B SSID aterm-7ab32d-g
[serial]   <- DEV 72:2F:DE:82:8A:9B RSSI -64 TYPE P SSID <broadcast>
[serial]   <- DEV 80:91:33:12:D8:08 RSSI -49 TYPE B SSID DaikinAP53338
[serial]   <- DEV 80:91:33:13:1D:D3 RSSI -54 TYPE B SSID DaikinAP24806
[serial]   <- DEV 80:91:33:13:8E:70 RSSI -50 TYPE B SSID DaikinAP40122
[serial]   <- DEV 84:78:48:E4:53:E5 RSSI -69 TYPE B SSID <hidden>
[serial]   <- DEV 84:F1:47:17:04:A1 RSSI -79 TYPE B SSID eduroam
[serial]   <- DEV 84:F1:47:17:04:A2 RSSI -81 TYPE B SSID odins-1x
[serial]   <- DEV 84:F1:47:17:04:A3 RSSI -79 TYPE B SSID <hidden>
[serial]   <- DEV 84:F1:47:17:04:A4 RSSI -79 TYPE B SSID odins-visitor-1x
[serial]   <- DEV 84:F1:47:17:04:A5 RSSI -79 TYPE B SSID Wi2_OpenRoaming
[serial]   <- DEV 84:F1:47:33:74:60 RSSI -74 TYPE B SSID Wi2eap
[serial]   <- DEV 84:F1:47:33:74:61 RSSI -75 TYPE B SSID eduroam
[serial]   <- DEV 84:F1:47:33:74:62 RSSI -73 TYPE B SSID odins-1x
[serial]   <- DEV 84:F1:47:33:74:63 RSSI -75 TYPE B SSID <hidden>
[serial]   <- DEV 84:F1:47:33:74:64 RSSI -74 TYPE B SSID odins-visitor-1x
[serial]   <- DEV 84:F1:47:33:74:65 RSSI -73 TYPE B SSID Wi2_OpenRoaming
[serial]   <- DEV 8A:78:48:E4:53:E5 RSSI -72 TYPE B SSID Higashi-AX
[serial]   <- DEV 8E:78:48:E4:53:E5 RSSI -71 TYPE B SSID mc-lab-wireless
[serial]   <- DEV 92:06:41:05:DA:02 RSSI -62 TYPE P SSID <broadcast>
[serial]   <- DEV 9C:97:1B:38:60:30 RSSI -51 TYPE P SSID <broadcast>
[serial]   <- DEV AC:44:F2:54:D7:58 RSSI -77 TYPE B SSID waka-lab-2.4G
[serial]   <- DEV AC:44:F2:54:D7:59 RSSI -73 TYPE B SSID waka-lab-guest
[serial]   <- DEV B0:4E:26:F0:DE:8E RSSI -84 TYPE B SSID PerEnd_Air1
[serial]   <- DEV BC:C3:42:0E:54:30 RSSI -82 TYPE P SSID 001601C6DF45_G
[serial]   <- DEV BC:C3:42:20:D8:08 RSSI -74 TYPE P SSID Higashi-Lab-AM
[serial]   <- DEV C0:25:A2:F3:7B:5E RSSI -78 TYPE B SSID aterm-171a0c-g
[serial]   <- DEV C8:A3:E8:07:34:EB RSSI -80 TYPE P SSID <broadcast>
[serial]   <- DEV DE:92:21:C9:D8:36 RSSI -58 TYPE P SSID <broadcast>
[serial]   <- DEV E0:CB:BC:8B:AC:E3 RSSI -91 TYPE B SSID AiBS-OSAKA_Lab
[serial]   <- DEV F4:D1:08:B1:86:51 RSSI -77 TYPE B SSID DIRECT-Cynap-Pure-01097504-QsXw
[serial]   <- DEV F8:16:0C:3E:C4:E1 RSSI -77 TYPE B SSID eufy Clean-B-C4E1
[serial]   <- DEV FC:EE:11:04:15:ED RSSI -48 TYPE P SSID matsushita_lab
[serial]   <- SUMMARY DEVICES 65 CLOSE 25 FAR 40
[serial]   <- TARGET F4:BE:EC:1E:9D:AA NOTFOUND
[serial]   <- TARGET FA:13:E8:24:36:16 NOTFOUND
[serial]   <- END_SCAN
[serial] ----------------------------------------
[serial] 65‘ä‚ÌƒfƒoƒCƒX‚ğŒŸo
[serial] -> ƒeƒXƒgOK
[serial] ========================================
[serial] ========================================
[serial] WiFiÚ‘±Šm”FƒeƒXƒg
[serial] ========================================
[serial] ESP32 “dŒ¹ON...
[serial]   <- READY óM (412ms)
[serial] WiFiƒXƒLƒƒƒ“ŠJn (10•b)...
[serial]   <- OK SCAN 10000
[serial]   <- BEGIN_SCAN 10000 300
[serial]   <- DEV 00:1D:73:C9:61:B0 RSSI -84 TYPE P SSID c73f88_n
[serial]   <- DEV 00:24:A5:65:CD:C0 RSSI -55 TYPE B SSID matsushita_lab
[serial]   <- DEV 00:A5:54:D6:6D:E4 RSSI -49 TYPE P SSID DIRECT-
[serial]   <- DEV 04:D4:C4:C4:72:78 RSSI -79 TYPE B SSID research_ap
[serial]   <- DEV 18:EC:E7:25:6D:04 RSSI -84 TYPE B SSID Extender-G-6D04
[serial]   <- DEV 1A:92:66:2D:46:49 RSSI -61 TYPE B SSID Joshua
[serial]   <- DEV 2C:1A:05:D5:75:A0 RSSI -86 TYPE B SSID Wi2eap
[serial]   <- DEV 2C:1A:05:D5:9C:60 RSSI -55 TYPE B SSID Wi2eap
[serial]   <- DEV 2C:1A:05:D5:9C:61 RSSI -55 TYPE B SSID eduroam
[serial]   <- DEV 2C:1A:05:D5:9C:62 RSSI -55 TYPE B SSID odins-1x
[serial]   <- DEV 2C:1A:05:D5:9C:63 RSSI -55 TYPE B SSID <hidden>
[serial]   <- DEV 2C:1A:05:D5:9C:64 RSSI -55 TYPE B SSID odins-visitor-1x
[serial]   <- DEV 2C:1A:05:D5:9C:65 RSSI -55 TYPE B SSID Wi2_OpenRoaming
[serial]   <- DEV 38:18:68:13:C1:A3 RSSI -84 TYPE P SSID MiuraLab
[serial]   <- DEV 54:07:7D:78:2F:02 RSSI -72 TYPE B SSID melab-2g
[serial]   <- DEV 54:9B:49:3C:79:AA RSSI -80 TYPE B SSID MiuraLab
[serial]   <- DEV 5E:9B:49:3C:79:AA RSSI -79 TYPE B SSID <hidden>
[serial]   <- DEV 60:84:BD:F1:C5:28 RSSI -79 TYPE B SSID Buffalo-G-C528
[serial]   <- DEV 60:84:BD:F2:D3:40 RSSI -58 TYPE B SSID ap-2_bigdata-lab
[serial]   <- DEV 60:84:BD:F3:23:20 RSSI -60 TYPE B SSID ap-3_bigdata-lab
[serial]   <- DEV 60:84:BD:F3:69:30 RSSI -51 TYPE B SSID ap-1_bigdata-lab
[serial]   <- DEV 6C:8D:77:7F:F5:60 RSSI -81 TYPE B SSID Wi2eap
[serial]   <- DEV 6C:8D:77:7F:F5:61 RSSI -80 TYPE B SSID eduroam
[serial]   <- DEV 6C:8D:77:7F:F5:62 RSSI -83 TYPE B SSID odins-1x
[serial]   <- DEV 6C:8D:77:7F:F5:63 RSSI -81 TYPE B SSID <hidden>
[serial]   <- DEV 6C:8D:77:7F:F5:64 RSSI -81 TYPE B SSID odins-visitor-1x
[serial]   <- DEV 6C:E4:DA:15:56:66 RSSI -72 TYPE B SSID aterm-7ab32d-g
[serial]   <- DEV 80:91:33:12:D8:08 RSSI -48 TYPE B SSID DaikinAP53338
[serial]   <- DEV 80:91:33:13:1D:D3 RSSI -52 TYPE B SSID DaikinAP24806
[serial]   <- DEV 80:91:33:13:8E:70 RSSI -53 TYPE B SSID DaikinAP40122
[serial]   <- DEV 84:78:48:E4:53:E5 RSSI -72 TYPE B SSID <hidden>
[serial]   <- DEV 84:F1:47:17:04:A2 RSSI -81 TYPE B SSID odins-1x
[serial]   <- DEV 84:F1:47:17:04:A3 RSSI -81 TYPE B SSID <hidden>
[serial]   <- DEV 84:F1:47:17:04:A4 RSSI -83 TYPE B SSID odins-visitor-1x
[serial]   <- DEV 84:F1:47:17:04:A5 RSSI -82 TYPE B SSID Wi2_OpenRoaming
[serial]   <- DEV 84:F1:47:33:74:60 RSSI -73 TYPE B SSID Wi2eap
[serial]   <- DEV 84:F1:47:33:74:61 RSSI -73 TYPE B SSID eduroam
[serial]   <- DEV 84:F1:47:33:74:62 RSSI -73 TYPE B SSID odins-1x
[serial]   <- DEV 84:F1:47:33:74:63 RSSI -72 TYPE B SSID <hidden>
[serial]   <- DEV 84:F1:47:33:74:64 RSSI -76 TYPE B SSID odins-visitor-1x
[serial]   <- DEV 84:F1:47:33:74:65 RSSI -73 TYPE B SSID Wi2_OpenRoaming
[serial]   <- DEV 8A:78:48:E4:53:E5 RSSI -74 TYPE B SSID Higashi-AX
[serial]   <- DEV 8E:78:48:E4:53:E5 RSSI -72 TYPE B SSID mc-lab-wireless
[serial]   <- DEV 9E:A6:7E:74:8A:D5 RSSI -82 TYPE B SSID <hidden>
[serial]   <- DEV AC:44:F2:54:D7:58 RSSI -75 TYPE B SSID waka-lab-2.4G
[serial]   <- DEV AC:44:F2:54:D7:59 RSSI -76 TYPE B SSID waka-lab-guest
[serial]   <- DEV AC:44:F2:73:1F:09 RSSI -73 TYPE B SSID C715-g
[serial]   <- DEV B6:4E:26:F0:DE:8F RSSI -85 TYPE B SSID PerEnd_Guest
[serial]   <- DEV BC:C3:42:0E:54:30 RSSI -81 TYPE P SSID 001601C6DF45_G
[serial]   <- DEV BC:C3:42:20:D8:08 RSSI -75 TYPE P SSID Higashi-Lab-AM
[serial]   <- DEV DA:FB:B3:80:84:D6 RSSI -72 TYPE B SSID <hidden>
[serial]   <- DEV EC:F0:0E:63:8A:59 RSSI -80 TYPE P SSID <broadcast>
[serial]   <- DEV F4:D1:08:B1:86:51 RSSI -77 TYPE B SSID DIRECT-Cynap-Pure-01097504-QsXw
[serial]   <- DEV F8:16:0C:3E:C4:E1 RSSI -80 TYPE B SSID eufy Clean-B-C4E1
[serial]   <- SUMMARY DEVICES 54 CLOSE 15 FAR 39
[serial]   <- TARGET F4:BE:EC:1E:9D:AA NOTFOUND
[serial]   <- TARGET FA:13:E8:24:36:16 NOTFOUND
[serial]   <- END_SCAN
[serial] ----------------------------------------
[serial] 54‘ä‚ÌƒfƒoƒCƒX‚ğŒŸo
[serial] -> ƒeƒXƒgOK
{"pair_id": 2, "v5_port": "COM25", "upload": {"cmd": "arduino-cli compile --fqbn adafruit:nrf52:feather52840 -u -p COM26 C:\\Users\\tsune\\logbot\\LogbotArduinoCode\\logbot-v5\\v5_umineko_wifi_2026\\nrf_wifi_connection_test", "v5_port_arg": "COM25", "trigger_1200_baud": true, "dfu_port_detected": "COM26", "upload_port_used": "COM26", "returncode": 0, "success": true, "failure_marker": null, "stdout_tail": ["Sketch uses 54992 bytes (6%) of program storage space. Maximum is 815104 bytes.", "Global variables use 8220 bytes (3%) of dynamic memory, leaving 229348 bytes for local variables. Maximum is 237568 bytes.", "Upgrading target on COM26 with DFU package C:\\Users\\tsune\\AppData\\Local\\arduino\\sketches\\EA89A51AC28C3851A7CADCDE3FE70ED5\\nrf_wifi_connection_test.ino.zip. Flow control is disabled, Single bank, Touch disabled", "########################################", "########################################", "############################", "Activating new firmware", "Device programmed."], "stderr_tail": []}, "duration_sec": 90.0, "min_testok": 3, "ok_count": 3, "last_error": "", "log_line_count": 225, "pass": true, "verify_path": "C:\\Users\\tsune\\current_measurement\\screening\\data\\screening_pair02_20260716-191723_verify.json", "log_tail": [{"ts": "2026-07-16T19:23:06.773", "line": "  <- DEV AC:44:F2:73:1F:09 RSSI -73 TYPE B SSID C715-g"}, {"ts": "2026-07-16T19:23:06.831", "line": "  <- DEV B6:4E:26:F0:DE:8F RSSI -85 TYPE B SSID PerEnd_Guest"}, {"ts": "2026-07-16T19:23:06.890", "line": "  <- DEV BC:C3:42:0E:54:30 RSSI -81 TYPE P SSID 001601C6DF45_G"}, {"ts": "2026-07-16T19:23:07.005", "line": "  <- DEV BC:C3:42:20:D8:08 RSSI -75 TYPE P SSID Higashi-Lab-AM"}, {"ts": "2026-07-16T19:23:07.006", "line": "  <- DEV DA:FB:B3:80:84:D6 RSSI -72 TYPE B SSID <hidden>"}, {"ts": "2026-07-16T19:23:07.086", "line": "  <- DEV EC:F0:0E:63:8A:59 RSSI -80 TYPE P SSID <broadcast>"}, {"ts": "2026-07-16T19:23:07.088", "line": "  <- DEV F4:D1:08:B1:86:51 RSSI -77 TYPE B SSID DIRECT-Cynap-Pure-01097504-QsXw"}, {"ts": "2026-07-16T19:23:07.214", "line": "  <- DEV F8:16:0C:3E:C4:E1 RSSI -80 TYPE B SSID eufy Clean-B-C4E1"}, {"ts": "2026-07-16T19:23:07.214", "line": "  <- SUMMARY DEVICES 54 CLOSE 15 FAR 39"}, {"ts": "2026-07-16T19:23:07.214", "line": "  <- TARGET F4:BE:EC:1E:9D:AA NOTFOUND"}, {"ts": "2026-07-16T19:23:07.260", "line": "  <- TARGET FA:13:E8:24:36:16 NOTFOUND"}, {"ts": "2026-07-16T19:23:07.260", "line": "  <- END_SCAN"}, {"ts": "2026-07-16T19:23:07.260", "line": "----------------------------------------"}, {"ts": "2026-07-16T19:23:07.260", "line": "54‘ä‚ÌƒfƒoƒCƒX‚ğŒŸo"}, {"ts": "2026-07-16T19:23:07.260", "line": "-> ƒeƒXƒgOK"}]}

[done] meta saved: C:\Users\tsune\current_measurement\screening\data\screening_pair02_20260716-191723_meta.json
[done] features saved: C:\Users\tsune\current_measurement\screening\data\screening_pair02_20260716-191723_features.json
{"pair_id": 2, "csv": "C:\\Users\\tsune\\current_measurement\\screening\\data\\screening_pair02_20260716-191723.csv", "baseline_median_mA": 0.2, "wifi_on_mean_mA": 139.65432675044883, "global_max_mA": 283.1, "dropout_ratio": 0.015241689065894515, "outlier": false, "reasons": [], "verify_pass": true, "verify_ok_count": 3, "verify_last_error": ""}
